66.249.66.28 - - [03/Feb/2018:02:42:44 -0500] "GET /foundation.php HTTP/1.0" 200 5884 "-" "Mozilla/5.0 (Linux; Android 6.0.1; Nexus 5X Build/MMB29P) AppleWebKit/537.36 (KHTML, like Gecko) Chrome/41.0.2272.96 Mobile Safari/537.36 (compatible; Googlebot/2.1; +http://www.google.com/bot.html)"
207.46.13.152 - - [03/Feb/2018:03:29:01 -0500] "GET /recreat.php HTTP/1.0" 200 6531 "-" "Mozilla/5.0 (iPhone; CPU iPhone OS 7_0 like Mac OS X) AppleWebKit/537.51.1 (KHTML, like Gecko) Version/7.0 Mobile/11A465 Safari/9537.53 (compatible; bingbot/2.0; +http://www.bing.com/bingbot.htm)"
207.46.13.24 - - [03/Feb/2018:04:41:46 -0500] "GET /pdf/acceptance.pdf HTTP/1.0" 200 388049 "-" "Mozilla/5.0 (iPhone; CPU iPhone OS 7_0 like Mac OS X) AppleWebKit/537.51.1 (KHTML, like Gecko) Version/7.0 Mobile/11A465 Safari/9537.53 (compatible; bingbot/2.0; +http://www.bing.com/bingbot.htm)"
207.46.13.160 - - [03/Feb/2018:04:59:10 -0500] "GET /viewpdf.php?doc=CI HTTP/1.0" 302 - "-" "Mozilla/5.0 (compatible; bingbot/2.0; +http://www.bing.com/bingbot.htm)"
207.46.13.160 - - [03/Feb/2018:04:59:11 -0500] "GET /login.php HTTP/1.0" 200 7861 "-" "Mozilla/5.0 (compatible; bingbot/2.0; +http://www.bing.com/bingbot.htm)"
66.249.66.28 - - [03/Feb/2018:05:02:57 -0500] "GET /intl-school.php HTTP/1.0" 200 9636 "-" "Mozilla/5.0 (Linux; Android 6.0.1; Nexus 5X Build/MMB29P) AppleWebKit/537.36 (KHTML, like Gecko) Chrome/41.0.2272.96 Mobile Safari/537.36 (compatible; Googlebot/2.1; +http://www.google.com/bot.html)"
66.249.66.159 - - [03/Feb/2018:05:42:29 -0500] "GET / HTTP/1.0" 200 18370 "-" "Mozilla/5.0 (compatible; Googlebot/2.1; +http://www.google.com/bot.html)"
66.249.66.159 - - [03/Feb/2018:05:43:12 -0500] "GET /css/style3.css HTTP/1.0" 200 2565 "http://scimorestest.com/" "Mozilla/5.0 (compatible; Googlebot/2.1; +http://www.google.com/bot.html)"
66.249.66.129 - - [03/Feb/2018:05:43:12 -0500] "GET /css/vegas.css HTTP/1.0" 200 15633 "http://scimorestest.com/" "Mozilla/5.0 (compatible; Googlebot/2.1; +http://www.google.com/bot.html)"
66.249.66.158 - - [03/Feb/2018:05:43:14 -0500] "GET /css/menu.css HTTP/1.0" 200 982 "http://scimorestest.com/" "Mozilla/5.0 (compatible; Googlebot/2.1; +http://www.google.com/bot.html)"
66.249.66.158 - - [03/Feb/2018:05:41:53 -0500] "GET /css/labels-font.css HTTP/1.0" 200 4734 "http://scimorestest.com/" "Mozilla/5.0 (compatible; Googlebot/2.1; +http://www.google.com/bot.html)"
66.249.66.158 - - [03/Feb/2018:05:43:19 -0500] "GET /flash/logo.swf HTTP/1.0" 200 10808 "-" "Mozilla/5.0 (compatible; Googlebot/2.1; +http://www.google.com/bot.html)"
66.249.66.159 - - [03/Feb/2018:05:57:07 -0500] "GET /press.php HTTP/1.0" 200 5891 "-" "Mozilla/5.0 (Linux; Android 6.0.1; Nexus 5X Build/MMB29P) AppleWebKit/537.36 (KHTML, like Gecko) Chrome/41.0.2272.96 Mobile Safari/537.36 (compatible; Googlebot/2.1; +http://www.google.com/bot.html)"
207.46.13.160 - - [03/Feb/2018:06:37:29 -0500] "GET /academy.php HTTP/1.0" 200 11310 "-" "Mozilla/5.0 (compatible; bingbot/2.0; +http://www.bing.com/bingbot.htm)"
207.46.13.24 - - [03/Feb/2018:06:40:32 -0500] "GET /foundation.php HTTP/1.0" 200 5884 "-" "Mozilla/5.0 (iPhone; CPU iPhone OS 7_0 like Mac OS X) AppleWebKit/537.51.1 (KHTML, like Gecko) Version/7.0 Mobile/11A465 Safari/9537.53 (compatible; bingbot/2.0; +http://www.bing.com/bingbot.htm)"
207.46.13.24 - - [03/Feb/2018:06:42:13 -0500] "GET /css/default.css HTTP/1.0" 200 1164 "-" "Mozilla/5.0 (iPhone; CPU iPhone OS 7_0 like Mac OS X) AppleWebKit/537.51.1 (KHTML, like Gecko) Version/7.0 Mobile/11A465 Safari/9537.53 (compatible; bingbot/2.0; +http://www.bing.com/bingbot.htm)"
207.46.13.24 - - [03/Feb/2018:06:40:52 -0500] "GET /css/dropdown.css HTTP/1.0" 200 1861 "-" "Mozilla/5.0 (iPhone; CPU iPhone OS 7_0 like Mac OS X) AppleWebKit/537.51.1 (KHTML, like Gecko) Version/7.0 Mobile/11A465 Safari/9537.53 (compatible; bingbot/2.0; +http://www.bing.com/bingbot.htm)"
207.46.13.152 - - [03/Feb/2018:06:42:15 -0500] "GET /css/dropdown.vertical.css HTTP/1.0" 200 912 "-" "Mozilla/5.0 (iPhone; CPU iPhone OS 7_0 like Mac OS X) AppleWebKit/537.51.1 (KHTML, like Gecko) Version/7.0 Mobile/11A465 Safari/9537.53 (compatible; bingbot/2.0; +http://www.bing.com/bingbot.htm)"
207.46.13.160 - - [03/Feb/2018:06:40:56 -0500] "GET /flash/logo.swf HTTP/1.0" 200 10808 "-" "Mozilla/5.0 (iPhone; CPU iPhone OS 7_0 like Mac OS X) AppleWebKit/537.51.1 (KHTML, like Gecko) Version/7.0 Mobile/11A465 Safari/9537.53 (compatible; bingbot/2.0; +http://www.bing.com/bingbot.htm)"
207.46.13.160 - - [03/Feb/2018:06:42:18 -0500] "GET /css/template_sci.css HTTP/1.0" 200 26687 "-" "Mozilla/5.0 (iPhone; CPU iPhone OS 7_0 like Mac OS X) AppleWebKit/537.51.1 (KHTML, like Gecko) Version/7.0 Mobile/11A465 Safari/9537.53 (compatible; bingbot/2.0; +http://www.bing.com/bingbot.htm)"
207.46.13.100 - - [03/Feb/2018:09:17:44 -0500] "GET /privacy.php HTTP/1.0" 200 5893 "-" "Mozilla/5.0 (iPhone; CPU iPhone OS 7_0 like Mac OS X) AppleWebKit/537.51.1 (KHTML, like Gecko) Version/7.0 Mobile/11A465 Safari/9537.53 (compatible; bingbot/2.0; +http://www.bing.com/bingbot.htm)"
187.131.37.248 - - [03/Feb/2018:09:38:03 -0500] "GET / HTTP/1.0" 200 18370 "http://scimorestest.com.seocheckupx.net" "Mozilla/5.0 (Windows NT 6.1; WOW64) AppleWebKit/537.36 (KHTML, like Gecko) Chrome/36.0.1985.143 Safari/537.36"
187.131.37.248 - - [03/Feb/2018:09:38:04 -0500] "GET /css/menu.css HTTP/1.0" 200 982 "http://scimorestest.com/" "Mozilla/5.0 (Windows NT 6.1; WOW64) AppleWebKit/537.36 (KHTML, like Gecko) Chrome/36.0.1985.143 Safari/537.36"
187.131.37.248 - - [03/Feb/2018:09:38:04 -0500] "GET /css/template_sci.css HTTP/1.0" 200 26687 "http://scimorestest.com/" "Mozilla/5.0 (Windows NT 6.1; WOW64) AppleWebKit/537.36 (KHTML, like Gecko) Chrome/36.0.1985.143 Safari/537.36"
187.131.37.248 - - [03/Feb/2018:09:38:04 -0500] "GET /css/labels-font.css HTTP/1.0" 200 4734 "http://scimorestest.com/" "Mozilla/5.0 (Windows NT 6.1; WOW64) AppleWebKit/537.36 (KHTML, like Gecko) Chrome/36.0.1985.143 Safari/537.36"
187.131.37.248 - - [03/Feb/2018:09:38:04 -0500] "GET /css/style3.css HTTP/1.0" 200 2565 "http://scimorestest.com/" "Mozilla/5.0 (Windows NT 6.1; WOW64) AppleWebKit/537.36 (KHTML, like Gecko) Chrome/36.0.1985.143 Safari/537.36"
187.131.37.248 - - [03/Feb/2018:09:36:43 -0500] "GET /css/vegas.css HTTP/1.0" 200 15633 "http://scimorestest.com/" "Mozilla/5.0 (Windows NT 6.1; WOW64) AppleWebKit/537.36 (KHTML, like Gecko) Chrome/36.0.1985.143 Safari/537.36"
187.131.37.248 - - [03/Feb/2018:09:36:43 -0500] "GET /css/dropdown.vertical.css HTTP/1.0" 200 912 "http://scimorestest.com/" "Mozilla/5.0 (Windows NT 6.1; WOW64) AppleWebKit/537.36 (KHTML, like Gecko) Chrome/36.0.1985.143 Safari/537.36"
187.131.37.248 - - [03/Feb/2018:09:38:04 -0500] "GET /css/default.css HTTP/1.0" 200 1164 "http://scimorestest.com/" "Mozilla/5.0 (Windows NT 6.1; WOW64) AppleWebKit/537.36 (KHTML, like Gecko) Chrome/36.0.1985.143 Safari/537.36"
187.131.37.248 - - [03/Feb/2018:09:38:04 -0500] "GET /js/ddaccordion.js HTTP/1.0" 200 12534 "http://scimorestest.com/" "Mozilla/5.0 (Windows NT 6.1; WOW64) AppleWebKit/537.36 (KHTML, like Gecko) Chrome/36.0.1985.143 Safari/537.36"
187.131.37.248 - - [03/Feb/2018:09:38:04 -0500] "GET /css/dropdown.css HTTP/1.0" 200 1861 "http://scimorestest.com/" "Mozilla/5.0 (Windows NT 6.1; WOW64) AppleWebKit/537.36 (KHTML, like Gecko) Chrome/36.0.1985.143 Safari/537.36"
187.131.37.248 - - [03/Feb/2018:09:38:04 -0500] "GET /js/vegas.js HTTP/1.0" 200 25627 "http://scimorestest.com/" "Mozilla/5.0 (Windows NT 6.1; WOW64) AppleWebKit/537.36 (KHTML, like Gecko) Chrome/36.0.1985.143 Safari/537.36"
187.131.37.248 - - [03/Feb/2018:09:38:04 -0500] "GET /css/helper.css HTTP/1.0" 404 575 "http://scimorestest.com/" "Mozilla/5.0 (Windows NT 6.1; WOW64) AppleWebKit/537.36 (KHTML, like Gecko) Chrome/36.0.1985.143 Safari/537.36"
187.131.37.248 - - [03/Feb/2018:09:38:04 -0500] "GET /images/shadow_bg.png HTTP/1.0" 200 134 "http://scimorestest.com/" "Mozilla/5.0 (Windows NT 6.1; WOW64) AppleWebKit/537.36 (KHTML, like Gecko) Chrome/36.0.1985.143 Safari/537.36"
187.131.37.248 - - [03/Feb/2018:09:38:04 -0500] "GET /images/bullat.png HTTP/1.0" 404 575 "http://scimorestest.com/" "Mozilla/5.0 (Windows NT 6.1; WOW64) AppleWebKit/537.36 (KHTML, like Gecko) Chrome/36.0.1985.143 Safari/537.36"
187.131.37.248 - - [03/Feb/2018:09:38:04 -0500] "GET /images/navi_inner_bg.gif HTTP/1.0" 200 8641 "http://scimorestest.com/" "Mozilla/5.0 (Windows NT 6.1; WOW64) AppleWebKit/537.36 (KHTML, like Gecko) Chrome/36.0.1985.143 Safari/537.36"
187.131.37.248 - - [03/Feb/2018:09:36:43 -0500] "GET /images/line_3.png HTTP/1.0" 200 487 "http://scimorestest.com/" "Mozilla/5.0 (Windows NT 6.1; WOW64) AppleWebKit/537.36 (KHTML, like Gecko) Chrome/36.0.1985.143 Safari/537.36"
187.131.37.248 - - [03/Feb/2018:09:38:04 -0500] "GET /images/split_line.png HTTP/1.0" 200 130 "http://scimorestest.com/" "Mozilla/5.0 (Windows NT 6.1; WOW64) AppleWebKit/537.36 (KHTML, like Gecko) Chrome/36.0.1985.143 Safari/537.36"
187.131.37.248 - - [03/Feb/2018:09:38:05 -0500] "GET /images/auditorium-thumb.png HTTP/1.0" 200 514086 "http://scimorestest.com/" "Mozilla/5.0 (Windows NT 6.1; WOW64) AppleWebKit/537.36 (KHTML, like Gecko) Chrome/36.0.1985.143 Safari/537.36"
187.131.37.248 - - [03/Feb/2018:09:38:05 -0500] "GET /images/intl_thumb.png HTTP/1.0" 200 231779 "http://scimorestest.com/" "Mozilla/5.0 (Windows NT 6.1; WOW64) AppleWebKit/537.36 (KHTML, like Gecko) Chrome/36.0.1985.143 Safari/537.36"
187.131.37.248 - - [03/Feb/2018:09:38:05 -0500] "GET /images/goldlip_thumb.png HTTP/1.0" 200 238127 "http://scimorestest.com/" "Mozilla/5.0 (Windows NT 6.1; WOW64) AppleWebKit/537.36 (KHTML, like Gecko) Chrome/36.0.1985.143 Safari/537.36"
187.131.37.248 - - [03/Feb/2018:09:38:04 -0500] "GET /images/auditorium.png HTTP/1.0" 200 3872702 "http://scimorestest.com/" "Mozilla/5.0 (Windows NT 6.1; WOW64) AppleWebKit/537.36 (KHTML, like Gecko) Chrome/36.0.1985.143 Safari/537.36"
187.131.37.248 - - [03/Feb/2018:09:38:15 -0500] "GET /images/shutterstock.jpg HTTP/1.0" 200 2779012 "http://scimorestest.com/" "Mozilla/5.0 (Windows NT 6.1; WOW64) AppleWebKit/537.36 (KHTML, like Gecko) Chrome/36.0.1985.143 Safari/537.36"
187.131.37.248 - - [03/Feb/2018:09:38:10 -0500] "GET /images/shutterstock_1.jpg HTTP/1.0" 200 6093397 "http://scimorestest.com/" "Mozilla/5.0 (Windows NT 6.1; WOW64) AppleWebKit/537.36 (KHTML, like Gecko) Chrome/36.0.1985.143 Safari/537.36"
40.77.177.123 - - [03/Feb/2018:10:18:58 -0500] "GET /css/dropdown.css HTTP/1.0" 200 1861 "http://scimorestest.com/privacy.php" "Mozilla/5.0 (iPhone; CPU iPhone OS 7_0 like Mac OS X) AppleWebKit/537.51.1 (KHTML, like Gecko) Version/7.0 Mobile/11A465 Safari/9537.53 BingPreview/1.0b"
40.77.177.123 - - [03/Feb/2018:10:18:58 -0500] "GET /css/template_sci.css HTTP/1.0" 200 26687 "http://scimorestest.com/privacy.php" "Mozilla/5.0 (iPhone; CPU iPhone OS 7_0 like Mac OS X) AppleWebKit/537.51.1 (KHTML, like Gecko) Version/7.0 Mobile/11A465 Safari/9537.53 BingPreview/1.0b"
40.77.177.123 - - [03/Feb/2018:10:19:19 -0500] "GET /images/shadow_bg.png HTTP/1.0" 200 134 "http://scimorestest.com/privacy.php" "Mozilla/5.0 (iPhone; CPU iPhone OS 7_0 like Mac OS X) AppleWebKit/537.51.1 (KHTML, like Gecko) Version/7.0 Mobile/11A465 Safari/9537.53 BingPreview/1.0b"
40.77.177.123 - - [03/Feb/2018:10:17:58 -0500] "GET /images/portfolio.jpg HTTP/1.0" 200 78185 "http://scimorestest.com/privacy.php" "Mozilla/5.0 (iPhone; CPU iPhone OS 7_0 like Mac OS X) AppleWebKit/537.51.1 (KHTML, like Gecko) Version/7.0 Mobile/11A465 Safari/9537.53 BingPreview/1.0b"
40.77.177.123 - - [03/Feb/2018:10:17:58 -0500] "GET /images/navi_inner_bg.gif HTTP/1.0" 200 8641 "http://scimorestest.com/privacy.php" "Mozilla/5.0 (iPhone; CPU iPhone OS 7_0 like Mac OS X) AppleWebKit/537.51.1 (KHTML, like Gecko) Version/7.0 Mobile/11A465 Safari/9537.53 BingPreview/1.0b"
40.77.177.123 - - [03/Feb/2018:10:19:20 -0500] "GET /images/split_line.png HTTP/1.0" 200 130 "http://scimorestest.com/privacy.php" "Mozilla/5.0 (iPhone; CPU iPhone OS 7_0 like Mac OS X) AppleWebKit/537.51.1 (KHTML, like Gecko) Version/7.0 Mobile/11A465 Safari/9537.53 BingPreview/1.0b"
40.77.177.123 - - [03/Feb/2018:10:19:20 -0500] "GET /images/content_inner_bg.png HTTP/1.0" 200 1239 "http://scimorestest.com/privacy.php" "Mozilla/5.0 (iPhone; CPU iPhone OS 7_0 like Mac OS X) AppleWebKit/537.51.1 (KHTML, like Gecko) Version/7.0 Mobile/11A465 Safari/9537.53 BingPreview/1.0b"
40.77.177.123 - - [03/Feb/2018:10:19:20 -0500] "GET /flash/logo.swf HTTP/1.0" 200 10808 "http://scimorestest.com/flash/logo.swf" "Mozilla/5.0 (iPhone; CPU iPhone OS 7_0 like Mac OS X) AppleWebKit/537.51.1 (KHTML, like Gecko) Version/7.0 Mobile/11A465 Safari/9537.53 BingPreview/1.0b"
207.46.13.100 - - [03/Feb/2018:10:58:58 -0500] "GET /news.php HTTP/1.0" 200 15585 "-" "Mozilla/5.0 (iPhone; CPU iPhone OS 7_0 like Mac OS X) AppleWebKit/537.51.1 (KHTML, like Gecko) Version/7.0 Mobile/11A465 Safari/9537.53 (compatible; bingbot/2.0; +http://www.bing.com/bingbot.htm)"
207.46.13.100 - - [03/Feb/2018:10:58:37 -0500] "GET /css/helper.css HTTP/1.0" 404 575 "-" "Mozilla/5.0 (iPhone; CPU iPhone OS 7_0 like Mac OS X) AppleWebKit/537.51.1 (KHTML, like Gecko) Version/7.0 Mobile/11A465 Safari/9537.53 (compatible; bingbot/2.0; +http://www.bing.com/bingbot.htm)"
207.46.13.100 - - [03/Feb/2018:10:58:37 -0500] "GET /js/switchcontent.js HTTP/1.0" 200 14914 "-" "Mozilla/5.0 (iPhone; CPU iPhone OS 7_0 like Mac OS X) AppleWebKit/537.51.1 (KHTML, like Gecko) Version/7.0 Mobile/11A465 Safari/9537.53 (compatible; bingbot/2.0; +http://www.bing.com/bingbot.htm)"
207.46.13.160 - - [03/Feb/2018:10:58:39 -0500] "GET /images/bullat.png HTTP/1.0" 404 575 "-" "Mozilla/5.0 (iPhone; CPU iPhone OS 7_0 like Mac OS X) AppleWebKit/537.51.1 (KHTML, like Gecko) Version/7.0 Mobile/11A465 Safari/9537.53 (compatible; bingbot/2.0; +http://www.bing.com/bingbot.htm)"
207.46.13.160 - - [03/Feb/2018:11:00:00 -0500] "GET /images/news.jpg HTTP/1.0" 200 166457 "-" "Mozilla/5.0 (iPhone; CPU iPhone OS 7_0 like Mac OS X) AppleWebKit/537.51.1 (KHTML, like Gecko) Version/7.0 Mobile/11A465 Safari/9537.53 (compatible; bingbot/2.0; +http://www.bing.com/bingbot.htm)"
207.46.13.160 - - [03/Feb/2018:11:00:01 -0500] "GET /js/ddaccordion.js HTTP/1.0" 200 12534 "-" "Mozilla/5.0 (iPhone; CPU iPhone OS 7_0 like Mac OS X) AppleWebKit/537.51.1 (KHTML, like Gecko) Version/7.0 Mobile/11A465 Safari/9537.53 (compatible; bingbot/2.0; +http://www.bing.com/bingbot.htm)"
66.249.66.30 - - [03/Feb/2018:13:10:49 -0500] "GET /robots.txt HTTP/1.0" 404 575 "-" "Mozilla/5.0 (compatible; Googlebot/2.1; +http://www.google.com/bot.html)"
66.249.66.30 - - [03/Feb/2018:13:10:49 -0500] "GET /pdf/viewEB5.pdf HTTP/1.0" 200 62091841 "-" "Mozilla/5.0 (compatible; Googlebot/2.1; +http://www.google.com/bot.html)"
199.30.24.199 - - [03/Feb/2018:13:49:01 -0500] "GET /foundation.php HTTP/1.0" 200 5884 "-" "Mozilla/5.0 (iPhone; CPU iPhone OS 7_0 like Mac OS X) AppleWebKit/537.51.1 (KHTML, like Gecko) Version/7.0 Mobile/11A465 Safari/9537.53 BingPreview/1.0b"
207.46.13.100 - - [03/Feb/2018:13:49:02 -0500] "GET /robots.txt HTTP/1.0" 404 575 "-" "Mozilla/5.0 (compatible; bingbot/2.0; +http://www.bing.com/bingbot.htm)"
199.30.24.199 - - [03/Feb/2018:13:49:11 -0500] "GET /css/dropdown.vertical.css HTTP/1.0" 200 912 "-" "Mozilla/5.0 (iPhone; CPU iPhone OS 7_0 like Mac OS X) AppleWebKit/537.51.1 (KHTML, like Gecko) Version/7.0 Mobile/11A465 Safari/9537.53 BingPreview/1.0b"
199.30.24.199 - - [03/Feb/2018:13:49:11 -0500] "GET /css/default.css HTTP/1.0" 200 1164 "-" "Mozilla/5.0 (iPhone; CPU iPhone OS 7_0 like Mac OS X) AppleWebKit/537.51.1 (KHTML, like Gecko) Version/7.0 Mobile/11A465 Safari/9537.53 BingPreview/1.0b"
199.30.24.199 - - [03/Feb/2018:13:49:24 -0500] "GET /images/portfolio.jpg HTTP/1.0" 200 78185 "-" "Mozilla/5.0 (iPhone; CPU iPhone OS 7_0 like Mac OS X) AppleWebKit/537.51.1 (KHTML, like Gecko) Version/7.0 Mobile/11A465 Safari/9537.53 BingPreview/1.0b"
199.30.24.199 - - [03/Feb/2018:13:49:26 -0500] "GET /images/shadow_bg.png HTTP/1.0" 200 134 "-" "Mozilla/5.0 (iPhone; CPU iPhone OS 7_0 like Mac OS X) AppleWebKit/537.51.1 (KHTML, like Gecko) Version/7.0 Mobile/11A465 Safari/9537.53 BingPreview/1.0b"
199.30.24.199 - - [03/Feb/2018:13:48:07 -0500] "GET /images/navi_inner_bg.gif HTTP/1.0" 200 8641 "-" "Mozilla/5.0 (iPhone; CPU iPhone OS 7_0 like Mac OS X) AppleWebKit/537.51.1 (KHTML, like Gecko) Version/7.0 Mobile/11A465 Safari/9537.53 BingPreview/1.0b"
199.30.24.199 - - [03/Feb/2018:13:49:29 -0500] "GET /images/bullat.png HTTP/1.0" 404 575 "-" "Mozilla/5.0 (iPhone; CPU iPhone OS 7_0 like Mac OS X) AppleWebKit/537.51.1 (KHTML, like Gecko) Version/7.0 Mobile/11A465 Safari/9537.53 BingPreview/1.0b"
199.30.24.199 - - [03/Feb/2018:13:48:12 -0500] "GET /images/line_3.png HTTP/1.0" 200 487 "-" "Mozilla/5.0 (iPhone; CPU iPhone OS 7_0 like Mac OS X) AppleWebKit/537.51.1 (KHTML, like Gecko) Version/7.0 Mobile/11A465 Safari/9537.53 BingPreview/1.0b"
199.30.24.199 - - [03/Feb/2018:13:49:35 -0500] "GET /images/split_line.png HTTP/1.0" 200 130 "-" "Mozilla/5.0 (iPhone; CPU iPhone OS 7_0 like Mac OS X) AppleWebKit/537.51.1 (KHTML, like Gecko) Version/7.0 Mobile/11A465 Safari/9537.53 BingPreview/1.0b"
199.30.24.199 - - [03/Feb/2018:13:49:36 -0500] "GET /images/content_inner_bg.png HTTP/1.0" 200 1239 "-" "Mozilla/5.0 (iPhone; CPU iPhone OS 7_0 like Mac OS X) AppleWebKit/537.51.1 (KHTML, like Gecko) Version/7.0 Mobile/11A465 Safari/9537.53 BingPreview/1.0b"
207.46.13.133 - - [03/Feb/2018:14:02:21 -0500] "GET /overview.php HTTP/1.0" 200 7252 "-" "Mozilla/5.0 (iPhone; CPU iPhone OS 7_0 like Mac OS X) AppleWebKit/537.51.1 (KHTML, like Gecko) Version/7.0 Mobile/11A465 Safari/9537.53 (compatible; bingbot/2.0; +http://www.bing.com/bingbot.htm)"
207.46.13.133 - - [03/Feb/2018:14:13:44 -0500] "GET /images/company.jpg HTTP/1.0" 200 273572 "-" "Mozilla/5.0 (iPhone; CPU iPhone OS 7_0 like Mac OS X) AppleWebKit/537.51.1 (KHTML, like Gecko) Version/7.0 Mobile/11A465 Safari/9537.53 (compatible; bingbot/2.0; +http://www.bing.com/bingbot.htm)"
66.249.66.129 - - [03/Feb/2018:19:54:02 -0500] "GET /robots.txt HTTP/1.0" 404 575 "-" "Mozilla/5.0 (compatible; Googlebot/2.1; +http://www.google.com/bot.html)"
66.249.66.159 - - [03/Feb/2018:19:54:02 -0500] "GET / HTTP/1.0" 200 18370 "-" "Mozilla/5.0 (Linux; Android 6.0.1; Nexus 5X Build/MMB29P) AppleWebKit/537.36 (KHTML, like Gecko) Chrome/41.0.2272.96 Mobile Safari/537.36 (compatible; Googlebot/2.1; +http://www.google.com/bot.html)"
66.249.66.129 - - [03/Feb/2018:19:54:04 -0500] "GET /css/dropdown.vertical.css HTTP/1.0" 200 912 "http://scimorestest.com/" "Mozilla/5.0 (compatible; Googlebot/2.1; +http://www.google.com/bot.html)"
66.249.66.159 - - [03/Feb/2018:19:54:06 -0500] "GET /css/dropdown.css HTTP/1.0" 200 1861 "http://scimorestest.com/" "Mozilla/5.0 (compatible; Googlebot/2.1; +http://www.google.com/bot.html)"
66.249.66.159 - - [03/Feb/2018:19:52:45 -0500] "GET /css/template_sci.css HTTP/1.0" 200 26687 "http://scimorestest.com/" "Mozilla/5.0 (compatible; Googlebot/2.1; +http://www.google.com/bot.html)"
66.249.66.158 - - [03/Feb/2018:19:54:06 -0500] "GET /css/default.css HTTP/1.0" 200 1164 "http://scimorestest.com/" "Mozilla/5.0 (compatible; Googlebot/2.1; +http://www.google.com/bot.html)"
207.46.13.160 - - [03/Feb/2018:21:08:56 -0500] "GET /academy.php HTTP/1.0" 200 11310 "-" "Mozilla/5.0 (compatible; bingbot/2.0; +http://www.bing.com/bingbot.htm)"
207.46.13.133 - - [03/Feb/2018:21:12:05 -0500] "GET /images/current-profiles/14.png HTTP/1.0" 200 3872702 "-" "Mozilla/5.0 (compatible; bingbot/2.0; +http://www.bing.com/bingbot.htm)"
54.91.16.247 - - [03/Feb/2018:21:28:31 -0500] "HEAD / HTTP/1.0" 200 - "-" "Mozilla/5.0 (Macintosh; Intel Mac OS X 10_7_4) AppleWebKit/537.11 (KHTML, like Gecko)(compatible; http://url-validation.citygrid.com/) Chrome/23.0.1271.95 Safari/537.11"
131.253.27.49 - - [03/Feb/2018:21:37:45 -0500] "GET /css/template_sci.css HTTP/1.0" 200 26687 "-" "Mozilla/5.0 (Windows NT 6.1; WOW64) AppleWebKit/534+ (KHTML, like Gecko) BingPreview/1.0b"
131.253.27.102 - - [03/Feb/2018:21:37:45 -0500] "GET /css/dropdown.css HTTP/1.0" 200 1861 "-" "Mozilla/5.0 (Windows NT 6.1; WOW64) AppleWebKit/534+ (KHTML, like Gecko) BingPreview/1.0b"
131.253.25.164 - - [03/Feb/2018:21:37:45 -0500] "GET /css/dropdown.vertical.css HTTP/1.0" 200 912 "-" "Mozilla/5.0 (Windows NT 6.1; WOW64) AppleWebKit/534+ (KHTML, like Gecko) BingPreview/1.0b"
