24.19.171.81 - - [06/Jan/2018:21:07:10 -0500] "GET /images/intl_thumb.png HTTP/1.0" 304 - "http://scimorestest.com/" "Mozilla/5.0 (Macintosh; Intel Mac OS X 10_13_2) AppleWebKit/537.36 (KHTML, like Gecko) Chrome/63.0.3239.84 Safari/537.36"
24.19.171.81 - - [06/Jan/2018:21:07:10 -0500] "GET /images/auditorium-thumb.png HTTP/1.0" 304 - "http://scimorestest.com/" "Mozilla/5.0 (Macintosh; Intel Mac OS X 10_13_2) AppleWebKit/537.36 (KHTML, like Gecko) Chrome/63.0.3239.84 Safari/537.36"
24.19.171.81 - - [06/Jan/2018:21:05:48 -0500] "GET /images/goldlip_thumb.png HTTP/1.0" 304 - "http://scimorestest.com/" "Mozilla/5.0 (Macintosh; Intel Mac OS X 10_13_2) AppleWebKit/537.36 (KHTML, like Gecko) Chrome/63.0.3239.84 Safari/537.36"
24.19.171.81 - - [06/Jan/2018:21:07:10 -0500] "GET / HTTP/1.0" 200 15624 "-" "Mozilla/5.0 (Macintosh; Intel Mac OS X 10_13_2) AppleWebKit/537.36 (KHTML, like Gecko) Chrome/63.0.3239.84 Safari/537.36"
24.19.171.81 - - [06/Jan/2018:21:07:11 -0500] "GET /css/helper.css HTTP/1.0" 404 575 "http://scimorestest.com/" "Mozilla/5.0 (Macintosh; Intel Mac OS X 10_13_2) AppleWebKit/537.36 (KHTML, like Gecko) Chrome/63.0.3239.84 Safari/537.36"
24.19.171.81 - - [06/Jan/2018:21:07:11 -0500] "GET /images/bullat.png HTTP/1.0" 404 575 "http://scimorestest.com/css/template_sci.css" "Mozilla/5.0 (Macintosh; Intel Mac OS X 10_13_2) AppleWebKit/537.36 (KHTML, like Gecko) Chrome/63.0.3239.84 Safari/537.36"
24.19.171.81 - - [06/Jan/2018:21:12:35 -0500] "POST /fileman/fileman.cgi HTTP/1.0" 200 54 "https://0412e8e.netsolhost.com/fileman/fileman.cgi" "Mozilla/5.0 (Macintosh; Intel Mac OS X 10_13_2) AppleWebKit/537.36 (KHTML, like Gecko) Chrome/63.0.3239.84 Safari/537.36"
24.19.171.81 - - [06/Jan/2018:21:12:35 -0500] "POST /fileman/fileman.cgi?serial=CLBTzf8t HTTP/1.0" 200 98 "https://0412e8e.netsolhost.com/fileman/fileman.cgi" "Mozilla/5.0 (Macintosh; Intel Mac OS X 10_13_2) AppleWebKit/537.36 (KHTML, like Gecko) Chrome/63.0.3239.84 Safari/537.36"
24.19.171.81 - - [06/Jan/2018:21:13:57 -0500] "POST /fileman/fileman.cgi HTTP/1.0" 200 21573 "https://0412e8e.netsolhost.com/fileman/fileman.cgi" "Mozilla/5.0 (Macintosh; Intel Mac OS X 10_13_2) AppleWebKit/537.36 (KHTML, like Gecko) Chrome/63.0.3239.84 Safari/537.36"
24.19.171.81 - - [06/Jan/2018:21:14:02 -0500] "GET / HTTP/1.0" 200 15624 "-" "Mozilla/5.0 (Macintosh; Intel Mac OS X 10_13_2) AppleWebKit/537.36 (KHTML, like Gecko) Chrome/63.0.3239.84 Safari/537.36"
24.19.171.81 - - [06/Jan/2018:21:14:02 -0500] "GET /css/style3.css HTTP/1.0" 200 2595 "http://scimorestest.com/" "Mozilla/5.0 (Macintosh; Intel Mac OS X 10_13_2) AppleWebKit/537.36 (KHTML, like Gecko) Chrome/63.0.3239.84 Safari/537.36"
24.19.171.81 - - [06/Jan/2018:21:14:02 -0500] "GET /css/helper.css HTTP/1.0" 404 575 "http://scimorestest.com/" "Mozilla/5.0 (Macintosh; Intel Mac OS X 10_13_2) AppleWebKit/537.36 (KHTML, like Gecko) Chrome/63.0.3239.84 Safari/537.36"
24.19.171.81 - - [06/Jan/2018:21:14:02 -0500] "GET /images/auditorium-thumb.png HTTP/1.0" 200 514086 "http://scimorestest.com/" "Mozilla/5.0 (Macintosh; Intel Mac OS X 10_13_2) AppleWebKit/537.36 (KHTML, like Gecko) Chrome/63.0.3239.84 Safari/537.36"
24.19.171.81 - - [06/Jan/2018:21:14:02 -0500] "GET /images/intl_thumb.png HTTP/1.0" 304 - "http://scimorestest.com/" "Mozilla/5.0 (Macintosh; Intel Mac OS X 10_13_2) AppleWebKit/537.36 (KHTML, like Gecko) Chrome/63.0.3239.84 Safari/537.36"
24.19.171.81 - - [06/Jan/2018:21:14:02 -0500] "GET /images/goldlip_thumb.png HTTP/1.0" 304 - "http://scimorestest.com/" "Mozilla/5.0 (Macintosh; Intel Mac OS X 10_13_2) AppleWebKit/537.36 (KHTML, like Gecko) Chrome/63.0.3239.84 Safari/537.36"
24.19.171.81 - - [06/Jan/2018:21:14:02 -0500] "GET /images/bullat.png HTTP/1.0" 404 575 "http://scimorestest.com/css/template_sci.css" "Mozilla/5.0 (Macintosh; Intel Mac OS X 10_13_2) AppleWebKit/537.36 (KHTML, like Gecko) Chrome/63.0.3239.84 Safari/537.36"
24.19.171.81 - - [06/Jan/2018:21:14:24 -0500] "POST /fileman/fileman.cgi?serial=VwNS9om3 HTTP/1.0" 200 92 "https://0412e8e.netsolhost.com/fileman/fileman.cgi" "Mozilla/5.0 (Macintosh; Intel Mac OS X 10_13_2) AppleWebKit/537.36 (KHTML, like Gecko) Chrome/63.0.3239.84 Safari/537.36"
24.19.171.81 - - [06/Jan/2018:21:14:24 -0500] "POST /fileman/fileman.cgi HTTP/1.0" 200 54 "https://0412e8e.netsolhost.com/fileman/fileman.cgi" "Mozilla/5.0 (Macintosh; Intel Mac OS X 10_13_2) AppleWebKit/537.36 (KHTML, like Gecko) Chrome/63.0.3239.84 Safari/537.36"
24.19.171.81 - - [06/Jan/2018:21:14:24 -0500] "POST /fileman/fileman.cgi HTTP/1.0" 200 21573 "https://0412e8e.netsolhost.com/fileman/fileman.cgi" "Mozilla/5.0 (Macintosh; Intel Mac OS X 10_13_2) AppleWebKit/537.36 (KHTML, like Gecko) Chrome/63.0.3239.84 Safari/537.36"
24.19.171.81 - - [06/Jan/2018:21:14:35 -0500] "POST /fileman/fileman.cgi?serial=ShRiUp57 HTTP/1.0" 200 95 "https://0412e8e.netsolhost.com/fileman/fileman.cgi" "Mozilla/5.0 (Macintosh; Intel Mac OS X 10_13_2) AppleWebKit/537.36 (KHTML, like Gecko) Chrome/63.0.3239.84 Safari/537.36"
24.19.171.81 - - [06/Jan/2018:21:14:35 -0500] "POST /fileman/fileman.cgi HTTP/1.0" 200 54 "https://0412e8e.netsolhost.com/fileman/fileman.cgi" "Mozilla/5.0 (Macintosh; Intel Mac OS X 10_13_2) AppleWebKit/537.36 (KHTML, like Gecko) Chrome/63.0.3239.84 Safari/537.36"
24.19.171.81 - - [06/Jan/2018:21:14:36 -0500] "POST /fileman/fileman.cgi HTTP/1.0" 200 21573 "https://0412e8e.netsolhost.com/fileman/fileman.cgi" "Mozilla/5.0 (Macintosh; Intel Mac OS X 10_13_2) AppleWebKit/537.36 (KHTML, like Gecko) Chrome/63.0.3239.84 Safari/537.36"
24.19.171.81 - - [06/Jan/2018:21:14:40 -0500] "GET / HTTP/1.0" 200 15624 "-" "Mozilla/5.0 (Macintosh; Intel Mac OS X 10_13_2) AppleWebKit/537.36 (KHTML, like Gecko) Chrome/63.0.3239.84 Safari/537.36"
24.19.171.81 - - [06/Jan/2018:21:14:40 -0500] "GET /images/auditorium-thumb.png HTTP/1.0" 304 - "http://scimorestest.com/" "Mozilla/5.0 (Macintosh; Intel Mac OS X 10_13_2) AppleWebKit/537.36 (KHTML, like Gecko) Chrome/63.0.3239.84 Safari/537.36"
24.19.171.81 - - [06/Jan/2018:21:14:40 -0500] "GET /css/helper.css HTTP/1.0" 404 575 "http://scimorestest.com/" "Mozilla/5.0 (Macintosh; Intel Mac OS X 10_13_2) AppleWebKit/537.36 (KHTML, like Gecko) Chrome/63.0.3239.84 Safari/537.36"
24.19.171.81 - - [06/Jan/2018:21:14:40 -0500] "GET /images/bullat.png HTTP/1.0" 404 575 "http://scimorestest.com/css/template_sci.css" "Mozilla/5.0 (Macintosh; Intel Mac OS X 10_13_2) AppleWebKit/537.36 (KHTML, like Gecko) Chrome/63.0.3239.84 Safari/537.36"
24.19.171.81 - - [06/Jan/2018:21:13:22 -0500] "GET / HTTP/1.0" 200 15624 "-" "Mozilla/5.0 (Macintosh; Intel Mac OS X 10_13_2) AppleWebKit/537.36 (KHTML, like Gecko) Chrome/63.0.3239.84 Safari/537.36"
24.19.171.81 - - [06/Jan/2018:21:13:22 -0500] "GET /css/helper.css HTTP/1.0" 404 575 "http://scimorestest.com/" "Mozilla/5.0 (Macintosh; Intel Mac OS X 10_13_2) AppleWebKit/537.36 (KHTML, like Gecko) Chrome/63.0.3239.84 Safari/537.36"
24.19.171.81 - - [06/Jan/2018:21:14:44 -0500] "GET /images/bullat.png HTTP/1.0" 404 575 "http://scimorestest.com/css/template_sci.css" "Mozilla/5.0 (Macintosh; Intel Mac OS X 10_13_2) AppleWebKit/537.36 (KHTML, like Gecko) Chrome/63.0.3239.84 Safari/537.36"
24.19.171.81 - - [06/Jan/2018:21:13:25 -0500] "GET / HTTP/1.0" 200 15624 "-" "Mozilla/5.0 (Macintosh; Intel Mac OS X 10_13_2) AppleWebKit/537.36 (KHTML, like Gecko) Chrome/63.0.3239.84 Safari/537.36"
24.19.171.81 - - [06/Jan/2018:21:14:47 -0500] "GET /css/menu.css HTTP/1.0" 200 958 "http://scimorestest.com/" "Mozilla/5.0 (Macintosh; Intel Mac OS X 10_13_2) AppleWebKit/537.36 (KHTML, like Gecko) Chrome/63.0.3239.84 Safari/537.36"
24.19.171.81 - - [06/Jan/2018:21:13:26 -0500] "GET /css/template_sci.css HTTP/1.0" 200 26688 "http://scimorestest.com/" "Mozilla/5.0 (Macintosh; Intel Mac OS X 10_13_2) AppleWebKit/537.36 (KHTML, like Gecko) Chrome/63.0.3239.84 Safari/537.36"
24.19.171.81 - - [06/Jan/2018:21:14:47 -0500] "GET /css/style3.css HTTP/1.0" 200 2595 "http://scimorestest.com/" "Mozilla/5.0 (Macintosh; Intel Mac OS X 10_13_2) AppleWebKit/537.36 (KHTML, like Gecko) Chrome/63.0.3239.84 Safari/537.36"
24.19.171.81 - - [06/Jan/2018:21:13:26 -0500] "GET /css/labels-font.css HTTP/1.0" 200 4734 "http://scimorestest.com/" "Mozilla/5.0 (Macintosh; Intel Mac OS X 10_13_2) AppleWebKit/537.36 (KHTML, like Gecko) Chrome/63.0.3239.84 Safari/537.36"
24.19.171.81 - - [06/Jan/2018:21:13:26 -0500] "GET /css/dropdown.css HTTP/1.0" 200 1861 "http://scimorestest.com/" "Mozilla/5.0 (Macintosh; Intel Mac OS X 10_13_2) AppleWebKit/537.36 (KHTML, like Gecko) Chrome/63.0.3239.84 Safari/537.36"
24.19.171.81 - - [06/Jan/2018:21:14:47 -0500] "GET /css/vegas.css HTTP/1.0" 200 15633 "http://scimorestest.com/" "Mozilla/5.0 (Macintosh; Intel Mac OS X 10_13_2) AppleWebKit/537.36 (KHTML, like Gecko) Chrome/63.0.3239.84 Safari/537.36"
24.19.171.81 - - [06/Jan/2018:21:14:47 -0500] "GET /css/dropdown.vertical.css HTTP/1.0" 200 912 "http://scimorestest.com/" "Mozilla/5.0 (Macintosh; Intel Mac OS X 10_13_2) AppleWebKit/537.36 (KHTML, like Gecko) Chrome/63.0.3239.84 Safari/537.36"
24.19.171.81 - - [06/Jan/2018:21:14:47 -0500] "GET /js/ddaccordion.js HTTP/1.0" 200 12534 "http://scimorestest.com/" "Mozilla/5.0 (Macintosh; Intel Mac OS X 10_13_2) AppleWebKit/537.36 (KHTML, like Gecko) Chrome/63.0.3239.84 Safari/537.36"
24.19.171.81 - - [06/Jan/2018:21:14:47 -0500] "GET /css/default.css HTTP/1.0" 200 1164 "http://scimorestest.com/" "Mozilla/5.0 (Macintosh; Intel Mac OS X 10_13_2) AppleWebKit/537.36 (KHTML, like Gecko) Chrome/63.0.3239.84 Safari/537.36"
24.19.171.81 - - [06/Jan/2018:21:14:47 -0500] "GET /js/vegas.js HTTP/1.0" 200 25627 "http://scimorestest.com/" "Mozilla/5.0 (Macintosh; Intel Mac OS X 10_13_2) AppleWebKit/537.36 (KHTML, like Gecko) Chrome/63.0.3239.84 Safari/537.36"
24.19.171.81 - - [06/Jan/2018:21:14:48 -0500] "GET /css/helper.css HTTP/1.0" 404 575 "http://scimorestest.com/" "Mozilla/5.0 (Macintosh; Intel Mac OS X 10_13_2) AppleWebKit/537.36 (KHTML, like Gecko) Chrome/63.0.3239.84 Safari/537.36"
24.19.171.81 - - [06/Jan/2018:21:14:47 -0500] "GET / HTTP/1.0" 200 15624 "-" "Mozilla/5.0 (Macintosh; Intel Mac OS X 10_13_2) AppleWebKit/537.36 (KHTML, like Gecko) Chrome/63.0.3239.84 Safari/537.36"
24.19.171.81 - - [06/Jan/2018:21:13:26 -0500] "GET /images/auditorium-thumb.png HTTP/1.0" 200 514086 "http://scimorestest.com/" "Mozilla/5.0 (Macintosh; Intel Mac OS X 10_13_2) AppleWebKit/537.36 (KHTML, like Gecko) Chrome/63.0.3239.84 Safari/537.36"
24.19.171.81 - - [06/Jan/2018:21:14:48 -0500] "GET /images/bullat.png HTTP/1.0" 404 575 "http://scimorestest.com/css/template_sci.css" "Mozilla/5.0 (Macintosh; Intel Mac OS X 10_13_2) AppleWebKit/537.36 (KHTML, like Gecko) Chrome/63.0.3239.84 Safari/537.36"
24.19.171.81 - - [06/Jan/2018:21:13:26 -0500] "GET /images/intl_thumb.png HTTP/1.0" 200 231779 "http://scimorestest.com/" "Mozilla/5.0 (Macintosh; Intel Mac OS X 10_13_2) AppleWebKit/537.36 (KHTML, like Gecko) Chrome/63.0.3239.84 Safari/537.36"
24.19.171.81 - - [06/Jan/2018:21:13:27 -0500] "GET /images/goldlip_thumb.png HTTP/1.0" 200 238127 "http://scimorestest.com/" "Mozilla/5.0 (Macintosh; Intel Mac OS X 10_13_2) AppleWebKit/537.36 (KHTML, like Gecko) Chrome/63.0.3239.84 Safari/537.36"
24.19.171.81 - - [06/Jan/2018:21:13:27 -0500] "GET /images/auditorium.png HTTP/1.0" 200 3872702 "http://scimorestest.com/" "Mozilla/5.0 (Macintosh; Intel Mac OS X 10_13_2) AppleWebKit/537.36 (KHTML, like Gecko) Chrome/63.0.3239.84 Safari/537.36"
24.19.171.81 - - [06/Jan/2018:21:13:26 -0500] "GET /css/menu.css HTTP/1.0" 200 958 "http://scimorestest.com/" "Mozilla/5.0 (Macintosh; Intel Mac OS X 10_13_2) AppleWebKit/537.36 (KHTML, like Gecko) Chrome/63.0.3239.84 Safari/537.36"
24.19.171.81 - - [06/Jan/2018:21:14:48 -0500] "GET /css/template_sci.css HTTP/1.0" 200 26688 "http://scimorestest.com/" "Mozilla/5.0 (Macintosh; Intel Mac OS X 10_13_2) AppleWebKit/537.36 (KHTML, like Gecko) Chrome/63.0.3239.84 Safari/537.36"
24.19.171.81 - - [06/Jan/2018:21:14:48 -0500] "GET /css/labels-font.css HTTP/1.0" 200 4734 "http://scimorestest.com/" "Mozilla/5.0 (Macintosh; Intel Mac OS X 10_13_2) AppleWebKit/537.36 (KHTML, like Gecko) Chrome/63.0.3239.84 Safari/537.36"
24.19.171.81 - - [06/Jan/2018:21:14:48 -0500] "GET /css/style3.css HTTP/1.0" 200 2595 "http://scimorestest.com/" "Mozilla/5.0 (Macintosh; Intel Mac OS X 10_13_2) AppleWebKit/537.36 (KHTML, like Gecko) Chrome/63.0.3239.84 Safari/537.36"
24.19.171.81 - - [06/Jan/2018:21:13:27 -0500] "GET /css/vegas.css HTTP/1.0" 200 15633 "http://scimorestest.com/" "Mozilla/5.0 (Macintosh; Intel Mac OS X 10_13_2) AppleWebKit/537.36 (KHTML, like Gecko) Chrome/63.0.3239.84 Safari/537.36"
24.19.171.81 - - [06/Jan/2018:21:13:27 -0500] "GET /css/dropdown.vertical.css HTTP/1.0" 200 912 "http://scimorestest.com/" "Mozilla/5.0 (Macintosh; Intel Mac OS X 10_13_2) AppleWebKit/537.36 (KHTML, like Gecko) Chrome/63.0.3239.84 Safari/537.36"
24.19.171.81 - - [06/Jan/2018:21:14:48 -0500] "GET /css/dropdown.css HTTP/1.0" 200 1861 "http://scimorestest.com/" "Mozilla/5.0 (Macintosh; Intel Mac OS X 10_13_2) AppleWebKit/537.36 (KHTML, like Gecko) Chrome/63.0.3239.84 Safari/537.36"
24.19.171.81 - - [06/Jan/2018:21:14:48 -0500] "GET /css/default.css HTTP/1.0" 200 1164 "http://scimorestest.com/" "Mozilla/5.0 (Macintosh; Intel Mac OS X 10_13_2) AppleWebKit/537.36 (KHTML, like Gecko) Chrome/63.0.3239.84 Safari/537.36"
24.19.171.81 - - [06/Jan/2018:21:13:26 -0500] "GET /js/ddaccordion.js HTTP/1.0" 200 12534 "http://scimorestest.com/" "Mozilla/5.0 (Macintosh; Intel Mac OS X 10_13_2) AppleWebKit/537.36 (KHTML, like Gecko) Chrome/63.0.3239.84 Safari/537.36"
24.19.171.81 - - [06/Jan/2018:21:14:48 -0500] "GET /js/vegas.js HTTP/1.0" 200 25627 "http://scimorestest.com/" "Mozilla/5.0 (Macintosh; Intel Mac OS X 10_13_2) AppleWebKit/537.36 (KHTML, like Gecko) Chrome/63.0.3239.84 Safari/537.36"
24.19.171.81 - - [06/Jan/2018:21:14:48 -0500] "GET /css/helper.css HTTP/1.0" 404 575 "http://scimorestest.com/" "Mozilla/5.0 (Macintosh; Intel Mac OS X 10_13_2) AppleWebKit/537.36 (KHTML, like Gecko) Chrome/63.0.3239.84 Safari/537.36"
24.19.171.81 - - [06/Jan/2018:21:14:48 -0500] "GET /images/goldlip_thumb.png HTTP/1.0" 200 238127 "http://scimorestest.com/" "Mozilla/5.0 (Macintosh; Intel Mac OS X 10_13_2) AppleWebKit/537.36 (KHTML, like Gecko) Chrome/63.0.3239.84 Safari/537.36"
24.19.171.81 - - [06/Jan/2018:21:14:48 -0500] "GET /images/intl_thumb.png HTTP/1.0" 200 231779 "http://scimorestest.com/" "Mozilla/5.0 (Macintosh; Intel Mac OS X 10_13_2) AppleWebKit/537.36 (KHTML, like Gecko) Chrome/63.0.3239.84 Safari/537.36"
24.19.171.81 - - [06/Jan/2018:21:14:48 -0500] "GET /images/shadow_bg.png HTTP/1.0" 200 134 "http://scimorestest.com/css/template_sci.css" "Mozilla/5.0 (Macintosh; Intel Mac OS X 10_13_2) AppleWebKit/537.36 (KHTML, like Gecko) Chrome/63.0.3239.84 Safari/537.36"
24.19.171.81 - - [06/Jan/2018:21:14:48 -0500] "GET /images/navi_inner_bg.gif HTTP/1.0" 200 8641 "http://scimorestest.com/css/template_sci.css" "Mozilla/5.0 (Macintosh; Intel Mac OS X 10_13_2) AppleWebKit/537.36 (KHTML, like Gecko) Chrome/63.0.3239.84 Safari/537.36"
24.19.171.81 - - [06/Jan/2018:21:14:48 -0500] "GET /images/auditorium-thumb.png HTTP/1.0" 200 514086 "http://scimorestest.com/" "Mozilla/5.0 (Macintosh; Intel Mac OS X 10_13_2) AppleWebKit/537.36 (KHTML, like Gecko) Chrome/63.0.3239.84 Safari/537.36"
24.19.171.81 - - [06/Jan/2018:21:13:27 -0500] "GET /images/line_3.png HTTP/1.0" 200 487 "http://scimorestest.com/css/dropdown.vertical.css" "Mozilla/5.0 (Macintosh; Intel Mac OS X 10_13_2) AppleWebKit/537.36 (KHTML, like Gecko) Chrome/63.0.3239.84 Safari/537.36"
24.19.171.81 - - [06/Jan/2018:21:14:48 -0500] "GET /images/split_line.png HTTP/1.0" 200 130 "http://scimorestest.com/css/template_sci.css" "Mozilla/5.0 (Macintosh; Intel Mac OS X 10_13_2) AppleWebKit/537.36 (KHTML, like Gecko) Chrome/63.0.3239.84 Safari/537.36"
24.19.171.81 - - [06/Jan/2018:21:14:49 -0500] "GET /flash/logo.swf HTTP/1.0" 200 10808 "http://scimorestest.com/" "Mozilla/5.0 (Macintosh; Intel Mac OS X 10_13_2) AppleWebKit/537.36 (KHTML, like Gecko) Chrome/63.0.3239.84 Safari/537.36"
24.19.171.81 - - [06/Jan/2018:21:13:27 -0500] "GET /images/bullat.png HTTP/1.0" 404 575 "http://scimorestest.com/css/template_sci.css" "Mozilla/5.0 (Macintosh; Intel Mac OS X 10_13_2) AppleWebKit/537.36 (KHTML, like Gecko) Chrome/63.0.3239.84 Safari/537.36"
24.19.171.81 - - [06/Jan/2018:21:14:48 -0500] "GET /images/auditorium.png HTTP/1.0" 200 3872702 "http://scimorestest.com/" "Mozilla/5.0 (Macintosh; Intel Mac OS X 10_13_2) AppleWebKit/537.36 (KHTML, like Gecko) Chrome/63.0.3239.84 Safari/537.36"
24.19.171.81 - - [06/Jan/2018:21:14:53 -0500] "GET /images/shutterstock_1.jpg HTTP/1.0" 200 6093397 "http://scimorestest.com/" "Mozilla/5.0 (Macintosh; Intel Mac OS X 10_13_2) AppleWebKit/537.36 (KHTML, like Gecko) Chrome/63.0.3239.84 Safari/537.36"
24.19.171.81 - - [06/Jan/2018:21:14:58 -0500] "GET /images/shutterstock.jpg HTTP/1.0" 200 2779012 "http://scimorestest.com/" "Mozilla/5.0 (Macintosh; Intel Mac OS X 10_13_2) AppleWebKit/537.36 (KHTML, like Gecko) Chrome/63.0.3239.84 Safari/537.36"
24.19.171.81 - - [06/Jan/2018:21:15:02 -0500] "GET /favicon.ico HTTP/1.0" 404 575 "http://scimorestest.com/" "Mozilla/5.0 (Macintosh; Intel Mac OS X 10_13_2) AppleWebKit/537.36 (KHTML, like Gecko) Chrome/63.0.3239.84 Safari/537.36"
24.19.171.81 - - [06/Jan/2018:21:15:08 -0500] "GET /images/shutterstock_1.jpg HTTP/1.0" 206 1 "http://scimorestest.com/" "Mozilla/5.0 (Macintosh; Intel Mac OS X 10_13_2) AppleWebKit/537.36 (KHTML, like Gecko) Chrome/63.0.3239.84 Safari/537.36"
24.19.171.81 - - [06/Jan/2018:21:15:08 -0500] "GET /images/shutterstock_1.jpg HTTP/1.0" 206 3295230 "http://scimorestest.com/" "Mozilla/5.0 (Macintosh; Intel Mac OS X 10_13_2) AppleWebKit/537.36 (KHTML, like Gecko) Chrome/63.0.3239.84 Safari/537.36"
166.216.165.90 - - [06/Jan/2018:21:14:59 -0500] "GET /images/auditorium-thumb.png HTTP/1.0" 200 514086 "http://scimorestest.com/" "Mozilla/5.0 (Macintosh; Intel Mac OS X 10_10_5) AppleWebKit/603.2.5 (KHTML, like Gecko) Version/10.1.1 Safari/603.2.5"
166.216.165.90 - - [06/Jan/2018:21:14:59 -0500] "GET /css/style3.css HTTP/1.0" 200 2595 "http://scimorestest.com/" "Mozilla/5.0 (Macintosh; Intel Mac OS X 10_10_5) AppleWebKit/603.2.5 (KHTML, like Gecko) Version/10.1.1 Safari/603.2.5"
166.216.165.90 - - [06/Jan/2018:21:16:20 -0500] "GET /images/intl_thumb.png HTTP/1.0" 200 231779 "http://scimorestest.com/" "Mozilla/5.0 (Macintosh; Intel Mac OS X 10_10_5) AppleWebKit/603.2.5 (KHTML, like Gecko) Version/10.1.1 Safari/603.2.5"
166.216.165.90 - - [06/Jan/2018:21:16:20 -0500] "GET / HTTP/1.0" 200 15624 "-" "Mozilla/5.0 (Macintosh; Intel Mac OS X 10_10_5) AppleWebKit/603.2.5 (KHTML, like Gecko) Version/10.1.1 Safari/603.2.5"
166.216.165.90 - - [06/Jan/2018:21:16:23 -0500] "GET /images/intl_thumb.png HTTP/1.0" 200 231779 "http://scimorestest.com/" "Mozilla/5.0 (Macintosh; Intel Mac OS X 10_10_5) AppleWebKit/603.2.5 (KHTML, like Gecko) Version/10.1.1 Safari/603.2.5"
166.216.165.90 - - [06/Jan/2018:21:16:23 -0500] "GET /images/goldlip_thumb.png HTTP/1.0" 200 238127 "http://scimorestest.com/" "Mozilla/5.0 (Macintosh; Intel Mac OS X 10_10_5) AppleWebKit/603.2.5 (KHTML, like Gecko) Version/10.1.1 Safari/603.2.5"
166.216.165.90 - - [06/Jan/2018:21:16:24 -0500] "GET /css/style3.css HTTP/1.0" 200 2595 "http://scimorestest.com/" "Mozilla/5.0 (Macintosh; Intel Mac OS X 10_10_5) AppleWebKit/603.2.5 (KHTML, like Gecko) Version/10.1.1 Safari/603.2.5"
166.216.165.90 - - [06/Jan/2018:21:16:25 -0500] "GET /images/auditorium-thumb.png HTTP/1.0" 200 514086 "http://scimorestest.com/" "Mozilla/5.0 (Macintosh; Intel Mac OS X 10_10_5) AppleWebKit/603.2.5 (KHTML, like Gecko) Version/10.1.1 Safari/603.2.5"
166.216.165.90 - - [06/Jan/2018:21:16:27 -0500] "GET /images/goldlip_thumb.png HTTP/1.0" 200 238127 "http://scimorestest.com/" "Mozilla/5.0 (Macintosh; Intel Mac OS X 10_10_5) AppleWebKit/603.2.5 (KHTML, like Gecko) Version/10.1.1 Safari/603.2.5"
24.19.171.81 - - [06/Jan/2018:21:15:19 -0500] "GET /css/helper.css HTTP/1.0" 404 575 "http://scimorestest.com/" "Mozilla/5.0 (Macintosh; Intel Mac OS X 10_13_2) AppleWebKit/537.36 (KHTML, like Gecko) Chrome/63.0.3239.84 Safari/537.36"
166.216.165.90 - - [06/Jan/2018:21:17:52 -0500] "GET /index1.php HTTP/1.0" 200 15624 "http://scimorestest.com/" "Mozilla/5.0 (Macintosh; Intel Mac OS X 10_10_5) AppleWebKit/603.2.5 (KHTML, like Gecko) Version/10.1.1 Safari/603.2.5"
166.216.165.90 - - [06/Jan/2018:21:16:32 -0500] "GET /images/goldlip_thumb.png HTTP/1.0" 304 - "http://scimorestest.com/index1.php" "Mozilla/5.0 (Macintosh; Intel Mac OS X 10_10_5) AppleWebKit/603.2.5 (KHTML, like Gecko) Version/10.1.1 Safari/603.2.5"
166.216.165.90 - - [06/Jan/2018:21:17:55 -0500] "GET /images/auditorium-thumb.png HTTP/1.0" 304 - "http://scimorestest.com/index1.php" "Mozilla/5.0 (Macintosh; Intel Mac OS X 10_10_5) AppleWebKit/603.2.5 (KHTML, like Gecko) Version/10.1.1 Safari/603.2.5"
166.216.165.90 - - [06/Jan/2018:21:17:55 -0500] "GET /images/intl_thumb.png HTTP/1.0" 304 - "http://scimorestest.com/index1.php" "Mozilla/5.0 (Macintosh; Intel Mac OS X 10_10_5) AppleWebKit/603.2.5 (KHTML, like Gecko) Version/10.1.1 Safari/603.2.5"
24.19.171.81 - - [06/Jan/2018:21:16:49 -0500] "GET / HTTP/1.0" 200 15624 "-" "Mozilla/5.0 (Macintosh; Intel Mac OS X 10_13_2) AppleWebKit/537.36 (KHTML, like Gecko) Chrome/63.0.3239.84 Safari/537.36"
24.19.171.81 - - [06/Jan/2018:21:18:11 -0500] "GET /css/helper.css HTTP/1.0" 404 575 "http://scimorestest.com/" "Mozilla/5.0 (Macintosh; Intel Mac OS X 10_13_2) AppleWebKit/537.36 (KHTML, like Gecko) Chrome/63.0.3239.84 Safari/537.36"
24.19.171.81 - - [06/Jan/2018:21:18:11 -0500] "GET /images/auditorium-thumb.png HTTP/1.0" 304 - "http://scimorestest.com/" "Mozilla/5.0 (Macintosh; Intel Mac OS X 10_13_2) AppleWebKit/537.36 (KHTML, like Gecko) Chrome/63.0.3239.84 Safari/537.36"
24.19.171.81 - - [06/Jan/2018:21:18:11 -0500] "GET /images/intl_thumb.png HTTP/1.0" 304 - "http://scimorestest.com/" "Mozilla/5.0 (Macintosh; Intel Mac OS X 10_13_2) AppleWebKit/537.36 (KHTML, like Gecko) Chrome/63.0.3239.84 Safari/537.36"
24.19.171.81 - - [06/Jan/2018:21:16:50 -0500] "GET /images/goldlip_thumb.png HTTP/1.0" 304 - "http://scimorestest.com/" "Mozilla/5.0 (Macintosh; Intel Mac OS X 10_13_2) AppleWebKit/537.36 (KHTML, like Gecko) Chrome/63.0.3239.84 Safari/537.36"
24.19.171.81 - - [06/Jan/2018:21:18:11 -0500] "GET /images/bullat.png HTTP/1.0" 404 575 "http://scimorestest.com/css/template_sci.css" "Mozilla/5.0 (Macintosh; Intel Mac OS X 10_13_2) AppleWebKit/537.36 (KHTML, like Gecko) Chrome/63.0.3239.84 Safari/537.36"
166.216.165.90 - - [06/Jan/2018:21:17:19 -0500] "GET /education.php HTTP/1.0" 200 9831 "http://scimorestest.com/index1.php" "Mozilla/5.0 (Macintosh; Intel Mac OS X 10_10_5) AppleWebKit/603.2.5 (KHTML, like Gecko) Version/10.1.1 Safari/603.2.5"
24.19.171.81 - - [06/Jan/2018:21:18:40 -0500] "GET /education.php HTTP/1.0" 200 9831 "http://scimorestest.com/" "Mozilla/5.0 (Macintosh; Intel Mac OS X 10_13_2) AppleWebKit/537.36 (KHTML, like Gecko) Chrome/63.0.3239.84 Safari/537.36"
24.19.171.81 - - [06/Jan/2018:21:18:40 -0500] "GET /css/helper.css HTTP/1.0" 404 575 "http://scimorestest.com/education.php" "Mozilla/5.0 (Macintosh; Intel Mac OS X 10_13_2) AppleWebKit/537.36 (KHTML, like Gecko) Chrome/63.0.3239.84 Safari/537.36"
166.216.165.90 - - [06/Jan/2018:21:18:40 -0500] "GET /css/carousel.css HTTP/1.0" 200 2085 "http://scimorestest.com/education.php" "Mozilla/5.0 (Macintosh; Intel Mac OS X 10_10_5) AppleWebKit/603.2.5 (KHTML, like Gecko) Version/10.1.1 Safari/603.2.5"
166.216.165.90 - - [06/Jan/2018:21:17:19 -0500] "GET /images/intl_thumb.jpg HTTP/1.0" 200 14681 "http://scimorestest.com/education.php" "Mozilla/5.0 (Macintosh; Intel Mac OS X 10_10_5) AppleWebKit/603.2.5 (KHTML, like Gecko) Version/10.1.1 Safari/603.2.5"
24.19.171.81 - - [06/Jan/2018:21:18:40 -0500] "GET /images/bullat.png HTTP/1.0" 404 575 "http://scimorestest.com/css/template_sci.css" "Mozilla/5.0 (Macintosh; Intel Mac OS X 10_13_2) AppleWebKit/537.36 (KHTML, like Gecko) Chrome/63.0.3239.84 Safari/537.36"
166.216.165.90 - - [06/Jan/2018:21:17:19 -0500] "GET /js/carousel.min.js HTTP/1.0" 200 65267 "http://scimorestest.com/education.php" "Mozilla/5.0 (Macintosh; Intel Mac OS X 10_10_5) AppleWebKit/603.2.5 (KHTML, like Gecko) Version/10.1.1 Safari/603.2.5"
166.216.165.90 - - [06/Jan/2018:21:18:40 -0500] "GET /images/school.jpg HTTP/1.0" 200 241524 "http://scimorestest.com/education.php" "Mozilla/5.0 (Macintosh; Intel Mac OS X 10_10_5) AppleWebKit/603.2.5 (KHTML, like Gecko) Version/10.1.1 Safari/603.2.5"
166.216.165.90 - - [06/Jan/2018:21:18:40 -0500] "GET /images/gl_button.jpg HTTP/1.0" 200 1732 "http://scimorestest.com/education.php" "Mozilla/5.0 (Macintosh; Intel Mac OS X 10_10_5) AppleWebKit/603.2.5 (KHTML, like Gecko) Version/10.1.1 Safari/603.2.5"
166.216.165.90 - - [06/Jan/2018:21:18:40 -0500] "GET /images/content_inner_bg.png HTTP/1.0" 200 1239 "http://scimorestest.com/education.php" "Mozilla/5.0 (Macintosh; Intel Mac OS X 10_10_5) AppleWebKit/603.2.5 (KHTML, like Gecko) Version/10.1.1 Safari/603.2.5"
166.216.165.90 - - [06/Jan/2018:21:18:40 -0500] "GET /images/current-profiles/14.png HTTP/1.0" 200 3872702 "http://scimorestest.com/education.php" "Mozilla/5.0 (Macintosh; Intel Mac OS X 10_10_5) AppleWebKit/603.2.5 (KHTML, like Gecko) Version/10.1.1 Safari/603.2.5"
24.19.171.81 - - [06/Jan/2018:21:18:46 -0500] "GET /index1.php HTTP/1.0" 200 15624 "http://scimorestest.com/education.php" "Mozilla/5.0 (Macintosh; Intel Mac OS X 10_13_2) AppleWebKit/537.36 (KHTML, like Gecko) Chrome/63.0.3239.84 Safari/537.36"
24.19.171.81 - - [06/Jan/2018:21:18:46 -0500] "GET /css/helper.css HTTP/1.0" 404 575 "http://scimorestest.com/index1.php" "Mozilla/5.0 (Macintosh; Intel Mac OS X 10_13_2) AppleWebKit/537.36 (KHTML, like Gecko) Chrome/63.0.3239.84 Safari/537.36"
24.19.171.81 - - [06/Jan/2018:21:18:46 -0500] "GET /images/auditorium-thumb.png HTTP/1.0" 304 - "http://scimorestest.com/index1.php" "Mozilla/5.0 (Macintosh; Intel Mac OS X 10_13_2) AppleWebKit/537.36 (KHTML, like Gecko) Chrome/63.0.3239.84 Safari/537.36"
24.19.171.81 - - [06/Jan/2018:21:18:46 -0500] "GET /images/intl_thumb.png HTTP/1.0" 304 - "http://scimorestest.com/index1.php" "Mozilla/5.0 (Macintosh; Intel Mac OS X 10_13_2) AppleWebKit/537.36 (KHTML, like Gecko) Chrome/63.0.3239.84 Safari/537.36"
24.19.171.81 - - [06/Jan/2018:21:18:46 -0500] "GET /images/bullat.png HTTP/1.0" 404 575 "http://scimorestest.com/css/template_sci.css" "Mozilla/5.0 (Macintosh; Intel Mac OS X 10_13_2) AppleWebKit/537.36 (KHTML, like Gecko) Chrome/63.0.3239.84 Safari/537.36"
24.19.171.81 - - [06/Jan/2018:21:18:46 -0500] "GET /images/goldlip_thumb.png HTTP/1.0" 304 - "http://scimorestest.com/index1.php" "Mozilla/5.0 (Macintosh; Intel Mac OS X 10_13_2) AppleWebKit/537.36 (KHTML, like Gecko) Chrome/63.0.3239.84 Safari/537.36"
166.216.165.90 - - [06/Jan/2018:21:18:54 -0500] "GET /index1.php HTTP/1.0" 200 15624 "http://scimorestest.com/education.php" "Mozilla/5.0 (Macintosh; Intel Mac OS X 10_10_5) AppleWebKit/603.2.5 (KHTML, like Gecko) Version/10.1.1 Safari/603.2.5"
166.216.165.90 - - [06/Jan/2018:21:17:35 -0500] "GET /images/auditorium-thumb.png HTTP/1.0" 304 - "http://scimorestest.com/index1.php" "Mozilla/5.0 (Macintosh; Intel Mac OS X 10_10_5) AppleWebKit/603.2.5 (KHTML, like Gecko) Version/10.1.1 Safari/603.2.5"
166.216.165.90 - - [06/Jan/2018:21:17:34 -0500] "GET /images/intl_thumb.png HTTP/1.0" 304 - "http://scimorestest.com/index1.php" "Mozilla/5.0 (Macintosh; Intel Mac OS X 10_10_5) AppleWebKit/603.2.5 (KHTML, like Gecko) Version/10.1.1 Safari/603.2.5"
166.216.165.90 - - [06/Jan/2018:21:18:56 -0500] "GET /images/goldlip_thumb.png HTTP/1.0" 304 - "http://scimorestest.com/index1.php" "Mozilla/5.0 (Macintosh; Intel Mac OS X 10_10_5) AppleWebKit/603.2.5 (KHTML, like Gecko) Version/10.1.1 Safari/603.2.5"
166.216.165.90 - - [06/Jan/2018:21:17:56 -0500] "GET /architect.php HTTP/1.0" 200 6493 "http://scimorestest.com/index1.php" "Mozilla/5.0 (Macintosh; Intel Mac OS X 10_10_5) AppleWebKit/603.2.5 (KHTML, like Gecko) Version/10.1.1 Safari/603.2.5"
166.216.165.90 - - [06/Jan/2018:21:19:17 -0500] "GET /architect.php HTTP/1.0" 200 6493 "http://scimorestest.com/index1.php" "Mozilla/5.0 (Macintosh; Intel Mac OS X 10_10_5) AppleWebKit/603.2.5 (KHTML, like Gecko) Version/10.1.1 Safari/603.2.5"
166.216.165.90 - - [06/Jan/2018:21:19:18 -0500] "GET /images/architec.jpg HTTP/1.0" 200 54119 "http://scimorestest.com/architect.php" "Mozilla/5.0 (Macintosh; Intel Mac OS X 10_10_5) AppleWebKit/603.2.5 (KHTML, like Gecko) Version/10.1.1 Safari/603.2.5"
166.216.165.90 - - [06/Jan/2018:21:19:22 -0500] "GET /recreat.php HTTP/1.0" 200 6531 "http://scimorestest.com/architect.php" "Mozilla/5.0 (Macintosh; Intel Mac OS X 10_10_5) AppleWebKit/603.2.5 (KHTML, like Gecko) Version/10.1.1 Safari/603.2.5"
166.216.165.90 - - [06/Jan/2018:21:19:22 -0500] "GET /images/recreat.jpg HTTP/1.0" 200 54696 "http://scimorestest.com/recreat.php" "Mozilla/5.0 (Macintosh; Intel Mac OS X 10_10_5) AppleWebKit/603.2.5 (KHTML, like Gecko) Version/10.1.1 Safari/603.2.5"
166.216.165.90 - - [06/Jan/2018:21:19:24 -0500] "GET /industry.php HTTP/1.0" 200 6879 "http://scimorestest.com/recreat.php" "Mozilla/5.0 (Macintosh; Intel Mac OS X 10_10_5) AppleWebKit/603.2.5 (KHTML, like Gecko) Version/10.1.1 Safari/603.2.5"
166.216.165.90 - - [06/Jan/2018:21:19:24 -0500] "GET /images/fashion_img.jpg HTTP/1.0" 200 126724 "http://scimorestest.com/industry.php" "Mozilla/5.0 (Macintosh; Intel Mac OS X 10_10_5) AppleWebKit/603.2.5 (KHTML, like Gecko) Version/10.1.1 Safari/603.2.5"
166.216.165.90 - - [06/Jan/2018:21:19:24 -0500] "GET /images/goldlip_thumb.jpg HTTP/1.0" 200 16895 "http://scimorestest.com/industry.php" "Mozilla/5.0 (Macintosh; Intel Mac OS X 10_10_5) AppleWebKit/603.2.5 (KHTML, like Gecko) Version/10.1.1 Safari/603.2.5"
24.19.171.81 - - [06/Jan/2018:21:18:04 -0500] "GET /contact.php HTTP/1.0" 200 6502 "http://scimorestest.com/index1.php" "Mozilla/5.0 (Macintosh; Intel Mac OS X 10_13_2) AppleWebKit/537.36 (KHTML, like Gecko) Chrome/63.0.3239.84 Safari/537.36"
24.19.171.81 - - [06/Jan/2018:21:19:26 -0500] "GET /css/helper.css HTTP/1.0" 404 575 "http://scimorestest.com/contact.php" "Mozilla/5.0 (Macintosh; Intel Mac OS X 10_13_2) AppleWebKit/537.36 (KHTML, like Gecko) Chrome/63.0.3239.84 Safari/537.36"
24.19.171.81 - - [06/Jan/2018:21:19:26 -0500] "GET /images/bullat.png HTTP/1.0" 404 575 "http://scimorestest.com/css/template_sci.css" "Mozilla/5.0 (Macintosh; Intel Mac OS X 10_13_2) AppleWebKit/537.36 (KHTML, like Gecko) Chrome/63.0.3239.84 Safari/537.36"
24.19.171.81 - - [06/Jan/2018:21:19:27 -0500] "GET /news.php HTTP/1.0" 200 15585 "http://scimorestest.com/contact.php" "Mozilla/5.0 (Macintosh; Intel Mac OS X 10_13_2) AppleWebKit/537.36 (KHTML, like Gecko) Chrome/63.0.3239.84 Safari/537.36"
166.216.165.90 - - [06/Jan/2018:21:19:27 -0500] "GET /goldlip.php HTTP/1.0" 200 7570 "http://scimorestest.com/industry.php" "Mozilla/5.0 (Macintosh; Intel Mac OS X 10_10_5) AppleWebKit/603.2.5 (KHTML, like Gecko) Version/10.1.1 Safari/603.2.5"
24.19.171.81 - - [06/Jan/2018:21:19:27 -0500] "GET /css/helper.css HTTP/1.0" 404 575 "http://scimorestest.com/news.php" "Mozilla/5.0 (Macintosh; Intel Mac OS X 10_13_2) AppleWebKit/537.36 (KHTML, like Gecko) Chrome/63.0.3239.84 Safari/537.36"
24.19.171.81 - - [06/Jan/2018:21:19:27 -0500] "GET /images/bullat.png HTTP/1.0" 404 575 "http://scimorestest.com/css/template_sci.css" "Mozilla/5.0 (Macintosh; Intel Mac OS X 10_13_2) AppleWebKit/537.36 (KHTML, like Gecko) Chrome/63.0.3239.84 Safari/537.36"
166.216.165.90 - - [06/Jan/2018:21:19:28 -0500] "GET /images/goldlip_200.jpg HTTP/1.0" 200 32008 "http://scimorestest.com/goldlip.php" "Mozilla/5.0 (Macintosh; Intel Mac OS X 10_10_5) AppleWebKit/603.2.5 (KHTML, like Gecko) Version/10.1.1 Safari/603.2.5"
24.19.171.81 - - [06/Jan/2018:21:18:07 -0500] "GET /index1.php HTTP/1.0" 200 15624 "http://scimorestest.com/news.php" "Mozilla/5.0 (Macintosh; Intel Mac OS X 10_13_2) AppleWebKit/537.36 (KHTML, like Gecko) Chrome/63.0.3239.84 Safari/537.36"
24.19.171.81 - - [06/Jan/2018:21:19:29 -0500] "GET /css/style3.css HTTP/1.0" 200 2595 "http://scimorestest.com/index1.php" "Mozilla/5.0 (Macintosh; Intel Mac OS X 10_13_2) AppleWebKit/537.36 (KHTML, like Gecko) Chrome/63.0.3239.84 Safari/537.36"
24.19.171.81 - - [06/Jan/2018:21:19:29 -0500] "GET /css/helper.css HTTP/1.0" 404 575 "http://scimorestest.com/index1.php" "Mozilla/5.0 (Macintosh; Intel Mac OS X 10_13_2) AppleWebKit/537.36 (KHTML, like Gecko) Chrome/63.0.3239.84 Safari/537.36"
24.19.171.81 - - [06/Jan/2018:21:19:29 -0500] "GET /images/auditorium-thumb.png HTTP/1.0" 304 - "http://scimorestest.com/index1.php" "Mozilla/5.0 (Macintosh; Intel Mac OS X 10_13_2) AppleWebKit/537.36 (KHTML, like Gecko) Chrome/63.0.3239.84 Safari/537.36"
24.19.171.81 - - [06/Jan/2018:21:19:29 -0500] "GET /images/intl_thumb.png HTTP/1.0" 304 - "http://scimorestest.com/index1.php" "Mozilla/5.0 (Macintosh; Intel Mac OS X 10_13_2) AppleWebKit/537.36 (KHTML, like Gecko) Chrome/63.0.3239.84 Safari/537.36"
24.19.171.81 - - [06/Jan/2018:21:18:07 -0500] "GET /images/bullat.png HTTP/1.0" 404 575 "http://scimorestest.com/css/template_sci.css" "Mozilla/5.0 (Macintosh; Intel Mac OS X 10_13_2) AppleWebKit/537.36 (KHTML, like Gecko) Chrome/63.0.3239.84 Safari/537.36"
24.19.171.81 - - [06/Jan/2018:21:19:29 -0500] "GET /images/goldlip_thumb.png HTTP/1.0" 304 - "http://scimorestest.com/index1.php" "Mozilla/5.0 (Macintosh; Intel Mac OS X 10_13_2) AppleWebKit/537.36 (KHTML, like Gecko) Chrome/63.0.3239.84 Safari/537.36"
166.216.165.90 - - [06/Jan/2018:21:20:04 -0500] "GET /industry.php HTTP/1.0" 200 6879 "http://scimorestest.com/goldlip.php" "Mozilla/5.0 (Macintosh; Intel Mac OS X 10_10_5) AppleWebKit/603.2.5 (KHTML, like Gecko) Version/10.1.1 Safari/603.2.5"
166.216.165.90 - - [06/Jan/2018:21:18:45 -0500] "GET /goldlip.php HTTP/1.0" 200 7570 "http://scimorestest.com/industry.php" "Mozilla/5.0 (Macintosh; Intel Mac OS X 10_10_5) AppleWebKit/603.2.5 (KHTML, like Gecko) Version/10.1.1 Safari/603.2.5"
24.19.171.81 - - [06/Jan/2018:21:20:16 -0500] "GET /industry.php HTTP/1.0" 200 6879 "http://scimorestest.com/index1.php" "Mozilla/5.0 (Macintosh; Intel Mac OS X 10_13_2) AppleWebKit/537.36 (KHTML, like Gecko) Chrome/63.0.3239.84 Safari/537.36"
24.19.171.81 - - [06/Jan/2018:21:20:16 -0500] "GET /css/helper.css HTTP/1.0" 404 575 "http://scimorestest.com/industry.php" "Mozilla/5.0 (Macintosh; Intel Mac OS X 10_13_2) AppleWebKit/537.36 (KHTML, like Gecko) Chrome/63.0.3239.84 Safari/537.36"
24.19.171.81 - - [06/Jan/2018:21:20:16 -0500] "GET /images/bullat.png HTTP/1.0" 404 575 "http://scimorestest.com/css/template_sci.css" "Mozilla/5.0 (Macintosh; Intel Mac OS X 10_13_2) AppleWebKit/537.36 (KHTML, like Gecko) Chrome/63.0.3239.84 Safari/537.36"
24.19.171.81 - - [06/Jan/2018:21:20:17 -0500] "GET /goldlip.php HTTP/1.0" 200 7570 "http://scimorestest.com/industry.php" "Mozilla/5.0 (Macintosh; Intel Mac OS X 10_13_2) AppleWebKit/537.36 (KHTML, like Gecko) Chrome/63.0.3239.84 Safari/537.36"
24.19.171.81 - - [06/Jan/2018:21:18:57 -0500] "GET /css/helper.css HTTP/1.0" 404 575 "http://scimorestest.com/goldlip.php" "Mozilla/5.0 (Macintosh; Intel Mac OS X 10_13_2) AppleWebKit/537.36 (KHTML, like Gecko) Chrome/63.0.3239.84 Safari/537.36"
24.19.171.81 - - [06/Jan/2018:21:18:57 -0500] "GET /images/goldlip_200.jpg HTTP/1.0" 200 32008 "http://scimorestest.com/goldlip.php" "Mozilla/5.0 (Macintosh; Intel Mac OS X 10_13_2) AppleWebKit/537.36 (KHTML, like Gecko) Chrome/63.0.3239.84 Safari/537.36"
24.19.171.81 - - [06/Jan/2018:21:20:18 -0500] "GET /images/bullat.png HTTP/1.0" 404 575 "http://scimorestest.com/css/template_sci.css" "Mozilla/5.0 (Macintosh; Intel Mac OS X 10_13_2) AppleWebKit/537.36 (KHTML, like Gecko) Chrome/63.0.3239.84 Safari/537.36"
24.19.171.81 - - [06/Jan/2018:21:20:26 -0500] "GET /academy.php HTTP/1.0" 200 10298 "http://scimorestest.com/goldlip.php" "Mozilla/5.0 (Macintosh; Intel Mac OS X 10_13_2) AppleWebKit/537.36 (KHTML, like Gecko) Chrome/63.0.3239.84 Safari/537.36"
24.19.171.81 - - [06/Jan/2018:21:20:26 -0500] "GET /css/helper.css HTTP/1.0" 404 575 "http://scimorestest.com/academy.php" "Mozilla/5.0 (Macintosh; Intel Mac OS X 10_13_2) AppleWebKit/537.36 (KHTML, like Gecko) Chrome/63.0.3239.84 Safari/537.36"
24.19.171.81 - - [06/Jan/2018:21:19:05 -0500] "GET /images/bullat.png HTTP/1.0" 404 575 "http://scimorestest.com/css/template_sci.css" "Mozilla/5.0 (Macintosh; Intel Mac OS X 10_13_2) AppleWebKit/537.36 (KHTML, like Gecko) Chrome/63.0.3239.84 Safari/537.36"
24.19.171.81 - - [06/Jan/2018:21:19:10 -0500] "GET /intl-school.php HTTP/1.0" 200 9632 "http://scimorestest.com/academy.php" "Mozilla/5.0 (Macintosh; Intel Mac OS X 10_13_2) AppleWebKit/537.36 (KHTML, like Gecko) Chrome/63.0.3239.84 Safari/537.36"
24.19.171.81 - - [06/Jan/2018:21:19:10 -0500] "GET /images/intl_school_img.jpg HTTP/1.0" 200 30365 "http://scimorestest.com/intl-school.php" "Mozilla/5.0 (Macintosh; Intel Mac OS X 10_13_2) AppleWebKit/537.36 (KHTML, like Gecko) Chrome/63.0.3239.84 Safari/537.36"
24.19.171.81 - - [06/Jan/2018:21:20:31 -0500] "GET /css/helper.css HTTP/1.0" 404 575 "http://scimorestest.com/intl-school.php" "Mozilla/5.0 (Macintosh; Intel Mac OS X 10_13_2) AppleWebKit/537.36 (KHTML, like Gecko) Chrome/63.0.3239.84 Safari/537.36"
24.19.171.81 - - [06/Jan/2018:21:20:31 -0500] "GET /images/bullat.png HTTP/1.0" 404 575 "http://scimorestest.com/css/template_sci.css" "Mozilla/5.0 (Macintosh; Intel Mac OS X 10_13_2) AppleWebKit/537.36 (KHTML, like Gecko) Chrome/63.0.3239.84 Safari/537.36"
166.216.165.90 - - [06/Jan/2018:21:20:41 -0500] "GET /education.php HTTP/1.0" 200 9831 "http://scimorestest.com/goldlip.php" "Mozilla/5.0 (Macintosh; Intel Mac OS X 10_10_5) AppleWebKit/603.2.5 (KHTML, like Gecko) Version/10.1.1 Safari/603.2.5"
166.216.165.90 - - [06/Jan/2018:21:19:22 -0500] "GET /academy.php HTTP/1.0" 200 10298 "http://scimorestest.com/education.php" "Mozilla/5.0 (Macintosh; Intel Mac OS X 10_10_5) AppleWebKit/603.2.5 (KHTML, like Gecko) Version/10.1.1 Safari/603.2.5"
24.19.171.81 - - [06/Jan/2018:21:20:44 -0500] "GET /education.php HTTP/1.0" 200 9831 "http://scimorestest.com/intl-school.php" "Mozilla/5.0 (Macintosh; Intel Mac OS X 10_13_2) AppleWebKit/537.36 (KHTML, like Gecko) Chrome/63.0.3239.84 Safari/537.36"
24.19.171.81 - - [06/Jan/2018:21:20:44 -0500] "GET /css/helper.css HTTP/1.0" 404 575 "http://scimorestest.com/education.php" "Mozilla/5.0 (Macintosh; Intel Mac OS X 10_13_2) AppleWebKit/537.36 (KHTML, like Gecko) Chrome/63.0.3239.84 Safari/537.36"
24.19.171.81 - - [06/Jan/2018:21:19:23 -0500] "GET /images/bullat.png HTTP/1.0" 404 575 "http://scimorestest.com/css/template_sci.css" "Mozilla/5.0 (Macintosh; Intel Mac OS X 10_13_2) AppleWebKit/537.36 (KHTML, like Gecko) Chrome/63.0.3239.84 Safari/537.36"
24.19.171.81 - - [06/Jan/2018:21:20:46 -0500] "GET /recreat.php HTTP/1.0" 200 6531 "http://scimorestest.com/education.php" "Mozilla/5.0 (Macintosh; Intel Mac OS X 10_13_2) AppleWebKit/537.36 (KHTML, like Gecko) Chrome/63.0.3239.84 Safari/537.36"
24.19.171.81 - - [06/Jan/2018:21:20:46 -0500] "GET /css/helper.css HTTP/1.0" 404 575 "http://scimorestest.com/recreat.php" "Mozilla/5.0 (Macintosh; Intel Mac OS X 10_13_2) AppleWebKit/537.36 (KHTML, like Gecko) Chrome/63.0.3239.84 Safari/537.36"
24.19.171.81 - - [06/Jan/2018:21:20:47 -0500] "GET /images/bullat.png HTTP/1.0" 404 575 "http://scimorestest.com/css/template_sci.css" "Mozilla/5.0 (Macintosh; Intel Mac OS X 10_13_2) AppleWebKit/537.36 (KHTML, like Gecko) Chrome/63.0.3239.84 Safari/537.36"
166.216.165.90 - - [06/Jan/2018:21:19:26 -0500] "GET /industry.php HTTP/1.0" 200 6879 "http://scimorestest.com/academy.php" "Mozilla/5.0 (Macintosh; Intel Mac OS X 10_10_5) AppleWebKit/603.2.5 (KHTML, like Gecko) Version/10.1.1 Safari/603.2.5"
24.19.171.81 - - [06/Jan/2018:21:20:48 -0500] "GET /industry.php HTTP/1.0" 200 6879 "http://scimorestest.com/recreat.php" "Mozilla/5.0 (Macintosh; Intel Mac OS X 10_13_2) AppleWebKit/537.36 (KHTML, like Gecko) Chrome/63.0.3239.84 Safari/537.36"
24.19.171.81 - - [06/Jan/2018:21:20:49 -0500] "GET /css/helper.css HTTP/1.0" 404 575 "http://scimorestest.com/industry.php" "Mozilla/5.0 (Macintosh; Intel Mac OS X 10_13_2) AppleWebKit/537.36 (KHTML, like Gecko) Chrome/63.0.3239.84 Safari/537.36"
24.19.171.81 - - [06/Jan/2018:21:20:49 -0500] "GET /images/bullat.png HTTP/1.0" 404 575 "http://scimorestest.com/css/template_sci.css" "Mozilla/5.0 (Macintosh; Intel Mac OS X 10_13_2) AppleWebKit/537.36 (KHTML, like Gecko) Chrome/63.0.3239.84 Safari/537.36"
166.216.165.90 - - [06/Jan/2018:21:20:49 -0500] "GET /education.php HTTP/1.0" 200 9831 "http://scimorestest.com/industry.php" "Mozilla/5.0 (Macintosh; Intel Mac OS X 10_10_5) AppleWebKit/603.2.5 (KHTML, like Gecko) Version/10.1.1 Safari/603.2.5"
24.19.171.81 - - [06/Jan/2018:21:19:28 -0500] "GET /goldlip.php HTTP/1.0" 200 7570 "http://scimorestest.com/industry.php" "Mozilla/5.0 (Macintosh; Intel Mac OS X 10_13_2) AppleWebKit/537.36 (KHTML, like Gecko) Chrome/63.0.3239.84 Safari/537.36"
24.19.171.81 - - [06/Jan/2018:21:20:50 -0500] "GET /css/helper.css HTTP/1.0" 404 575 "http://scimorestest.com/goldlip.php" "Mozilla/5.0 (Macintosh; Intel Mac OS X 10_13_2) AppleWebKit/537.36 (KHTML, like Gecko) Chrome/63.0.3239.84 Safari/537.36"
24.19.171.81 - - [06/Jan/2018:21:20:50 -0500] "GET /images/bullat.png HTTP/1.0" 404 575 "http://scimorestest.com/css/template_sci.css" "Mozilla/5.0 (Macintosh; Intel Mac OS X 10_13_2) AppleWebKit/537.36 (KHTML, like Gecko) Chrome/63.0.3239.84 Safari/537.36"
166.216.165.90 - - [06/Jan/2018:21:20:51 -0500] "GET /academy.php HTTP/1.0" 200 10298 "http://scimorestest.com/education.php" "Mozilla/5.0 (Macintosh; Intel Mac OS X 10_10_5) AppleWebKit/603.2.5 (KHTML, like Gecko) Version/10.1.1 Safari/603.2.5"
24.19.171.81 - - [06/Jan/2018:21:19:31 -0500] "GET /academy.php HTTP/1.0" 200 10298 "http://scimorestest.com/goldlip.php" "Mozilla/5.0 (Macintosh; Intel Mac OS X 10_13_2) AppleWebKit/537.36 (KHTML, like Gecko) Chrome/63.0.3239.84 Safari/537.36"
24.19.171.81 - - [06/Jan/2018:21:20:52 -0500] "GET /css/helper.css HTTP/1.0" 404 575 "http://scimorestest.com/academy.php" "Mozilla/5.0 (Macintosh; Intel Mac OS X 10_13_2) AppleWebKit/537.36 (KHTML, like Gecko) Chrome/63.0.3239.84 Safari/537.36"
24.19.171.81 - - [06/Jan/2018:21:19:31 -0500] "GET /images/bullat.png HTTP/1.0" 404 575 "http://scimorestest.com/css/template_sci.css" "Mozilla/5.0 (Macintosh; Intel Mac OS X 10_13_2) AppleWebKit/537.36 (KHTML, like Gecko) Chrome/63.0.3239.84 Safari/537.36"
24.19.171.81 - - [06/Jan/2018:21:20:54 -0500] "GET /intl-school.php HTTP/1.0" 200 9632 "http://scimorestest.com/academy.php" "Mozilla/5.0 (Macintosh; Intel Mac OS X 10_13_2) AppleWebKit/537.36 (KHTML, like Gecko) Chrome/63.0.3239.84 Safari/537.36"
24.19.171.81 - - [06/Jan/2018:21:20:55 -0500] "GET /css/helper.css HTTP/1.0" 404 575 "http://scimorestest.com/intl-school.php" "Mozilla/5.0 (Macintosh; Intel Mac OS X 10_13_2) AppleWebKit/537.36 (KHTML, like Gecko) Chrome/63.0.3239.84 Safari/537.36"
24.19.171.81 - - [06/Jan/2018:21:20:55 -0500] "GET /images/bullat.png HTTP/1.0" 404 575 "http://scimorestest.com/css/template_sci.css" "Mozilla/5.0 (Macintosh; Intel Mac OS X 10_13_2) AppleWebKit/537.36 (KHTML, like Gecko) Chrome/63.0.3239.84 Safari/537.36"
24.19.171.81 - - [06/Jan/2018:21:20:56 -0500] "GET /index1.php HTTP/1.0" 200 15624 "http://scimorestest.com/intl-school.php" "Mozilla/5.0 (Macintosh; Intel Mac OS X 10_13_2) AppleWebKit/537.36 (KHTML, like Gecko) Chrome/63.0.3239.84 Safari/537.36"
24.19.171.81 - - [06/Jan/2018:21:20:57 -0500] "GET /css/helper.css HTTP/1.0" 404 575 "http://scimorestest.com/index1.php" "Mozilla/5.0 (Macintosh; Intel Mac OS X 10_13_2) AppleWebKit/537.36 (KHTML, like Gecko) Chrome/63.0.3239.84 Safari/537.36"
24.19.171.81 - - [06/Jan/2018:21:20:57 -0500] "GET /images/auditorium-thumb.png HTTP/1.0" 304 - "http://scimorestest.com/index1.php" "Mozilla/5.0 (Macintosh; Intel Mac OS X 10_13_2) AppleWebKit/537.36 (KHTML, like Gecko) Chrome/63.0.3239.84 Safari/537.36"
24.19.171.81 - - [06/Jan/2018:21:20:57 -0500] "GET /images/intl_thumb.png HTTP/1.0" 304 - "http://scimorestest.com/index1.php" "Mozilla/5.0 (Macintosh; Intel Mac OS X 10_13_2) AppleWebKit/537.36 (KHTML, like Gecko) Chrome/63.0.3239.84 Safari/537.36"
24.19.171.81 - - [06/Jan/2018:21:20:57 -0500] "GET /images/goldlip_thumb.png HTTP/1.0" 304 - "http://scimorestest.com/index1.php" "Mozilla/5.0 (Macintosh; Intel Mac OS X 10_13_2) AppleWebKit/537.36 (KHTML, like Gecko) Chrome/63.0.3239.84 Safari/537.36"
24.19.171.81 - - [06/Jan/2018:21:20:57 -0500] "GET /images/bullat.png HTTP/1.0" 404 575 "http://scimorestest.com/css/template_sci.css" "Mozilla/5.0 (Macintosh; Intel Mac OS X 10_13_2) AppleWebKit/537.36 (KHTML, like Gecko) Chrome/63.0.3239.84 Safari/537.36"
166.216.165.90 - - [06/Jan/2018:21:19:52 -0500] "GET /education.php HTTP/1.0" 200 9831 "http://scimorestest.com/academy.php" "Mozilla/5.0 (Macintosh; Intel Mac OS X 10_10_5) AppleWebKit/603.2.5 (KHTML, like Gecko) Version/10.1.1 Safari/603.2.5"
166.216.165.90 - - [06/Jan/2018:21:21:17 -0500] "GET /intl-school.php HTTP/1.0" 200 9632 "http://scimorestest.com/education.php" "Mozilla/5.0 (Macintosh; Intel Mac OS X 10_10_5) AppleWebKit/603.2.5 (KHTML, like Gecko) Version/10.1.1 Safari/603.2.5"
166.216.165.90 - - [06/Jan/2018:21:21:18 -0500] "GET /images/intl_school_img.jpg HTTP/1.0" 200 30365 "http://scimorestest.com/intl-school.php" "Mozilla/5.0 (Macintosh; Intel Mac OS X 10_10_5) AppleWebKit/603.2.5 (KHTML, like Gecko) Version/10.1.1 Safari/603.2.5"
24.19.171.81 - - [06/Jan/2018:21:21:32 -0500] "GET /intl-school.php HTTP/1.0" 200 9632 "http://scimorestest.com/index1.php" "Mozilla/5.0 (Macintosh; Intel Mac OS X 10_13_2) AppleWebKit/537.36 (KHTML, like Gecko) Chrome/63.0.3239.84 Safari/537.36"
24.19.171.81 - - [06/Jan/2018:21:21:32 -0500] "GET /css/helper.css HTTP/1.0" 404 575 "http://scimorestest.com/intl-school.php" "Mozilla/5.0 (Macintosh; Intel Mac OS X 10_13_2) AppleWebKit/537.36 (KHTML, like Gecko) Chrome/63.0.3239.84 Safari/537.36"
24.19.171.81 - - [06/Jan/2018:21:21:32 -0500] "GET /images/bullat.png HTTP/1.0" 404 575 "http://scimorestest.com/css/template_sci.css" "Mozilla/5.0 (Macintosh; Intel Mac OS X 10_13_2) AppleWebKit/537.36 (KHTML, like Gecko) Chrome/63.0.3239.84 Safari/537.36"
24.19.171.81 - - [06/Jan/2018:21:21:36 -0500] "GET /intl-school.php HTTP/1.0" 200 9632 "http://scimorestest.com/intl-school.php" "Mozilla/5.0 (Macintosh; Intel Mac OS X 10_13_2) AppleWebKit/537.36 (KHTML, like Gecko) Chrome/63.0.3239.84 Safari/537.36"
24.19.171.81 - - [06/Jan/2018:21:21:36 -0500] "GET /css/helper.css HTTP/1.0" 404 575 "http://scimorestest.com/intl-school.php" "Mozilla/5.0 (Macintosh; Intel Mac OS X 10_13_2) AppleWebKit/537.36 (KHTML, like Gecko) Chrome/63.0.3239.84 Safari/537.36"
24.19.171.81 - - [06/Jan/2018:21:21:36 -0500] "GET /images/bullat.png HTTP/1.0" 404 575 "http://scimorestest.com/css/template_sci.css" "Mozilla/5.0 (Macintosh; Intel Mac OS X 10_13_2) AppleWebKit/537.36 (KHTML, like Gecko) Chrome/63.0.3239.84 Safari/537.36"
24.19.171.81 - - [06/Jan/2018:21:21:43 -0500] "GET /education.php HTTP/1.0" 200 9831 "http://scimorestest.com/intl-school.php" "Mozilla/5.0 (Macintosh; Intel Mac OS X 10_13_2) AppleWebKit/537.36 (KHTML, like Gecko) Chrome/63.0.3239.84 Safari/537.36"
24.19.171.81 - - [06/Jan/2018:21:21:43 -0500] "GET /css/helper.css HTTP/1.0" 404 575 "http://scimorestest.com/education.php" "Mozilla/5.0 (Macintosh; Intel Mac OS X 10_13_2) AppleWebKit/537.36 (KHTML, like Gecko) Chrome/63.0.3239.84 Safari/537.36"
24.19.171.81 - - [06/Jan/2018:21:21:43 -0500] "GET /images/bullat.png HTTP/1.0" 404 575 "http://scimorestest.com/css/template_sci.css" "Mozilla/5.0 (Macintosh; Intel Mac OS X 10_13_2) AppleWebKit/537.36 (KHTML, like Gecko) Chrome/63.0.3239.84 Safari/537.36"
24.19.171.81 - - [06/Jan/2018:21:21:47 -0500] "GET /intl-school.php HTTP/1.0" 200 9632 "http://scimorestest.com/education.php" "Mozilla/5.0 (Macintosh; Intel Mac OS X 10_13_2) AppleWebKit/537.36 (KHTML, like Gecko) Chrome/63.0.3239.84 Safari/537.36"
24.19.171.81 - - [06/Jan/2018:21:21:47 -0500] "GET /css/helper.css HTTP/1.0" 404 575 "http://scimorestest.com/intl-school.php" "Mozilla/5.0 (Macintosh; Intel Mac OS X 10_13_2) AppleWebKit/537.36 (KHTML, like Gecko) Chrome/63.0.3239.84 Safari/537.36"
24.19.171.81 - - [06/Jan/2018:21:21:47 -0500] "GET /images/bullat.png HTTP/1.0" 404 575 "http://scimorestest.com/css/template_sci.css" "Mozilla/5.0 (Macintosh; Intel Mac OS X 10_13_2) AppleWebKit/537.36 (KHTML, like Gecko) Chrome/63.0.3239.84 Safari/537.36"
24.19.171.81 - - [06/Jan/2018:21:21:40 -0500] "GET /pdf/viewplan.pdf HTTP/1.0" 200 42894706 "http://scimorestest.com/intl-school.php" "Mozilla/5.0 (Macintosh; Intel Mac OS X 10_13_2) AppleWebKit/537.36 (KHTML, like Gecko) Chrome/63.0.3239.84 Safari/537.36"
166.216.165.90 - - [06/Jan/2018:21:21:20 -0500] "GET /pdf/viewplan.pdf HTTP/1.0" 200 42894706 "http://scimorestest.com/intl-school.php" "Mozilla/5.0 (Macintosh; Intel Mac OS X 10_10_5) AppleWebKit/603.2.5 (KHTML, like Gecko) Version/10.1.1 Safari/603.2.5"
24.19.171.81 - - [06/Jan/2018:21:21:54 -0500] "GET /academy.php HTTP/1.0" 200 10298 "http://scimorestest.com/intl-school.php" "Mozilla/5.0 (Macintosh; Intel Mac OS X 10_13_2) AppleWebKit/537.36 (KHTML, like Gecko) Chrome/63.0.3239.84 Safari/537.36"
24.19.171.81 - - [06/Jan/2018:21:21:55 -0500] "GET /css/helper.css HTTP/1.0" 404 575 "http://scimorestest.com/academy.php" "Mozilla/5.0 (Macintosh; Intel Mac OS X 10_13_2) AppleWebKit/537.36 (KHTML, like Gecko) Chrome/63.0.3239.84 Safari/537.36"
24.19.171.81 - - [06/Jan/2018:21:20:33 -0500] "GET /images/bullat.png HTTP/1.0" 404 575 "http://scimorestest.com/css/template_sci.css" "Mozilla/5.0 (Macintosh; Intel Mac OS X 10_13_2) AppleWebKit/537.36 (KHTML, like Gecko) Chrome/63.0.3239.84 Safari/537.36"
