119.160.194.219 - - [17/Jan/2018:12:30:26 -0500] "GET /images/bullat.png HTTP/1.0" 404 575 "http://scimorestest.com/css/template_sci.css" "Mozilla/5.0 (Macintosh; Intel Mac OS X 10_11_6) AppleWebKit/537.36 (KHTML, like Gecko) Chrome/63.0.3239.108 Safari/537.36"
119.160.194.219 - - [17/Jan/2018:12:30:26 -0500] "GET /images/shadow_bg.png HTTP/1.0" 200 134 "http://scimorestest.com/css/template_sci.css" "Mozilla/5.0 (Macintosh; Intel Mac OS X 10_11_6) AppleWebKit/537.36 (KHTML, like Gecko) Chrome/63.0.3239.108 Safari/537.36"
119.160.194.219 - - [17/Jan/2018:12:30:26 -0500] "GET /images/auditorium-thumb.png HTTP/1.0" 200 514086 "http://scimorestest.com/" "Mozilla/5.0 (Macintosh; Intel Mac OS X 10_11_6) AppleWebKit/537.36 (KHTML, like Gecko) Chrome/63.0.3239.108 Safari/537.36"
119.160.194.219 - - [17/Jan/2018:12:30:26 -0500] "GET /images/line_3.png HTTP/1.0" 200 487 "http://scimorestest.com/css/dropdown.vertical.css" "Mozilla/5.0 (Macintosh; Intel Mac OS X 10_11_6) AppleWebKit/537.36 (KHTML, like Gecko) Chrome/63.0.3239.108 Safari/537.36"
119.160.194.219 - - [17/Jan/2018:12:30:27 -0500] "GET /images/split_line.png HTTP/1.0" 200 130 "http://scimorestest.com/css/template_sci.css" "Mozilla/5.0 (Macintosh; Intel Mac OS X 10_11_6) AppleWebKit/537.36 (KHTML, like Gecko) Chrome/63.0.3239.108 Safari/537.36"
119.160.194.219 - - [17/Jan/2018:12:29:10 -0500] "GET /images/Slideshow-2.png HTTP/1.0" 200 2207788 "http://scimorestest.com/" "Mozilla/5.0 (Macintosh; Intel Mac OS X 10_11_6) AppleWebKit/537.36 (KHTML, like Gecko) Chrome/63.0.3239.108 Safari/537.36"
119.160.194.219 - - [17/Jan/2018:12:30:36 -0500] "GET /images/Slideshow-3.png HTTP/1.0" 200 1957878 "http://scimorestest.com/" "Mozilla/5.0 (Macintosh; Intel Mac OS X 10_11_6) AppleWebKit/537.36 (KHTML, like Gecko) Chrome/63.0.3239.108 Safari/537.36"
119.160.194.219 - - [17/Jan/2018:12:30:41 -0500] "GET /images/Slideshow-4.png HTTP/1.0" 200 3872702 "http://scimorestest.com/" "Mozilla/5.0 (Macintosh; Intel Mac OS X 10_11_6) AppleWebKit/537.36 (KHTML, like Gecko) Chrome/63.0.3239.108 Safari/537.36"
119.160.194.219 - - [17/Jan/2018:12:30:51 -0500] "GET /images/Slideshow-2.png HTTP/1.0" 206 1 "http://scimorestest.com/" "Mozilla/5.0 (Macintosh; Intel Mac OS X 10_11_6) AppleWebKit/537.36 (KHTML, like Gecko) Chrome/63.0.3239.108 Safari/537.36"
119.160.194.219 - - [17/Jan/2018:12:30:52 -0500] "GET /images/Slideshow-2.png HTTP/1.0" 206 1906664 "http://scimorestest.com/" "Mozilla/5.0 (Macintosh; Intel Mac OS X 10_11_6) AppleWebKit/537.36 (KHTML, like Gecko) Chrome/63.0.3239.108 Safari/537.36"
119.160.194.219 - - [17/Jan/2018:12:29:34 -0500] "GET /images/Slideshow-3.png HTTP/1.0" 206 1 "http://scimorestest.com/" "Mozilla/5.0 (Macintosh; Intel Mac OS X 10_11_6) AppleWebKit/537.36 (KHTML, like Gecko) Chrome/63.0.3239.108 Safari/537.36"
119.160.194.219 - - [17/Jan/2018:12:30:57 -0500] "GET /images/Slideshow-3.png HTTP/1.0" 206 1562810 "http://scimorestest.com/" "Mozilla/5.0 (Macintosh; Intel Mac OS X 10_11_6) AppleWebKit/537.36 (KHTML, like Gecko) Chrome/63.0.3239.108 Safari/537.36"
119.160.194.219 - - [17/Jan/2018:12:29:40 -0500] "GET /images/Slideshow-4.png HTTP/1.0" 206 1 "http://scimorestest.com/" "Mozilla/5.0 (Macintosh; Intel Mac OS X 10_11_6) AppleWebKit/537.36 (KHTML, like Gecko) Chrome/63.0.3239.108 Safari/537.36"
119.160.194.219 - - [17/Jan/2018:12:29:41 -0500] "GET /images/Slideshow-4.png HTTP/1.0" 206 3407478 "http://scimorestest.com/" "Mozilla/5.0 (Macintosh; Intel Mac OS X 10_11_6) AppleWebKit/537.36 (KHTML, like Gecko) Chrome/63.0.3239.108 Safari/537.36"
119.160.194.219 - - [17/Jan/2018:12:31:11 -0500] "GET /images/Slideshow-2.png HTTP/1.0" 206 1 "http://scimorestest.com/" "Mozilla/5.0 (Macintosh; Intel Mac OS X 10_11_6) AppleWebKit/537.36 (KHTML, like Gecko) Chrome/63.0.3239.108 Safari/537.36"
119.160.194.219 - - [17/Jan/2018:12:31:13 -0500] "GET /images/Slideshow-2.png HTTP/1.0" 206 1506780 "http://scimorestest.com/" "Mozilla/5.0 (Macintosh; Intel Mac OS X 10_11_6) AppleWebKit/537.36 (KHTML, like Gecko) Chrome/63.0.3239.108 Safari/537.36"
119.160.194.219 - - [17/Jan/2018:12:31:17 -0500] "GET /images/Slideshow-3.png HTTP/1.0" 206 1 "http://scimorestest.com/" "Mozilla/5.0 (Macintosh; Intel Mac OS X 10_11_6) AppleWebKit/537.36 (KHTML, like Gecko) Chrome/63.0.3239.108 Safari/537.36"
119.160.194.219 - - [17/Jan/2018:12:31:18 -0500] "GET /images/Slideshow-3.png HTTP/1.0" 206 1184942 "http://scimorestest.com/" "Mozilla/5.0 (Macintosh; Intel Mac OS X 10_11_6) AppleWebKit/537.36 (KHTML, like Gecko) Chrome/63.0.3239.108 Safari/537.36"
119.160.194.219 - - [17/Jan/2018:12:31:24 -0500] "GET /images/Slideshow-4.png HTTP/1.0" 206 1 "http://scimorestest.com/" "Mozilla/5.0 (Macintosh; Intel Mac OS X 10_11_6) AppleWebKit/537.36 (KHTML, like Gecko) Chrome/63.0.3239.108 Safari/537.36"
119.160.194.219 - - [17/Jan/2018:12:31:25 -0500] "GET /images/Slideshow-4.png HTTP/1.0" 206 3098638 "http://scimorestest.com/" "Mozilla/5.0 (Macintosh; Intel Mac OS X 10_11_6) AppleWebKit/537.36 (KHTML, like Gecko) Chrome/63.0.3239.108 Safari/537.36"
119.160.194.219 - - [17/Jan/2018:12:29:04 -0500] "GET /images/Slideshow-1.png HTTP/1.0" 200 3689289 "http://scimorestest.com/" "Mozilla/5.0 (Macintosh; Intel Mac OS X 10_11_6) AppleWebKit/537.36 (KHTML, like Gecko) Chrome/63.0.3239.108 Safari/537.36"
119.160.194.219 - - [17/Jan/2018:12:31:31 -0500] "GET /images/Slideshow-2.png HTTP/1.0" 206 1 "http://scimorestest.com/" "Mozilla/5.0 (Macintosh; Intel Mac OS X 10_11_6) AppleWebKit/537.36 (KHTML, like Gecko) Chrome/63.0.3239.108 Safari/537.36"
119.160.194.219 - - [17/Jan/2018:12:31:32 -0500] "GET /images/Slideshow-2.png HTTP/1.0" 206 1498092 "http://scimorestest.com/" "Mozilla/5.0 (Macintosh; Intel Mac OS X 10_11_6) AppleWebKit/537.36 (KHTML, like Gecko) Chrome/63.0.3239.108 Safari/537.36"
119.160.194.219 - - [17/Jan/2018:12:31:36 -0500] "GET /images/Slideshow-3.png HTTP/1.0" 206 1 "http://scimorestest.com/" "Mozilla/5.0 (Macintosh; Intel Mac OS X 10_11_6) AppleWebKit/537.36 (KHTML, like Gecko) Chrome/63.0.3239.108 Safari/537.36"
119.160.194.219 - - [17/Jan/2018:12:31:37 -0500] "GET /images/Slideshow-3.png HTTP/1.0" 206 1022947 "http://scimorestest.com/" "Mozilla/5.0 (Macintosh; Intel Mac OS X 10_11_6) AppleWebKit/537.36 (KHTML, like Gecko) Chrome/63.0.3239.108 Safari/537.36"
119.160.194.219 - - [17/Jan/2018:12:31:42 -0500] "GET /images/Slideshow-4.png HTTP/1.0" 206 1 "http://scimorestest.com/" "Mozilla/5.0 (Macintosh; Intel Mac OS X 10_11_6) AppleWebKit/537.36 (KHTML, like Gecko) Chrome/63.0.3239.108 Safari/537.36"
119.160.194.219 - - [17/Jan/2018:12:31:42 -0500] "GET /images/Slideshow-4.png HTTP/1.0" 206 3098638 "http://scimorestest.com/" "Mozilla/5.0 (Macintosh; Intel Mac OS X 10_11_6) AppleWebKit/537.36 (KHTML, like Gecko) Chrome/63.0.3239.108 Safari/537.36"
119.160.194.219 - - [17/Jan/2018:12:31:52 -0500] "GET /images/Slideshow-2.png HTTP/1.0" 206 1 "http://scimorestest.com/" "Mozilla/5.0 (Macintosh; Intel Mac OS X 10_11_6) AppleWebKit/537.36 (KHTML, like Gecko) Chrome/63.0.3239.108 Safari/537.36"
119.160.194.219 - - [17/Jan/2018:12:31:52 -0500] "GET /images/Slideshow-2.png HTTP/1.0" 206 1268000 "http://scimorestest.com/" "Mozilla/5.0 (Macintosh; Intel Mac OS X 10_11_6) AppleWebKit/537.36 (KHTML, like Gecko) Chrome/63.0.3239.108 Safari/537.36"
119.160.194.219 - - [17/Jan/2018:12:31:56 -0500] "GET /images/Slideshow-3.png HTTP/1.0" 206 1 "http://scimorestest.com/" "Mozilla/5.0 (Macintosh; Intel Mac OS X 10_11_6) AppleWebKit/537.36 (KHTML, like Gecko) Chrome/63.0.3239.108 Safari/537.36"
119.160.194.219 - - [17/Jan/2018:12:31:56 -0500] "GET /images/Slideshow-3.png HTTP/1.0" 206 992599 "http://scimorestest.com/" "Mozilla/5.0 (Macintosh; Intel Mac OS X 10_11_6) AppleWebKit/537.36 (KHTML, like Gecko) Chrome/63.0.3239.108 Safari/537.36"
119.160.194.219 - - [17/Jan/2018:12:32:01 -0500] "GET /images/Slideshow-4.png HTTP/1.0" 206 1 "http://scimorestest.com/" "Mozilla/5.0 (Macintosh; Intel Mac OS X 10_11_6) AppleWebKit/537.36 (KHTML, like Gecko) Chrome/63.0.3239.108 Safari/537.36"
119.160.194.219 - - [17/Jan/2018:12:32:02 -0500] "GET /images/Slideshow-4.png HTTP/1.0" 206 3052798 "http://scimorestest.com/" "Mozilla/5.0 (Macintosh; Intel Mac OS X 10_11_6) AppleWebKit/537.36 (KHTML, like Gecko) Chrome/63.0.3239.108 Safari/537.36"
119.160.194.219 - - [17/Jan/2018:12:32:06 -0500] "GET /favicon.ico HTTP/1.0" 404 575 "http://scimorestest.com/" "Mozilla/5.0 (Macintosh; Intel Mac OS X 10_11_6) AppleWebKit/537.36 (KHTML, like Gecko) Chrome/63.0.3239.108 Safari/537.36"
119.160.194.219 - - [17/Jan/2018:12:32:11 -0500] "GET /images/Slideshow-2.png HTTP/1.0" 206 1 "http://scimorestest.com/" "Mozilla/5.0 (Macintosh; Intel Mac OS X 10_11_6) AppleWebKit/537.36 (KHTML, like Gecko) Chrome/63.0.3239.108 Safari/537.36"
119.160.194.219 - - [17/Jan/2018:12:32:12 -0500] "GET /images/Slideshow-2.png HTTP/1.0" 206 838283 "http://scimorestest.com/" "Mozilla/5.0 (Macintosh; Intel Mac OS X 10_11_6) AppleWebKit/537.36 (KHTML, like Gecko) Chrome/63.0.3239.108 Safari/537.36"
119.160.194.219 - - [17/Jan/2018:12:32:16 -0500] "GET /images/Slideshow-3.png HTTP/1.0" 206 1 "http://scimorestest.com/" "Mozilla/5.0 (Macintosh; Intel Mac OS X 10_11_6) AppleWebKit/537.36 (KHTML, like Gecko) Chrome/63.0.3239.108 Safari/537.36"
119.160.194.219 - - [17/Jan/2018:12:32:17 -0500] "GET /images/Slideshow-3.png HTTP/1.0" 206 587118 "http://scimorestest.com/" "Mozilla/5.0 (Macintosh; Intel Mac OS X 10_11_6) AppleWebKit/537.36 (KHTML, like Gecko) Chrome/63.0.3239.108 Safari/537.36"
119.160.194.219 - - [17/Jan/2018:12:32:21 -0500] "GET /images/Slideshow-4.png HTTP/1.0" 206 1 "http://scimorestest.com/" "Mozilla/5.0 (Macintosh; Intel Mac OS X 10_11_6) AppleWebKit/537.36 (KHTML, like Gecko) Chrome/63.0.3239.108 Safari/537.36"
119.160.194.219 - - [17/Jan/2018:12:32:22 -0500] "GET /images/Slideshow-4.png HTTP/1.0" 206 2545642 "http://scimorestest.com/" "Mozilla/5.0 (Macintosh; Intel Mac OS X 10_11_6) AppleWebKit/537.36 (KHTML, like Gecko) Chrome/63.0.3239.108 Safari/537.36"
119.160.194.219 - - [17/Jan/2018:12:32:31 -0500] "GET /images/Slideshow-2.png HTTP/1.0" 206 1 "http://scimorestest.com/" "Mozilla/5.0 (Macintosh; Intel Mac OS X 10_11_6) AppleWebKit/537.36 (KHTML, like Gecko) Chrome/63.0.3239.108 Safari/537.36"
119.160.194.219 - - [17/Jan/2018:12:32:32 -0500] "GET /images/Slideshow-2.png HTTP/1.0" 206 331108 "http://scimorestest.com/" "Mozilla/5.0 (Macintosh; Intel Mac OS X 10_11_6) AppleWebKit/537.36 (KHTML, like Gecko) Chrome/63.0.3239.108 Safari/537.36"
119.160.194.219 - - [17/Jan/2018:12:32:36 -0500] "GET /images/Slideshow-3.png HTTP/1.0" 206 1 "http://scimorestest.com/" "Mozilla/5.0 (Macintosh; Intel Mac OS X 10_11_6) AppleWebKit/537.36 (KHTML, like Gecko) Chrome/63.0.3239.108 Safari/537.36"
119.160.194.219 - - [17/Jan/2018:12:32:36 -0500] "GET /images/Slideshow-3.png HTTP/1.0" 206 57210 "http://scimorestest.com/" "Mozilla/5.0 (Macintosh; Intel Mac OS X 10_11_6) AppleWebKit/537.36 (KHTML, like Gecko) Chrome/63.0.3239.108 Safari/537.36"
119.160.194.219 - - [17/Jan/2018:12:31:19 -0500] "GET /images/Slideshow-4.png HTTP/1.0" 206 1 "http://scimorestest.com/" "Mozilla/5.0 (Macintosh; Intel Mac OS X 10_11_6) AppleWebKit/537.36 (KHTML, like Gecko) Chrome/63.0.3239.108 Safari/537.36"
119.160.194.219 - - [17/Jan/2018:12:32:42 -0500] "GET /images/Slideshow-4.png HTTP/1.0" 206 2400842 "http://scimorestest.com/" "Mozilla/5.0 (Macintosh; Intel Mac OS X 10_11_6) AppleWebKit/537.36 (KHTML, like Gecko) Chrome/63.0.3239.108 Safari/537.36"
119.160.194.219 - - [17/Jan/2018:12:31:30 -0500] "GET /images/Slideshow-2.png HTTP/1.0" 206 1 "http://scimorestest.com/" "Mozilla/5.0 (Macintosh; Intel Mac OS X 10_11_6) AppleWebKit/537.36 (KHTML, like Gecko) Chrome/63.0.3239.108 Safari/537.36"
119.160.194.219 - - [17/Jan/2018:12:32:53 -0500] "GET /images/Slideshow-2.png HTTP/1.0" 206 78861 "http://scimorestest.com/" "Mozilla/5.0 (Macintosh; Intel Mac OS X 10_11_6) AppleWebKit/537.36 (KHTML, like Gecko) Chrome/63.0.3239.108 Safari/537.36"
119.160.194.219 - - [17/Jan/2018:12:33:01 -0500] "GET /images/Slideshow-4.png HTTP/1.0" 206 1 "http://scimorestest.com/" "Mozilla/5.0 (Macintosh; Intel Mac OS X 10_11_6) AppleWebKit/537.36 (KHTML, like Gecko) Chrome/63.0.3239.108 Safari/537.36"
119.160.194.219 - - [17/Jan/2018:12:33:22 -0500] "GET /images/Slideshow-4.png HTTP/1.0" 206 1 "http://scimorestest.com/" "Mozilla/5.0 (Macintosh; Intel Mac OS X 10_11_6) AppleWebKit/537.36 (KHTML, like Gecko) Chrome/63.0.3239.108 Safari/537.36"
119.160.194.219 - - [17/Jan/2018:12:33:23 -0500] "GET /images/Slideshow-4.png HTTP/1.0" 206 1731630 "http://scimorestest.com/" "Mozilla/5.0 (Macintosh; Intel Mac OS X 10_11_6) AppleWebKit/537.36 (KHTML, like Gecko) Chrome/63.0.3239.108 Safari/537.36"
96.241.84.6 - - [17/Jan/2018:12:32:09 -0500] "GET /academy.php HTTP/1.0" 200 8219 "http://scimorestest.com/index1.php" "Mozilla/5.0 (Macintosh; Intel Mac OS X 10_10_5) AppleWebKit/603.2.5 (KHTML, like Gecko) Version/10.1.1 Safari/603.2.5"
96.241.84.6 - - [17/Jan/2018:12:32:13 -0500] "GET /index1.php HTTP/1.0" 200 18160 "http://scimorestest.com/academy.php" "Mozilla/5.0 (Macintosh; Intel Mac OS X 10_10_5) AppleWebKit/603.2.5 (KHTML, like Gecko) Version/10.1.1 Safari/603.2.5"
119.160.194.219 - - [17/Jan/2018:12:33:41 -0500] "GET /images/Slideshow-4.png HTTP/1.0" 206 1 "http://scimorestest.com/" "Mozilla/5.0 (Macintosh; Intel Mac OS X 10_11_6) AppleWebKit/537.36 (KHTML, like Gecko) Chrome/63.0.3239.108 Safari/537.36"
119.160.194.219 - - [17/Jan/2018:12:33:42 -0500] "GET /images/Slideshow-4.png HTTP/1.0" 206 1484142 "http://scimorestest.com/" "Mozilla/5.0 (Macintosh; Intel Mac OS X 10_11_6) AppleWebKit/537.36 (KHTML, like Gecko) Chrome/63.0.3239.108 Safari/537.36"
119.160.194.219 - - [17/Jan/2018:12:34:02 -0500] "GET /images/Slideshow-4.png HTTP/1.0" 206 1 "http://scimorestest.com/" "Mozilla/5.0 (Macintosh; Intel Mac OS X 10_11_6) AppleWebKit/537.36 (KHTML, like Gecko) Chrome/63.0.3239.108 Safari/537.36"
119.160.194.219 - - [17/Jan/2018:12:34:02 -0500] "GET /images/Slideshow-4.png HTTP/1.0" 206 958518 "http://scimorestest.com/" "Mozilla/5.0 (Macintosh; Intel Mac OS X 10_11_6) AppleWebKit/537.36 (KHTML, like Gecko) Chrome/63.0.3239.108 Safari/537.36"
96.241.84.6 - - [17/Jan/2018:12:34:11 -0500] "GET /academy.php HTTP/1.0" 200 8219 "http://scimorestest.com/index1.php" "Mozilla/5.0 (Macintosh; Intel Mac OS X 10_10_5) AppleWebKit/603.2.5 (KHTML, like Gecko) Version/10.1.1 Safari/603.2.5"
119.160.194.219 - - [17/Jan/2018:12:34:22 -0500] "GET /images/Slideshow-4.png HTTP/1.0" 206 1 "http://scimorestest.com/" "Mozilla/5.0 (Macintosh; Intel Mac OS X 10_11_6) AppleWebKit/537.36 (KHTML, like Gecko) Chrome/63.0.3239.108 Safari/537.36"
119.160.194.219 - - [17/Jan/2018:12:34:22 -0500] "GET /images/Slideshow-4.png HTTP/1.0" 206 505675 "http://scimorestest.com/" "Mozilla/5.0 (Macintosh; Intel Mac OS X 10_11_6) AppleWebKit/537.36 (KHTML, like Gecko) Chrome/63.0.3239.108 Safari/537.36"
96.241.84.6 - - [17/Jan/2018:12:34:26 -0500] "GET /index1.php HTTP/1.0" 200 18160 "http://scimorestest.com/academy.php" "Mozilla/5.0 (Macintosh; Intel Mac OS X 10_10_5) AppleWebKit/603.2.5 (KHTML, like Gecko) Version/10.1.1 Safari/603.2.5"
119.160.194.219 - - [17/Jan/2018:12:34:30 -0500] "GET /academy.php HTTP/1.0" 200 8219 "http://scimorestest.com/" "Mozilla/5.0 (Macintosh; Intel Mac OS X 10_11_6) AppleWebKit/537.36 (KHTML, like Gecko) Chrome/63.0.3239.108 Safari/537.36"
119.160.194.219 - - [17/Jan/2018:12:34:31 -0500] "GET /images/current-profiles/academy-small.png HTTP/1.0" 200 710465 "http://scimorestest.com/academy.php" "Mozilla/5.0 (Macintosh; Intel Mac OS X 10_11_6) AppleWebKit/537.36 (KHTML, like Gecko) Chrome/63.0.3239.108 Safari/537.36"
119.160.194.219 - - [17/Jan/2018:12:34:32 -0500] "GET /images/view_update.png HTTP/1.0" 200 18590 "http://scimorestest.com/academy.php" "Mozilla/5.0 (Macintosh; Intel Mac OS X 10_11_6) AppleWebKit/537.36 (KHTML, like Gecko) Chrome/63.0.3239.108 Safari/537.36"
119.160.194.219 - - [17/Jan/2018:12:34:32 -0500] "GET /images/view_status.png HTTP/1.0" 200 17819 "http://scimorestest.com/academy.php" "Mozilla/5.0 (Macintosh; Intel Mac OS X 10_11_6) AppleWebKit/537.36 (KHTML, like Gecko) Chrome/63.0.3239.108 Safari/537.36"
119.160.194.219 - - [17/Jan/2018:12:34:32 -0500] "GET /images/view_plan.png HTTP/1.0" 200 16983 "http://scimorestest.com/academy.php" "Mozilla/5.0 (Macintosh; Intel Mac OS X 10_11_6) AppleWebKit/537.36 (KHTML, like Gecko) Chrome/63.0.3239.108 Safari/537.36"
119.160.194.219 - - [17/Jan/2018:12:33:11 -0500] "GET /css/helper.css HTTP/1.0" 404 575 "http://scimorestest.com/academy.php" "Mozilla/5.0 (Macintosh; Intel Mac OS X 10_11_6) AppleWebKit/537.36 (KHTML, like Gecko) Chrome/63.0.3239.108 Safari/537.36"
119.160.194.219 - - [17/Jan/2018:12:34:32 -0500] "GET /images/bullat.png HTTP/1.0" 404 575 "http://scimorestest.com/css/template_sci.css" "Mozilla/5.0 (Macintosh; Intel Mac OS X 10_11_6) AppleWebKit/537.36 (KHTML, like Gecko) Chrome/63.0.3239.108 Safari/537.36"
119.160.194.219 - - [17/Jan/2018:12:34:32 -0500] "GET /images/content_inner_bg.png HTTP/1.0" 200 1239 "http://scimorestest.com/css/template_sci.css" "Mozilla/5.0 (Macintosh; Intel Mac OS X 10_11_6) AppleWebKit/537.36 (KHTML, like Gecko) Chrome/63.0.3239.108 Safari/537.36"
96.241.84.6 - - [17/Jan/2018:12:33:12 -0500] "GET /academy.php HTTP/1.0" 200 8219 "http://scimorestest.com/index1.php" "Mozilla/5.0 (Macintosh; Intel Mac OS X 10_10_5) AppleWebKit/603.2.5 (KHTML, like Gecko) Version/10.1.1 Safari/603.2.5"
96.241.84.6 - - [17/Jan/2018:12:34:44 -0500] "GET /news.php HTTP/1.0" 200 12771 "http://scimorestest.com/academy.php" "Mozilla/5.0 (Macintosh; Intel Mac OS X 10_10_5) AppleWebKit/603.2.5 (KHTML, like Gecko) Version/10.1.1 Safari/603.2.5"
119.160.194.219 - - [17/Jan/2018:12:34:47 -0500] "GET /news.php HTTP/1.0" 200 12771 "http://scimorestest.com/academy.php" "Mozilla/5.0 (Macintosh; Intel Mac OS X 10_11_6) AppleWebKit/537.36 (KHTML, like Gecko) Chrome/63.0.3239.108 Safari/537.36"
119.160.194.219 - - [17/Jan/2018:12:34:48 -0500] "GET /js/switchcontent.js HTTP/1.0" 200 14914 "http://scimorestest.com/news.php" "Mozilla/5.0 (Macintosh; Intel Mac OS X 10_11_6) AppleWebKit/537.36 (KHTML, like Gecko) Chrome/63.0.3239.108 Safari/537.36"
119.160.194.219 - - [17/Jan/2018:12:34:48 -0500] "GET /css/helper.css HTTP/1.0" 404 575 "http://scimorestest.com/news.php" "Mozilla/5.0 (Macintosh; Intel Mac OS X 10_11_6) AppleWebKit/537.36 (KHTML, like Gecko) Chrome/63.0.3239.108 Safari/537.36"
119.160.194.219 - - [17/Jan/2018:12:34:49 -0500] "GET /images/bullat.png HTTP/1.0" 404 575 "http://scimorestest.com/css/template_sci.css" "Mozilla/5.0 (Macintosh; Intel Mac OS X 10_11_6) AppleWebKit/537.36 (KHTML, like Gecko) Chrome/63.0.3239.108 Safari/537.36"
119.160.194.219 - - [17/Jan/2018:12:34:49 -0500] "GET /images/news.jpg HTTP/1.0" 200 166457 "http://scimorestest.com/css/template_sci.css" "Mozilla/5.0 (Macintosh; Intel Mac OS X 10_11_6) AppleWebKit/537.36 (KHTML, like Gecko) Chrome/63.0.3239.108 Safari/537.36"
119.160.194.219 - - [17/Jan/2018:12:34:32 -0500] "GET /images/academy-bg.png HTTP/1.0" 200 3872702 "http://scimorestest.com/css/template_sci.css" "Mozilla/5.0 (Macintosh; Intel Mac OS X 10_11_6) AppleWebKit/537.36 (KHTML, like Gecko) Chrome/63.0.3239.108 Safari/537.36"
119.160.194.219 - - [17/Jan/2018:12:34:20 -0500] "GET /academy.php HTTP/1.0" 200 8219 "http://scimorestest.com/news.php" "Mozilla/5.0 (Macintosh; Intel Mac OS X 10_11_6) AppleWebKit/537.36 (KHTML, like Gecko) Chrome/63.0.3239.108 Safari/537.36"
119.160.194.219 - - [17/Jan/2018:12:34:22 -0500] "GET /academy.php HTTP/1.0" 200 8219 "http://scimorestest.com/news.php" "Mozilla/5.0 (Macintosh; Intel Mac OS X 10_11_6) AppleWebKit/537.36 (KHTML, like Gecko) Chrome/63.0.3239.108 Safari/537.36"
119.160.194.219 - - [17/Jan/2018:12:35:44 -0500] "GET /css/helper.css HTTP/1.0" 404 575 "http://scimorestest.com/academy.php" "Mozilla/5.0 (Macintosh; Intel Mac OS X 10_11_6) AppleWebKit/537.36 (KHTML, like Gecko) Chrome/63.0.3239.108 Safari/537.36"
119.160.194.219 - - [17/Jan/2018:12:35:43 -0500] "GET /academy.php HTTP/1.0" 200 8219 "http://scimorestest.com/news.php" "Mozilla/5.0 (Macintosh; Intel Mac OS X 10_11_6) AppleWebKit/537.36 (KHTML, like Gecko) Chrome/63.0.3239.108 Safari/537.36"
119.160.194.219 - - [17/Jan/2018:12:34:23 -0500] "GET /images/bullat.png HTTP/1.0" 404 575 "http://scimorestest.com/css/template_sci.css" "Mozilla/5.0 (Macintosh; Intel Mac OS X 10_11_6) AppleWebKit/537.36 (KHTML, like Gecko) Chrome/63.0.3239.108 Safari/537.36"
96.241.84.6 - - [17/Jan/2018:12:35:47 -0500] "GET /academy.php HTTP/1.0" 200 8219 "http://scimorestest.com/news.php" "Mozilla/5.0 (Macintosh; Intel Mac OS X 10_10_5) AppleWebKit/603.2.5 (KHTML, like Gecko) Version/10.1.1 Safari/603.2.5"
96.241.84.6 - - [17/Jan/2018:12:35:49 -0500] "GET /pdf/view_status.pdf HTTP/1.0" 200 431718 "http://scimorestest.com/academy.php" "Mozilla/5.0 (Macintosh; Intel Mac OS X 10_10_5) AppleWebKit/603.2.5 (KHTML, like Gecko) Version/10.1.1 Safari/603.2.5"
119.160.194.219 - - [17/Jan/2018:12:34:38 -0500] "GET /pdf/view_status.pdf HTTP/1.0" 200 431718 "http://scimorestest.com/academy.php" "Mozilla/5.0 (Macintosh; Intel Mac OS X 10_11_6) AppleWebKit/537.36 (KHTML, like Gecko) Chrome/63.0.3239.108 Safari/537.36"
119.160.194.219 - - [17/Jan/2018:12:36:05 -0500] "GET /images/academy-bg.png HTTP/1.0" 200 3872702 "http://scimorestest.com/css/template_sci.css" "Mozilla/5.0 (Macintosh; Intel Mac OS X 10_11_6) AppleWebKit/537.36 (KHTML, like Gecko) Chrome/63.0.3239.108 Safari/537.36"
96.241.84.6 - - [17/Jan/2018:12:37:18 -0500] "GET /news.php HTTP/1.0" 200 12771 "http://scimorestest.com/academy.php" "Mozilla/5.0 (Macintosh; Intel Mac OS X 10_10_5) AppleWebKit/603.2.5 (KHTML, like Gecko) Version/10.1.1 Safari/603.2.5"
119.160.194.219 - - [17/Jan/2018:12:35:47 -0500] "GET /pdf/view_plan.pdf HTTP/1.0" 200 8812797 "http://scimorestest.com/academy.php" "Mozilla/5.0 (Macintosh; Intel Mac OS X 10_11_6) AppleWebKit/537.36 (KHTML, like Gecko) Chrome/63.0.3239.108 Safari/537.36"
119.160.194.219 - - [17/Jan/2018:12:38:17 -0500] "GET /contact.php HTTP/1.0" 200 4427 "http://scimorestest.com/academy.php" "Mozilla/5.0 (Macintosh; Intel Mac OS X 10_11_6) AppleWebKit/537.36 (KHTML, like Gecko) Chrome/63.0.3239.108 Safari/537.36"
119.160.194.219 - - [17/Jan/2018:12:36:57 -0500] "GET /css/helper.css HTTP/1.0" 404 575 "http://scimorestest.com/contact.php" "Mozilla/5.0 (Macintosh; Intel Mac OS X 10_11_6) AppleWebKit/537.36 (KHTML, like Gecko) Chrome/63.0.3239.108 Safari/537.36"
119.160.194.219 - - [17/Jan/2018:12:36:57 -0500] "GET /images/contact.jpg HTTP/1.0" 200 123260 "http://scimorestest.com/css/template_sci.css" "Mozilla/5.0 (Macintosh; Intel Mac OS X 10_11_6) AppleWebKit/537.36 (KHTML, like Gecko) Chrome/63.0.3239.108 Safari/537.36"
119.160.194.219 - - [17/Jan/2018:12:38:18 -0500] "GET /images/bullat.png HTTP/1.0" 404 575 "http://scimorestest.com/css/template_sci.css" "Mozilla/5.0 (Macintosh; Intel Mac OS X 10_11_6) AppleWebKit/537.36 (KHTML, like Gecko) Chrome/63.0.3239.108 Safari/537.36"
96.241.84.6 - - [17/Jan/2018:12:43:39 -0500] "GET /index1.php HTTP/1.0" 200 18160 "http://scimorestest.com/academy.php" "Mozilla/5.0 (Macintosh; Intel Mac OS X 10_10_5) AppleWebKit/603.2.5 (KHTML, like Gecko) Version/10.1.1 Safari/603.2.5"
157.55.39.41 - - [17/Jan/2018:13:27:55 -0500] "GET /intl-school.php HTTP/1.0" 200 6559 "-" "Mozilla/5.0 (iPhone; CPU iPhone OS 7_0 like Mac OS X) AppleWebKit/537.51.1 (KHTML, like Gecko) Version/7.0 Mobile/11A465 Safari/9537.53 (compatible; bingbot/2.0; +http://www.bing.com/bingbot.htm)"
199.30.24.173 - - [17/Jan/2018:13:30:41 -0500] "GET /css/template_sci.css HTTP/1.0" 200 27154 "-" "Mozilla/5.0 (iPhone; CPU iPhone OS 7_0 like Mac OS X) AppleWebKit/537.51.1 (KHTML, like Gecko) Version/7.0 Mobile/11A465 Safari/9537.53 BingPreview/1.0b"
157.55.39.98 - - [17/Jan/2018:13:39:17 -0500] "GET /portfolio.php HTTP/1.0" 200 4733 "-" "Mozilla/5.0 (compatible; bingbot/2.0; +http://www.bing.com/bingbot.htm)"
96.241.84.6 - - [17/Jan/2018:14:01:57 -0500] "GET /images/Slideshow-4.png HTTP/1.0" 304 - "http://scimorestest.com/index1.php" "Mozilla/5.0 (Macintosh; Intel Mac OS X 10_10_5) AppleWebKit/603.2.5 (KHTML, like Gecko) Version/10.1.1 Safari/603.2.5"
24.19.171.81 - - [17/Jan/2018:14:31:58 -0500] "GET / HTTP/1.0" 200 18160 "-" "Mozilla/5.0 (Windows NT 10.0; Win64; x64) AppleWebKit/537.36 (KHTML, like Gecko) Chrome/63.0.3239.132 Safari/537.36"
24.19.171.81 - - [17/Jan/2018:14:33:20 -0500] "GET /css/menu.css HTTP/1.0" 200 1056 "http://scimorestest.com/" "Mozilla/5.0 (Windows NT 10.0; Win64; x64) AppleWebKit/537.36 (KHTML, like Gecko) Chrome/63.0.3239.132 Safari/537.36"
24.19.171.81 - - [17/Jan/2018:14:31:59 -0500] "GET /css/style3.css HTTP/1.0" 200 3040 "http://scimorestest.com/" "Mozilla/5.0 (Windows NT 10.0; Win64; x64) AppleWebKit/537.36 (KHTML, like Gecko) Chrome/63.0.3239.132 Safari/537.36"
24.19.171.81 - - [17/Jan/2018:14:33:20 -0500] "GET /css/dropdown.css HTTP/1.0" 200 1861 "http://scimorestest.com/" "Mozilla/5.0 (Windows NT 10.0; Win64; x64) AppleWebKit/537.36 (KHTML, like Gecko) Chrome/63.0.3239.132 Safari/537.36"
24.19.171.81 - - [17/Jan/2018:14:33:20 -0500] "GET /css/vegas.css HTTP/1.0" 200 15633 "http://scimorestest.com/" "Mozilla/5.0 (Windows NT 10.0; Win64; x64) AppleWebKit/537.36 (KHTML, like Gecko) Chrome/63.0.3239.132 Safari/537.36"
24.19.171.81 - - [17/Jan/2018:14:33:20 -0500] "GET /css/labels-font.css HTTP/1.0" 200 4734 "http://scimorestest.com/" "Mozilla/5.0 (Windows NT 10.0; Win64; x64) AppleWebKit/537.36 (KHTML, like Gecko) Chrome/63.0.3239.132 Safari/537.36"
24.19.171.81 - - [17/Jan/2018:14:33:20 -0500] "GET /css/template_sci.css HTTP/1.0" 200 27154 "http://scimorestest.com/" "Mozilla/5.0 (Windows NT 10.0; Win64; x64) AppleWebKit/537.36 (KHTML, like Gecko) Chrome/63.0.3239.132 Safari/537.36"
24.19.171.81 - - [17/Jan/2018:14:33:20 -0500] "GET /css/default.css HTTP/1.0" 200 1164 "http://scimorestest.com/" "Mozilla/5.0 (Windows NT 10.0; Win64; x64) AppleWebKit/537.36 (KHTML, like Gecko) Chrome/63.0.3239.132 Safari/537.36"
24.19.171.81 - - [17/Jan/2018:14:33:20 -0500] "GET /css/dropdown.vertical.css HTTP/1.0" 200 912 "http://scimorestest.com/" "Mozilla/5.0 (Windows NT 10.0; Win64; x64) AppleWebKit/537.36 (KHTML, like Gecko) Chrome/63.0.3239.132 Safari/537.36"
24.19.171.81 - - [17/Jan/2018:14:33:20 -0500] "GET /js/ddaccordion.js HTTP/1.0" 200 12534 "http://scimorestest.com/" "Mozilla/5.0 (Windows NT 10.0; Win64; x64) AppleWebKit/537.36 (KHTML, like Gecko) Chrome/63.0.3239.132 Safari/537.36"
24.19.171.81 - - [17/Jan/2018:14:33:20 -0500] "GET /js/vegas.js HTTP/1.0" 200 25627 "http://scimorestest.com/" "Mozilla/5.0 (Windows NT 10.0; Win64; x64) AppleWebKit/537.36 (KHTML, like Gecko) Chrome/63.0.3239.132 Safari/537.36"
24.19.171.81 - - [17/Jan/2018:14:33:20 -0500] "GET /css/helper.css HTTP/1.0" 404 575 "http://scimorestest.com/" "Mozilla/5.0 (Windows NT 10.0; Win64; x64) AppleWebKit/537.36 (KHTML, like Gecko) Chrome/63.0.3239.132 Safari/537.36"
24.19.171.81 - - [17/Jan/2018:14:33:20 -0500] "GET /images/scimores_logo.png HTTP/1.0" 200 589766 "http://scimorestest.com/" "Mozilla/5.0 (Windows NT 10.0; Win64; x64) AppleWebKit/537.36 (KHTML, like Gecko) Chrome/63.0.3239.132 Safari/537.36"
24.19.171.81 - - [17/Jan/2018:14:33:21 -0500] "GET /images/bullat.png HTTP/1.0" 404 575 "http://scimorestest.com/css/template_sci.css" "Mozilla/5.0 (Windows NT 10.0; Win64; x64) AppleWebKit/537.36 (KHTML, like Gecko) Chrome/63.0.3239.132 Safari/537.36"
24.19.171.81 - - [17/Jan/2018:14:33:21 -0500] "GET /images/navi_inner_bg.gif HTTP/1.0" 200 8641 "http://scimorestest.com/css/template_sci.css" "Mozilla/5.0 (Windows NT 10.0; Win64; x64) AppleWebKit/537.36 (KHTML, like Gecko) Chrome/63.0.3239.132 Safari/537.36"
24.19.171.81 - - [17/Jan/2018:14:33:21 -0500] "GET /images/shadow_bg.png HTTP/1.0" 200 134 "http://scimorestest.com/css/template_sci.css" "Mozilla/5.0 (Windows NT 10.0; Win64; x64) AppleWebKit/537.36 (KHTML, like Gecko) Chrome/63.0.3239.132 Safari/537.36"
24.19.171.81 - - [17/Jan/2018:14:33:21 -0500] "GET /images/split_line.png HTTP/1.0" 200 130 "http://scimorestest.com/css/template_sci.css" "Mozilla/5.0 (Windows NT 10.0; Win64; x64) AppleWebKit/537.36 (KHTML, like Gecko) Chrome/63.0.3239.132 Safari/537.36"
24.19.171.81 - - [17/Jan/2018:14:33:21 -0500] "GET /images/line_3.png HTTP/1.0" 200 487 "http://scimorestest.com/css/dropdown.vertical.css" "Mozilla/5.0 (Windows NT 10.0; Win64; x64) AppleWebKit/537.36 (KHTML, like Gecko) Chrome/63.0.3239.132 Safari/537.36"
24.19.171.81 - - [17/Jan/2018:14:31:59 -0500] "GET /images/auditorium-thumb.png HTTP/1.0" 200 514086 "http://scimorestest.com/" "Mozilla/5.0 (Windows NT 10.0; Win64; x64) AppleWebKit/537.36 (KHTML, like Gecko) Chrome/63.0.3239.132 Safari/537.36"
24.19.171.81 - - [17/Jan/2018:14:33:21 -0500] "GET /images/Slideshow-1.png HTTP/1.0" 200 3689289 "http://scimorestest.com/" "Mozilla/5.0 (Windows NT 10.0; Win64; x64) AppleWebKit/537.36 (KHTML, like Gecko) Chrome/63.0.3239.132 Safari/537.36"
24.19.171.81 - - [17/Jan/2018:14:32:04 -0500] "GET /images/Slideshow-2.png HTTP/1.0" 200 2207788 "http://scimorestest.com/" "Mozilla/5.0 (Windows NT 10.0; Win64; x64) AppleWebKit/537.36 (KHTML, like Gecko) Chrome/63.0.3239.132 Safari/537.36"
24.19.171.81 - - [17/Jan/2018:14:33:30 -0500] "GET /favicon.ico HTTP/1.0" 404 575 "http://scimorestest.com/" "Mozilla/5.0 (Windows NT 10.0; Win64; x64) AppleWebKit/537.36 (KHTML, like Gecko) Chrome/63.0.3239.132 Safari/537.36"
96.241.84.6 - - [17/Jan/2018:14:33:30 -0500] "GET /index1.php HTTP/1.0" 200 18160 "http://scimorestest.com/index1.php" "Mozilla/5.0 (Macintosh; Intel Mac OS X 10_10_5) AppleWebKit/603.2.5 (KHTML, like Gecko) Version/10.1.1 Safari/603.2.5"
24.19.171.81 - - [17/Jan/2018:14:33:31 -0500] "GET /images/Slideshow-3.png HTTP/1.0" 200 1957878 "http://scimorestest.com/" "Mozilla/5.0 (Windows NT 10.0; Win64; x64) AppleWebKit/537.36 (KHTML, like Gecko) Chrome/63.0.3239.132 Safari/537.36"
24.19.171.81 - - [17/Jan/2018:14:33:36 -0500] "GET /images/Slideshow-4.png HTTP/1.0" 200 3872702 "http://scimorestest.com/" "Mozilla/5.0 (Windows NT 10.0; Win64; x64) AppleWebKit/537.36 (KHTML, like Gecko) Chrome/63.0.3239.132 Safari/537.36"
24.19.171.81 - - [17/Jan/2018:14:33:56 -0500] "GET /images/Slideshow-4.png HTTP/1.0" 206 1 "http://scimorestest.com/" "Mozilla/5.0 (Windows NT 10.0; Win64; x64) AppleWebKit/537.36 (KHTML, like Gecko) Chrome/63.0.3239.132 Safari/537.36"
24.19.171.81 - - [17/Jan/2018:14:33:57 -0500] "GET /images/Slideshow-4.png HTTP/1.0" 206 1716950 "http://scimorestest.com/" "Mozilla/5.0 (Windows NT 10.0; Win64; x64) AppleWebKit/537.36 (KHTML, like Gecko) Chrome/63.0.3239.132 Safari/537.36"
24.19.171.81 - - [17/Jan/2018:14:34:16 -0500] "GET /images/Slideshow-4.png HTTP/1.0" 206 1 "http://scimorestest.com/" "Mozilla/5.0 (Windows NT 10.0; Win64; x64) AppleWebKit/537.36 (KHTML, like Gecko) Chrome/63.0.3239.132 Safari/537.36"
24.19.171.81 - - [17/Jan/2018:14:32:54 -0500] "GET /images/Slideshow-4.png HTTP/1.0" 206 30404 "http://scimorestest.com/" "Mozilla/5.0 (Windows NT 10.0; Win64; x64) AppleWebKit/537.36 (KHTML, like Gecko) Chrome/63.0.3239.132 Safari/537.36"
73.2.19.144 - - [17/Jan/2018:14:34:22 -0500] "GET / HTTP/1.0" 200 18160 "https://www.google.com/" "Mozilla/5.0 (Macintosh; Intel Mac OS X 10_13_2) AppleWebKit/604.4.7 (KHTML, like Gecko) Version/11.0.2 Safari/604.4.7"
73.2.19.144 - - [17/Jan/2018:14:33:01 -0500] "GET /css/dropdown.css HTTP/1.0" 200 1861 "http://scimorestest.com/" "Mozilla/5.0 (Macintosh; Intel Mac OS X 10_13_2) AppleWebKit/604.4.7 (KHTML, like Gecko) Version/11.0.2 Safari/604.4.7"
73.2.19.144 - - [17/Jan/2018:14:34:22 -0500] "GET /css/menu.css HTTP/1.0" 200 1056 "http://scimorestest.com/" "Mozilla/5.0 (Macintosh; Intel Mac OS X 10_13_2) AppleWebKit/604.4.7 (KHTML, like Gecko) Version/11.0.2 Safari/604.4.7"
73.2.19.144 - - [17/Jan/2018:14:34:22 -0500] "GET /css/style3.css HTTP/1.0" 200 3040 "http://scimorestest.com/" "Mozilla/5.0 (Macintosh; Intel Mac OS X 10_13_2) AppleWebKit/604.4.7 (KHTML, like Gecko) Version/11.0.2 Safari/604.4.7"
73.2.19.144 - - [17/Jan/2018:14:34:22 -0500] "GET /css/vegas.css HTTP/1.0" 200 15633 "http://scimorestest.com/" "Mozilla/5.0 (Macintosh; Intel Mac OS X 10_13_2) AppleWebKit/604.4.7 (KHTML, like Gecko) Version/11.0.2 Safari/604.4.7"
73.2.19.144 - - [17/Jan/2018:14:33:00 -0500] "GET /css/labels-font.css HTTP/1.0" 200 4734 "http://scimorestest.com/" "Mozilla/5.0 (Macintosh; Intel Mac OS X 10_13_2) AppleWebKit/604.4.7 (KHTML, like Gecko) Version/11.0.2 Safari/604.4.7"
73.2.19.144 - - [17/Jan/2018:14:34:22 -0500] "GET /css/template_sci.css HTTP/1.0" 200 27154 "http://scimorestest.com/" "Mozilla/5.0 (Macintosh; Intel Mac OS X 10_13_2) AppleWebKit/604.4.7 (KHTML, like Gecko) Version/11.0.2 Safari/604.4.7"
73.2.19.144 - - [17/Jan/2018:14:33:01 -0500] "GET /css/dropdown.vertical.css HTTP/1.0" 200 912 "http://scimorestest.com/" "Mozilla/5.0 (Macintosh; Intel Mac OS X 10_13_2) AppleWebKit/604.4.7 (KHTML, like Gecko) Version/11.0.2 Safari/604.4.7"
73.2.19.144 - - [17/Jan/2018:14:34:22 -0500] "GET /js/ddaccordion.js HTTP/1.0" 200 12534 "http://scimorestest.com/" "Mozilla/5.0 (Macintosh; Intel Mac OS X 10_13_2) AppleWebKit/604.4.7 (KHTML, like Gecko) Version/11.0.2 Safari/604.4.7"
73.2.19.144 - - [17/Jan/2018:14:34:22 -0500] "GET /js/vegas.js HTTP/1.0" 200 25627 "http://scimorestest.com/" "Mozilla/5.0 (Macintosh; Intel Mac OS X 10_13_2) AppleWebKit/604.4.7 (KHTML, like Gecko) Version/11.0.2 Safari/604.4.7"
73.2.19.144 - - [17/Jan/2018:14:34:22 -0500] "GET /css/default.css HTTP/1.0" 200 1164 "http://scimorestest.com/" "Mozilla/5.0 (Macintosh; Intel Mac OS X 10_13_2) AppleWebKit/604.4.7 (KHTML, like Gecko) Version/11.0.2 Safari/604.4.7"
73.2.19.144 - - [17/Jan/2018:14:33:01 -0500] "GET /images/scimores_logo.png HTTP/1.0" 200 589766 "http://scimorestest.com/" "Mozilla/5.0 (Macintosh; Intel Mac OS X 10_13_2) AppleWebKit/604.4.7 (KHTML, like Gecko) Version/11.0.2 Safari/604.4.7"
73.2.19.144 - - [17/Jan/2018:14:34:22 -0500] "GET /css/helper.css HTTP/1.0" 404 575 "http://scimorestest.com/" "Mozilla/5.0 (Macintosh; Intel Mac OS X 10_13_2) AppleWebKit/604.4.7 (KHTML, like Gecko) Version/11.0.2 Safari/604.4.7"
73.2.19.144 - - [17/Jan/2018:14:34:22 -0500] "GET /images/auditorium-thumb.png HTTP/1.0" 200 514086 "http://scimorestest.com/" "Mozilla/5.0 (Macintosh; Intel Mac OS X 10_13_2) AppleWebKit/604.4.7 (KHTML, like Gecko) Version/11.0.2 Safari/604.4.7"
73.2.19.144 - - [17/Jan/2018:14:34:22 -0500] "GET /images/navi_inner_bg.gif HTTP/1.0" 200 8641 "http://scimorestest.com/" "Mozilla/5.0 (Macintosh; Intel Mac OS X 10_13_2) AppleWebKit/604.4.7 (KHTML, like Gecko) Version/11.0.2 Safari/604.4.7"
73.2.19.144 - - [17/Jan/2018:14:33:01 -0500] "GET /images/shadow_bg.png HTTP/1.0" 200 134 "http://scimorestest.com/" "Mozilla/5.0 (Macintosh; Intel Mac OS X 10_13_2) AppleWebKit/604.4.7 (KHTML, like Gecko) Version/11.0.2 Safari/604.4.7"
73.2.19.144 - - [17/Jan/2018:14:34:23 -0500] "GET /images/split_line.png HTTP/1.0" 200 130 "http://scimorestest.com/" "Mozilla/5.0 (Macintosh; Intel Mac OS X 10_13_2) AppleWebKit/604.4.7 (KHTML, like Gecko) Version/11.0.2 Safari/604.4.7"
73.2.19.144 - - [17/Jan/2018:14:34:22 -0500] "GET /images/bullat.png HTTP/1.0" 404 575 "http://scimorestest.com/" "Mozilla/5.0 (Macintosh; Intel Mac OS X 10_13_2) AppleWebKit/604.4.7 (KHTML, like Gecko) Version/11.0.2 Safari/604.4.7"
73.2.19.144 - - [17/Jan/2018:14:34:22 -0500] "GET /images/line_3.png HTTP/1.0" 200 487 "http://scimorestest.com/" "Mozilla/5.0 (Macintosh; Intel Mac OS X 10_13_2) AppleWebKit/604.4.7 (KHTML, like Gecko) Version/11.0.2 Safari/604.4.7"
103.214.60.249 - - [17/Jan/2018:14:33:04 -0500] "GET / HTTP/1.0" 200 18160 "-" "Mozilla/5.0 (Windows NT 6.1; Win64; x64) AppleWebKit/537.36 (KHTML, like Gecko) Chrome/63.0.3239.132 Safari/537.36"
73.2.19.144 - - [17/Jan/2018:14:33:01 -0500] "GET /images/Slideshow-1.png HTTP/1.0" 200 3689289 "http://scimorestest.com/" "Mozilla/5.0 (Macintosh; Intel Mac OS X 10_13_2) AppleWebKit/604.4.7 (KHTML, like Gecko) Version/11.0.2 Safari/604.4.7"
103.214.60.249 - - [17/Jan/2018:14:34:26 -0500] "GET /css/template_sci.css HTTP/1.0" 200 27154 "http://scimorestest.com/" "Mozilla/5.0 (Windows NT 6.1; Win64; x64) AppleWebKit/537.36 (KHTML, like Gecko) Chrome/63.0.3239.132 Safari/537.36"
103.214.60.249 - - [17/Jan/2018:14:34:26 -0500] "GET /css/labels-font.css HTTP/1.0" 200 4734 "http://scimorestest.com/" "Mozilla/5.0 (Windows NT 6.1; Win64; x64) AppleWebKit/537.36 (KHTML, like Gecko) Chrome/63.0.3239.132 Safari/537.36"
103.214.60.249 - - [17/Jan/2018:14:34:26 -0500] "GET /css/vegas.css HTTP/1.0" 200 15633 "http://scimorestest.com/" "Mozilla/5.0 (Windows NT 6.1; Win64; x64) AppleWebKit/537.36 (KHTML, like Gecko) Chrome/63.0.3239.132 Safari/537.36"
103.214.60.249 - - [17/Jan/2018:14:34:26 -0500] "GET /css/style3.css HTTP/1.0" 200 3040 "http://scimorestest.com/" "Mozilla/5.0 (Windows NT 6.1; Win64; x64) AppleWebKit/537.36 (KHTML, like Gecko) Chrome/63.0.3239.132 Safari/537.36"
103.214.60.249 - - [17/Jan/2018:14:34:27 -0500] "GET /css/dropdown.vertical.css HTTP/1.0" 304 - "http://scimorestest.com/" "Mozilla/5.0 (Windows NT 6.1; Win64; x64) AppleWebKit/537.36 (KHTML, like Gecko) Chrome/63.0.3239.132 Safari/537.36"
103.214.60.249 - - [17/Jan/2018:14:34:27 -0500] "GET /css/default.css HTTP/1.0" 200 1164 "http://scimorestest.com/" "Mozilla/5.0 (Windows NT 6.1; Win64; x64) AppleWebKit/537.36 (KHTML, like Gecko) Chrome/63.0.3239.132 Safari/537.36"
103.214.60.249 - - [17/Jan/2018:14:33:06 -0500] "GET /js/ddaccordion.js HTTP/1.0" 200 12534 "http://scimorestest.com/" "Mozilla/5.0 (Windows NT 6.1; Win64; x64) AppleWebKit/537.36 (KHTML, like Gecko) Chrome/63.0.3239.132 Safari/537.36"
103.214.60.249 - - [17/Jan/2018:14:33:05 -0500] "GET /js/vegas.js HTTP/1.0" 200 25627 "http://scimorestest.com/" "Mozilla/5.0 (Windows NT 6.1; Win64; x64) AppleWebKit/537.36 (KHTML, like Gecko) Chrome/63.0.3239.132 Safari/537.36"
103.214.60.249 - - [17/Jan/2018:14:34:27 -0500] "GET /css/dropdown.css HTTP/1.0" 200 1861 "http://scimorestest.com/" "Mozilla/5.0 (Windows NT 6.1; Win64; x64) AppleWebKit/537.36 (KHTML, like Gecko) Chrome/63.0.3239.132 Safari/537.36"
103.214.60.249 - - [17/Jan/2018:14:33:06 -0500] "GET /css/helper.css HTTP/1.0" 404 575 "http://scimorestest.com/" "Mozilla/5.0 (Windows NT 6.1; Win64; x64) AppleWebKit/537.36 (KHTML, like Gecko) Chrome/63.0.3239.132 Safari/537.36"
103.214.60.249 - - [17/Jan/2018:14:33:06 -0500] "GET /images/scimores_logo.png HTTP/1.0" 200 589766 "http://scimorestest.com/" "Mozilla/5.0 (Windows NT 6.1; Win64; x64) AppleWebKit/537.36 (KHTML, like Gecko) Chrome/63.0.3239.132 Safari/537.36"
103.214.60.249 - - [17/Jan/2018:14:34:29 -0500] "GET /css/menu.css HTTP/1.0" 200 1056 "http://scimorestest.com/" "Mozilla/5.0 (Windows NT 6.1; Win64; x64) AppleWebKit/537.36 (KHTML, like Gecko) Chrome/63.0.3239.132 Safari/537.36"
73.2.19.144 - - [17/Jan/2018:14:34:27 -0500] "GET /images/Slideshow-2.png HTTP/1.0" 200 2207788 "http://scimorestest.com/" "Mozilla/5.0 (Macintosh; Intel Mac OS X 10_13_2) AppleWebKit/604.4.7 (KHTML, like Gecko) Version/11.0.2 Safari/604.4.7"
103.214.60.249 - - [17/Jan/2018:14:34:30 -0500] "GET /images/auditorium-thumb.png HTTP/1.0" 304 - "http://scimorestest.com/" "Mozilla/5.0 (Windows NT 6.1; Win64; x64) AppleWebKit/537.36 (KHTML, like Gecko) Chrome/63.0.3239.132 Safari/537.36"
103.214.60.249 - - [17/Jan/2018:14:34:30 -0500] "GET /images/Slideshow-1.png HTTP/1.0" 304 - "http://scimorestest.com/" "Mozilla/5.0 (Windows NT 6.1; Win64; x64) AppleWebKit/537.36 (KHTML, like Gecko) Chrome/63.0.3239.132 Safari/537.36"
103.214.60.249 - - [17/Jan/2018:14:33:09 -0500] "GET /images/navi_inner_bg.gif HTTP/1.0" 304 - "http://scimorestest.com/css/template_sci.css" "Mozilla/5.0 (Windows NT 6.1; Win64; x64) AppleWebKit/537.36 (KHTML, like Gecko) Chrome/63.0.3239.132 Safari/537.36"
103.214.60.249 - - [17/Jan/2018:14:34:30 -0500] "GET /images/bullat.png HTTP/1.0" 404 575 "http://scimorestest.com/css/template_sci.css" "Mozilla/5.0 (Windows NT 6.1; Win64; x64) AppleWebKit/537.36 (KHTML, like Gecko) Chrome/63.0.3239.132 Safari/537.36"
103.214.60.249 - - [17/Jan/2018:14:34:30 -0500] "GET /images/shadow_bg.png HTTP/1.0" 304 - "http://scimorestest.com/css/template_sci.css" "Mozilla/5.0 (Windows NT 6.1; Win64; x64) AppleWebKit/537.36 (KHTML, like Gecko) Chrome/63.0.3239.132 Safari/537.36"
103.214.60.249 - - [17/Jan/2018:14:33:09 -0500] "GET /images/line_3.png HTTP/1.0" 304 - "http://scimorestest.com/css/dropdown.vertical.css" "Mozilla/5.0 (Windows NT 6.1; Win64; x64) AppleWebKit/537.36 (KHTML, like Gecko) Chrome/63.0.3239.132 Safari/537.36"
103.214.60.249 - - [17/Jan/2018:14:34:30 -0500] "GET /images/split_line.png HTTP/1.0" 304 - "http://scimorestest.com/css/template_sci.css" "Mozilla/5.0 (Windows NT 6.1; Win64; x64) AppleWebKit/537.36 (KHTML, like Gecko) Chrome/63.0.3239.132 Safari/537.36"
103.214.60.249 - - [17/Jan/2018:14:34:31 -0500] "GET /favicon.ico HTTP/1.0" 404 575 "http://scimorestest.com/" "Mozilla/5.0 (Windows NT 6.1; Win64; x64) AppleWebKit/537.36 (KHTML, like Gecko) Chrome/63.0.3239.132 Safari/537.36"
73.2.19.144 - - [17/Jan/2018:14:34:31 -0500] "GET /favicon.ico HTTP/1.0" 404 575 "http://scimorestest.com/" "Mozilla/5.0 (Macintosh; Intel Mac OS X 10_13_2) AppleWebKit/604.4.7 (KHTML, like Gecko) Version/11.0.2 Safari/604.4.7"
73.2.19.144 - - [17/Jan/2018:14:34:32 -0500] "GET /images/Slideshow-3.png HTTP/1.0" 200 1957878 "http://scimorestest.com/" "Mozilla/5.0 (Macintosh; Intel Mac OS X 10_13_2) AppleWebKit/604.4.7 (KHTML, like Gecko) Version/11.0.2 Safari/604.4.7"
103.214.60.249 - - [17/Jan/2018:14:34:35 -0500] "GET /images/Slideshow-2.png HTTP/1.0" 304 - "http://scimorestest.com/" "Mozilla/5.0 (Windows NT 6.1; Win64; x64) AppleWebKit/537.36 (KHTML, like Gecko) Chrome/63.0.3239.132 Safari/537.36"
103.214.60.249 - - [17/Jan/2018:14:34:40 -0500] "GET /images/Slideshow-3.png HTTP/1.0" 304 - "http://scimorestest.com/" "Mozilla/5.0 (Windows NT 6.1; Win64; x64) AppleWebKit/537.36 (KHTML, like Gecko) Chrome/63.0.3239.132 Safari/537.36"
73.2.19.144 - - [17/Jan/2018:14:34:37 -0500] "GET /images/Slideshow-4.png HTTP/1.0" 200 3872702 "http://scimorestest.com/" "Mozilla/5.0 (Macintosh; Intel Mac OS X 10_13_2) AppleWebKit/604.4.7 (KHTML, like Gecko) Version/11.0.2 Safari/604.4.7"
103.214.60.249 - - [17/Jan/2018:14:33:24 -0500] "GET /images/Slideshow-4.png HTTP/1.0" 200 3872702 "http://scimorestest.com/" "Mozilla/5.0 (Windows NT 6.1; Win64; x64) AppleWebKit/537.36 (KHTML, like Gecko) Chrome/63.0.3239.132 Safari/537.36"
103.214.60.249 - - [17/Jan/2018:14:33:43 -0500] "GET /images/Slideshow-4.png HTTP/1.0" 206 1 "http://scimorestest.com/" "Mozilla/5.0 (Windows NT 6.1; Win64; x64) AppleWebKit/537.36 (KHTML, like Gecko) Chrome/63.0.3239.132 Safari/537.36"
103.214.60.249 - - [17/Jan/2018:14:35:05 -0500] "GET /images/Slideshow-4.png HTTP/1.0" 206 2716562 "http://scimorestest.com/" "Mozilla/5.0 (Windows NT 6.1; Win64; x64) AppleWebKit/537.36 (KHTML, like Gecko) Chrome/63.0.3239.132 Safari/537.36"
73.2.19.144 - - [17/Jan/2018:14:33:51 -0500] "GET /academy.php HTTP/1.0" 200 8219 "http://scimorestest.com/" "Mozilla/5.0 (Macintosh; Intel Mac OS X 10_13_2) AppleWebKit/604.4.7 (KHTML, like Gecko) Version/11.0.2 Safari/604.4.7"
73.2.19.144 - - [17/Jan/2018:14:35:12 -0500] "GET /images/current-profiles/academy-small.png HTTP/1.0" 200 710465 "http://scimorestest.com/academy.php" "Mozilla/5.0 (Macintosh; Intel Mac OS X 10_13_2) AppleWebKit/604.4.7 (KHTML, like Gecko) Version/11.0.2 Safari/604.4.7"
73.2.19.144 - - [17/Jan/2018:14:33:51 -0500] "GET /images/content_inner_bg.png HTTP/1.0" 200 1239 "http://scimorestest.com/academy.php" "Mozilla/5.0 (Macintosh; Intel Mac OS X 10_13_2) AppleWebKit/604.4.7 (KHTML, like Gecko) Version/11.0.2 Safari/604.4.7"
73.2.19.144 - - [17/Jan/2018:14:33:51 -0500] "GET /images/view_plan.png HTTP/1.0" 200 16983 "http://scimorestest.com/academy.php" "Mozilla/5.0 (Macintosh; Intel Mac OS X 10_13_2) AppleWebKit/604.4.7 (KHTML, like Gecko) Version/11.0.2 Safari/604.4.7"
73.2.19.144 - - [17/Jan/2018:14:35:12 -0500] "GET /images/view_status.png HTTP/1.0" 200 17819 "http://scimorestest.com/academy.php" "Mozilla/5.0 (Macintosh; Intel Mac OS X 10_13_2) AppleWebKit/604.4.7 (KHTML, like Gecko) Version/11.0.2 Safari/604.4.7"
73.2.19.144 - - [17/Jan/2018:14:33:51 -0500] "GET /images/view_update.png HTTP/1.0" 200 18590 "http://scimorestest.com/academy.php" "Mozilla/5.0 (Macintosh; Intel Mac OS X 10_13_2) AppleWebKit/604.4.7 (KHTML, like Gecko) Version/11.0.2 Safari/604.4.7"
73.2.19.144 - - [17/Jan/2018:14:33:51 -0500] "GET /images/academy-bg.png HTTP/1.0" 200 3872702 "http://scimorestest.com/academy.php" "Mozilla/5.0 (Macintosh; Intel Mac OS X 10_13_2) AppleWebKit/604.4.7 (KHTML, like Gecko) Version/11.0.2 Safari/604.4.7"
103.214.60.249 - - [17/Jan/2018:14:34:04 -0500] "GET /images/Slideshow-4.png HTTP/1.0" 206 1 "http://scimorestest.com/" "Mozilla/5.0 (Windows NT 6.1; Win64; x64) AppleWebKit/537.36 (KHTML, like Gecko) Chrome/63.0.3239.132 Safari/537.36"
103.214.60.249 - - [17/Jan/2018:14:35:25 -0500] "GET /images/Slideshow-4.png HTTP/1.0" 206 1691782 "http://scimorestest.com/" "Mozilla/5.0 (Windows NT 6.1; Win64; x64) AppleWebKit/537.36 (KHTML, like Gecko) Chrome/63.0.3239.132 Safari/537.36"
73.2.19.144 - - [17/Jan/2018:14:35:27 -0500] "GET /pdf/view_plan.pdf HTTP/1.0" 200 8812797 "http://scimorestest.com/academy.php" "Mozilla/5.0 (Macintosh; Intel Mac OS X 10_13_2) AppleWebKit/604.4.7 (KHTML, like Gecko) Version/11.0.2 Safari/604.4.7"
103.214.60.249 - - [17/Jan/2018:14:35:45 -0500] "GET /images/Slideshow-4.png HTTP/1.0" 206 1 "http://scimorestest.com/" "Mozilla/5.0 (Windows NT 6.1; Win64; x64) AppleWebKit/537.36 (KHTML, like Gecko) Chrome/63.0.3239.132 Safari/537.36"
103.214.60.249 - - [17/Jan/2018:14:35:45 -0500] "GET /images/Slideshow-4.png HTTP/1.0" 206 1531535 "http://scimorestest.com/" "Mozilla/5.0 (Windows NT 6.1; Win64; x64) AppleWebKit/537.36 (KHTML, like Gecko) Chrome/63.0.3239.132 Safari/537.36"
103.214.60.249 - - [17/Jan/2018:14:35:56 -0500] "GET /academy.php HTTP/1.0" 200 8219 "http://scimorestest.com/" "Mozilla/5.0 (Windows NT 6.1; Win64; x64) AppleWebKit/537.36 (KHTML, like Gecko) Chrome/63.0.3239.132 Safari/537.36"
103.214.60.249 - - [17/Jan/2018:14:34:36 -0500] "GET /academy.php HTTP/1.0" 200 8219 "http://scimorestest.com/" "Mozilla/5.0 (Windows NT 6.1; Win64; x64) AppleWebKit/537.36 (KHTML, like Gecko) Chrome/63.0.3239.132 Safari/537.36"
103.214.60.249 - - [17/Jan/2018:14:34:36 -0500] "GET /images/current-profiles/academy-small.png HTTP/1.0" 200 710465 "http://scimorestest.com/academy.php" "Mozilla/5.0 (Windows NT 6.1; Win64; x64) AppleWebKit/537.36 (KHTML, like Gecko) Chrome/63.0.3239.132 Safari/537.36"
103.214.60.249 - - [17/Jan/2018:14:35:58 -0500] "GET /css/helper.css HTTP/1.0" 404 575 "http://scimorestest.com/academy.php" "Mozilla/5.0 (Windows NT 6.1; Win64; x64) AppleWebKit/537.36 (KHTML, like Gecko) Chrome/63.0.3239.132 Safari/537.36"
103.214.60.249 - - [17/Jan/2018:14:35:58 -0500] "GET /images/view_update.png HTTP/1.0" 200 18590 "http://scimorestest.com/academy.php" "Mozilla/5.0 (Windows NT 6.1; Win64; x64) AppleWebKit/537.36 (KHTML, like Gecko) Chrome/63.0.3239.132 Safari/537.36"
103.214.60.249 - - [17/Jan/2018:14:34:37 -0500] "GET /images/view_plan.png HTTP/1.0" 200 16983 "http://scimorestest.com/academy.php" "Mozilla/5.0 (Windows NT 6.1; Win64; x64) AppleWebKit/537.36 (KHTML, like Gecko) Chrome/63.0.3239.132 Safari/537.36"
103.214.60.249 - - [17/Jan/2018:14:35:58 -0500] "GET /images/view_status.png HTTP/1.0" 200 17819 "http://scimorestest.com/academy.php" "Mozilla/5.0 (Windows NT 6.1; Win64; x64) AppleWebKit/537.36 (KHTML, like Gecko) Chrome/63.0.3239.132 Safari/537.36"
103.214.60.249 - - [17/Jan/2018:14:35:59 -0500] "GET /images/content_inner_bg.png HTTP/1.0" 200 1239 "http://scimorestest.com/css/template_sci.css" "Mozilla/5.0 (Windows NT 6.1; Win64; x64) AppleWebKit/537.36 (KHTML, like Gecko) Chrome/63.0.3239.132 Safari/537.36"
103.214.60.249 - - [17/Jan/2018:14:35:59 -0500] "GET /images/bullat.png HTTP/1.0" 404 575 "http://scimorestest.com/css/template_sci.css" "Mozilla/5.0 (Windows NT 6.1; Win64; x64) AppleWebKit/537.36 (KHTML, like Gecko) Chrome/63.0.3239.132 Safari/537.36"
103.214.60.249 - - [17/Jan/2018:14:35:59 -0500] "GET /images/academy-bg.png HTTP/1.0" 200 3872702 "http://scimorestest.com/css/template_sci.css" "Mozilla/5.0 (Windows NT 6.1; Win64; x64) AppleWebKit/537.36 (KHTML, like Gecko) Chrome/63.0.3239.132 Safari/537.36"
96.241.84.6 - - [17/Jan/2018:14:36:13 -0500] "GET /academy.php HTTP/1.0" 200 8219 "http://scimorestest.com/index1.php" "Mozilla/5.0 (Macintosh; Intel Mac OS X 10_10_5) AppleWebKit/603.2.5 (KHTML, like Gecko) Version/10.1.1 Safari/603.2.5"
96.241.84.6 - - [17/Jan/2018:14:36:13 -0500] "GET /images/current-profiles/academy-small.png HTTP/1.0" 304 - "http://scimorestest.com/academy.php" "Mozilla/5.0 (Macintosh; Intel Mac OS X 10_10_5) AppleWebKit/603.2.5 (KHTML, like Gecko) Version/10.1.1 Safari/603.2.5"
96.241.84.6 - - [17/Jan/2018:14:36:14 -0500] "GET /images/content_inner_bg.png HTTP/1.0" 304 - "http://scimorestest.com/academy.php" "Mozilla/5.0 (Macintosh; Intel Mac OS X 10_10_5) AppleWebKit/603.2.5 (KHTML, like Gecko) Version/10.1.1 Safari/603.2.5"
96.241.84.6 - - [17/Jan/2018:14:36:14 -0500] "GET /images/view_update.png HTTP/1.0" 304 - "http://scimorestest.com/academy.php" "Mozilla/5.0 (Macintosh; Intel Mac OS X 10_10_5) AppleWebKit/603.2.5 (KHTML, like Gecko) Version/10.1.1 Safari/603.2.5"
96.241.84.6 - - [17/Jan/2018:14:36:14 -0500] "GET /images/view_plan.png HTTP/1.0" 304 - "http://scimorestest.com/academy.php" "Mozilla/5.0 (Macintosh; Intel Mac OS X 10_10_5) AppleWebKit/603.2.5 (KHTML, like Gecko) Version/10.1.1 Safari/603.2.5"
