24.19.171.81 - - [06/Jan/2018:14:25:50 -0500] "GET /images/bullat.png HTTP/1.0" 404 575 "http://scimorestest.com/css/template_sci.css" "Mozilla/5.0 (Macintosh; Intel Mac OS X 10_13_2) AppleWebKit/537.36 (KHTML, like Gecko) Chrome/63.0.3239.84 Safari/537.36"
24.19.171.81 - - [06/Jan/2018:14:27:14 -0500] "GET /news.php HTTP/1.0" 200 15298 "http://scimorestest.com/" "Mozilla/5.0 (Macintosh; Intel Mac OS X 10_13_2) AppleWebKit/537.36 (KHTML, like Gecko) Chrome/63.0.3239.84 Safari/537.36"
24.19.171.81 - - [06/Jan/2018:14:27:14 -0500] "GET /css/helper.css HTTP/1.0" 404 575 "http://scimorestest.com/news.php" "Mozilla/5.0 (Macintosh; Intel Mac OS X 10_13_2) AppleWebKit/537.36 (KHTML, like Gecko) Chrome/63.0.3239.84 Safari/537.36"
24.19.171.81 - - [06/Jan/2018:14:27:15 -0500] "GET /images/bullat.png HTTP/1.0" 404 575 "http://scimorestest.com/css/template_sci.css" "Mozilla/5.0 (Macintosh; Intel Mac OS X 10_13_2) AppleWebKit/537.36 (KHTML, like Gecko) Chrome/63.0.3239.84 Safari/537.36"
24.19.171.81 - - [06/Jan/2018:14:27:07 -0500] "GET /css/helper.css HTTP/1.0" 404 575 "http://scimorestest.com/news.php" "Mozilla/5.0 (Macintosh; Intel Mac OS X 10_13_2) AppleWebKit/537.36 (KHTML, like Gecko) Chrome/63.0.3239.84 Safari/537.36"
166.137.244.127 - - [06/Jan/2018:14:30:20 -0500] "GET /pdf/acceptance.pdf HTTP/1.0" 304 - "http://www.scimorestest.com/news.php" "Mozilla/5.0 (Macintosh; Intel Mac OS X 10_10_5) AppleWebKit/603.2.5 (KHTML, like Gecko) Version/10.1.1 Safari/603.2.5"
24.19.171.81 - - [06/Jan/2018:14:32:45 -0500] "POST /fileman/fileman.cgi?a=ZTt11YgiEdUHJt6CU12sQfDgIla29LUMXKqh6jUlb%2FkQ1WQkESOuKnkHIU3ZeZN0cTIA5BjkCXLQ1Txh0jfHiNxGMMPpkkrbOBoXmx7f6hvzg3EGPeXQPKdqFauwjS2kqI80gLMC9JQYoVw4oqiBjc76p40hbZsinITDJ1NJq4c%3D HTTP/1.0" 200 30452 "https://hcp.networksolutions.com/filemanager" "Mozilla/5.0 (Macintosh; Intel Mac OS X 10_13_2) AppleWebKit/537.36 (KHTML, like Gecko) Chrome/63.0.3239.84 Safari/537.36"
24.19.171.81 - - [06/Jan/2018:14:32:46 -0500] "POST /fileman/fileman.cgi HTTP/1.0" 200 600 "https://0412e8e.netsolhost.com/fileman/fileman.cgi?a=ZTt11YgiEdUHJt6CU12sQfDgIla29LUMXKqh6jUlb%2FkQ1WQkESOuKnkHIU3ZeZN0cTIA5BjkCXLQ1Txh0jfHiNxGMMPpkkrbOBoXmx7f6hvzg3EGPeXQPKdqFauwjS2kqI80gLMC9JQYoVw4oqiBjc76p40hbZsinITDJ1NJq4c%3D" "Mozilla/5.0 (Macintosh; Intel Mac OS X 10_13_2) AppleWebKit/537.36 (KHTML, like Gecko) Chrome/63.0.3239.84 Safari/537.36"
24.19.171.81 - - [06/Jan/2018:14:32:48 -0500] "POST /fileman/fileman.cgi HTTP/1.0" 200 21579 "https://0412e8e.netsolhost.com/fileman/fileman.cgi?a=ZTt11YgiEdUHJt6CU12sQfDgIla29LUMXKqh6jUlb%2FkQ1WQkESOuKnkHIU3ZeZN0cTIA5BjkCXLQ1Txh0jfHiNxGMMPpkkrbOBoXmx7f6hvzg3EGPeXQPKdqFauwjS2kqI80gLMC9JQYoVw4oqiBjc76p40hbZsinITDJ1NJq4c%3D" "Mozilla/5.0 (Macintosh; Intel Mac OS X 10_13_2) AppleWebKit/537.36 (KHTML, like Gecko) Chrome/63.0.3239.84 Safari/537.36"
24.19.171.81 - - [06/Jan/2018:14:32:56 -0500] "POST /fileman/fileman.cgi HTTP/1.0" 200 19550 "https://0412e8e.netsolhost.com/fileman/fileman.cgi?a=ZTt11YgiEdUHJt6CU12sQfDgIla29LUMXKqh6jUlb%2FkQ1WQkESOuKnkHIU3ZeZN0cTIA5BjkCXLQ1Txh0jfHiNxGMMPpkkrbOBoXmx7f6hvzg3EGPeXQPKdqFauwjS2kqI80gLMC9JQYoVw4oqiBjc76p40hbZsinITDJ1NJq4c%3D" "Mozilla/5.0 (Macintosh; Intel Mac OS X 10_13_2) AppleWebKit/537.36 (KHTML, like Gecko) Chrome/63.0.3239.84 Safari/537.36"
24.19.171.81 - - [06/Jan/2018:14:34:43 -0500] "POST /fileman/fileman.cgi HTTP/1.0" 200 72 "https://0412e8e.netsolhost.com/fileman/fileman.cgi?a=ZTt11YgiEdUHJt6CU12sQfDgIla29LUMXKqh6jUlb%2FkQ1WQkESOuKnkHIU3ZeZN0cTIA5BjkCXLQ1Txh0jfHiNxGMMPpkkrbOBoXmx7f6hvzg3EGPeXQPKdqFauwjS2kqI80gLMC9JQYoVw4oqiBjc76p40hbZsinITDJ1NJq4c%3D" "Mozilla/5.0 (Macintosh; Intel Mac OS X 10_13_2) AppleWebKit/537.36 (KHTML, like Gecko) Chrome/63.0.3239.84 Safari/537.36"
24.19.171.81 - - [06/Jan/2018:14:34:44 -0500] "POST /fileman/fileman.cgi HTTP/1.0" 200 21579 "https://0412e8e.netsolhost.com/fileman/fileman.cgi?a=ZTt11YgiEdUHJt6CU12sQfDgIla29LUMXKqh6jUlb%2FkQ1WQkESOuKnkHIU3ZeZN0cTIA5BjkCXLQ1Txh0jfHiNxGMMPpkkrbOBoXmx7f6hvzg3EGPeXQPKdqFauwjS2kqI80gLMC9JQYoVw4oqiBjc76p40hbZsinITDJ1NJq4c%3D" "Mozilla/5.0 (Macintosh; Intel Mac OS X 10_13_2) AppleWebKit/537.36 (KHTML, like Gecko) Chrome/63.0.3239.84 Safari/537.36"
24.19.171.81 - - [06/Jan/2018:14:33:29 -0500] "GET /news.php HTTP/1.0" 200 15461 "http://scimorestest.com/" "Mozilla/5.0 (Macintosh; Intel Mac OS X 10_13_2) AppleWebKit/537.36 (KHTML, like Gecko) Chrome/63.0.3239.84 Safari/537.36"
24.19.171.81 - - [06/Jan/2018:14:34:50 -0500] "GET /css/helper.css HTTP/1.0" 404 575 "http://scimorestest.com/news.php" "Mozilla/5.0 (Macintosh; Intel Mac OS X 10_13_2) AppleWebKit/537.36 (KHTML, like Gecko) Chrome/63.0.3239.84 Safari/537.36"
24.19.171.81 - - [06/Jan/2018:14:34:51 -0500] "GET /images/bullat.png HTTP/1.0" 404 575 "http://scimorestest.com/css/template_sci.css" "Mozilla/5.0 (Macintosh; Intel Mac OS X 10_13_2) AppleWebKit/537.36 (KHTML, like Gecko) Chrome/63.0.3239.84 Safari/537.36"
24.19.171.81 - - [06/Jan/2018:14:34:52 -0500] "GET /news.php HTTP/1.0" 200 15461 "http://scimorestest.com/" "Mozilla/5.0 (Macintosh; Intel Mac OS X 10_13_2) AppleWebKit/537.36 (KHTML, like Gecko) Chrome/63.0.3239.84 Safari/537.36"
24.19.171.81 - - [06/Jan/2018:14:34:52 -0500] "GET /css/helper.css HTTP/1.0" 404 575 "http://scimorestest.com/news.php" "Mozilla/5.0 (Macintosh; Intel Mac OS X 10_13_2) AppleWebKit/537.36 (KHTML, like Gecko) Chrome/63.0.3239.84 Safari/537.36"
24.19.171.81 - - [06/Jan/2018:14:34:53 -0500] "GET /images/bullat.png HTTP/1.0" 404 575 "http://scimorestest.com/css/template_sci.css" "Mozilla/5.0 (Macintosh; Intel Mac OS X 10_13_2) AppleWebKit/537.36 (KHTML, like Gecko) Chrome/63.0.3239.84 Safari/537.36"
24.19.171.81 - - [06/Jan/2018:14:34:53 -0500] "GET /news.php HTTP/1.0" 200 15461 "http://scimorestest.com/" "Mozilla/5.0 (Macintosh; Intel Mac OS X 10_13_2) AppleWebKit/537.36 (KHTML, like Gecko) Chrome/63.0.3239.84 Safari/537.36"
24.19.171.81 - - [06/Jan/2018:14:34:55 -0500] "GET /css/helper.css HTTP/1.0" 404 575 "http://scimorestest.com/news.php" "Mozilla/5.0 (Macintosh; Intel Mac OS X 10_13_2) AppleWebKit/537.36 (KHTML, like Gecko) Chrome/63.0.3239.84 Safari/537.36"
24.19.171.81 - - [06/Jan/2018:14:33:34 -0500] "GET /images/bullat.png HTTP/1.0" 404 575 "http://scimorestest.com/css/template_sci.css" "Mozilla/5.0 (Macintosh; Intel Mac OS X 10_13_2) AppleWebKit/537.36 (KHTML, like Gecko) Chrome/63.0.3239.84 Safari/537.36"
24.19.171.81 - - [06/Jan/2018:14:34:55 -0500] "GET /news.php HTTP/1.0" 200 15461 "http://scimorestest.com/" "Mozilla/5.0 (Macintosh; Intel Mac OS X 10_13_2) AppleWebKit/537.36 (KHTML, like Gecko) Chrome/63.0.3239.84 Safari/537.36"
24.19.171.81 - - [06/Jan/2018:14:34:55 -0500] "GET /css/helper.css HTTP/1.0" 404 575 "http://scimorestest.com/news.php" "Mozilla/5.0 (Macintosh; Intel Mac OS X 10_13_2) AppleWebKit/537.36 (KHTML, like Gecko) Chrome/63.0.3239.84 Safari/537.36"
24.19.171.81 - - [06/Jan/2018:14:33:35 -0500] "GET /images/bullat.png HTTP/1.0" 404 575 "http://scimorestest.com/css/template_sci.css" "Mozilla/5.0 (Macintosh; Intel Mac OS X 10_13_2) AppleWebKit/537.36 (KHTML, like Gecko) Chrome/63.0.3239.84 Safari/537.36"
24.19.171.81 - - [06/Jan/2018:14:35:03 -0500] "POST /fileman/fileman.cgi HTTP/1.0" 200 19717 "https://0412e8e.netsolhost.com/fileman/fileman.cgi?a=ZTt11YgiEdUHJt6CU12sQfDgIla29LUMXKqh6jUlb%2FkQ1WQkESOuKnkHIU3ZeZN0cTIA5BjkCXLQ1Txh0jfHiNxGMMPpkkrbOBoXmx7f6hvzg3EGPeXQPKdqFauwjS2kqI80gLMC9JQYoVw4oqiBjc76p40hbZsinITDJ1NJq4c%3D" "Mozilla/5.0 (Macintosh; Intel Mac OS X 10_13_2) AppleWebKit/537.36 (KHTML, like Gecko) Chrome/63.0.3239.84 Safari/537.36"
24.19.171.81 - - [06/Jan/2018:14:35:39 -0500] "POST /fileman/fileman.cgi HTTP/1.0" 200 72 "https://0412e8e.netsolhost.com/fileman/fileman.cgi?a=ZTt11YgiEdUHJt6CU12sQfDgIla29LUMXKqh6jUlb%2FkQ1WQkESOuKnkHIU3ZeZN0cTIA5BjkCXLQ1Txh0jfHiNxGMMPpkkrbOBoXmx7f6hvzg3EGPeXQPKdqFauwjS2kqI80gLMC9JQYoVw4oqiBjc76p40hbZsinITDJ1NJq4c%3D" "Mozilla/5.0 (Macintosh; Intel Mac OS X 10_13_2) AppleWebKit/537.36 (KHTML, like Gecko) Chrome/63.0.3239.84 Safari/537.36"
24.19.171.81 - - [06/Jan/2018:14:34:18 -0500] "POST /fileman/fileman.cgi HTTP/1.0" 200 21579 "https://0412e8e.netsolhost.com/fileman/fileman.cgi?a=ZTt11YgiEdUHJt6CU12sQfDgIla29LUMXKqh6jUlb%2FkQ1WQkESOuKnkHIU3ZeZN0cTIA5BjkCXLQ1Txh0jfHiNxGMMPpkkrbOBoXmx7f6hvzg3EGPeXQPKdqFauwjS2kqI80gLMC9JQYoVw4oqiBjc76p40hbZsinITDJ1NJq4c%3D" "Mozilla/5.0 (Macintosh; Intel Mac OS X 10_13_2) AppleWebKit/537.36 (KHTML, like Gecko) Chrome/63.0.3239.84 Safari/537.36"
24.19.171.81 - - [06/Jan/2018:14:34:23 -0500] "GET /news.php HTTP/1.0" 200 15457 "http://scimorestest.com/" "Mozilla/5.0 (Macintosh; Intel Mac OS X 10_13_2) AppleWebKit/537.36 (KHTML, like Gecko) Chrome/63.0.3239.84 Safari/537.36"
24.19.171.81 - - [06/Jan/2018:14:35:44 -0500] "GET /css/helper.css HTTP/1.0" 404 575 "http://scimorestest.com/news.php" "Mozilla/5.0 (Macintosh; Intel Mac OS X 10_13_2) AppleWebKit/537.36 (KHTML, like Gecko) Chrome/63.0.3239.84 Safari/537.36"
24.19.171.81 - - [06/Jan/2018:14:35:44 -0500] "GET /images/bullat.png HTTP/1.0" 404 575 "http://scimorestest.com/css/template_sci.css" "Mozilla/5.0 (Macintosh; Intel Mac OS X 10_13_2) AppleWebKit/537.36 (KHTML, like Gecko) Chrome/63.0.3239.84 Safari/537.36"
24.19.171.81 - - [06/Jan/2018:14:35:45 -0500] "GET /news.php HTTP/1.0" 200 15457 "http://scimorestest.com/" "Mozilla/5.0 (Macintosh; Intel Mac OS X 10_13_2) AppleWebKit/537.36 (KHTML, like Gecko) Chrome/63.0.3239.84 Safari/537.36"
24.19.171.81 - - [06/Jan/2018:14:34:25 -0500] "GET /css/helper.css HTTP/1.0" 404 575 "http://scimorestest.com/news.php" "Mozilla/5.0 (Macintosh; Intel Mac OS X 10_13_2) AppleWebKit/537.36 (KHTML, like Gecko) Chrome/63.0.3239.84 Safari/537.36"
24.19.171.81 - - [06/Jan/2018:14:35:46 -0500] "GET /images/bullat.png HTTP/1.0" 404 575 "http://scimorestest.com/css/template_sci.css" "Mozilla/5.0 (Macintosh; Intel Mac OS X 10_13_2) AppleWebKit/537.36 (KHTML, like Gecko) Chrome/63.0.3239.84 Safari/537.36"
24.19.171.81 - - [06/Jan/2018:14:35:55 -0500] "GET /css/helper.css HTTP/1.0" 404 575 "http://scimorestest.com/news.php" "Mozilla/5.0 (Macintosh; Intel Mac OS X 10_13_2) AppleWebKit/537.36 (KHTML, like Gecko) Chrome/63.0.3239.84 Safari/537.36"
24.19.171.81 - - [06/Jan/2018:14:36:11 -0500] "POST /fileman/fileman.cgi HTTP/1.0" 200 19709 "https://0412e8e.netsolhost.com/fileman/fileman.cgi?a=ZTt11YgiEdUHJt6CU12sQfDgIla29LUMXKqh6jUlb%2FkQ1WQkESOuKnkHIU3ZeZN0cTIA5BjkCXLQ1Txh0jfHiNxGMMPpkkrbOBoXmx7f6hvzg3EGPeXQPKdqFauwjS2kqI80gLMC9JQYoVw4oqiBjc76p40hbZsinITDJ1NJq4c%3D" "Mozilla/5.0 (Macintosh; Intel Mac OS X 10_13_2) AppleWebKit/537.36 (KHTML, like Gecko) Chrome/63.0.3239.84 Safari/537.36"
24.19.171.81 - - [06/Jan/2018:14:35:02 -0500] "POST /fileman/fileman.cgi HTTP/1.0" 200 72 "https://0412e8e.netsolhost.com/fileman/fileman.cgi?a=ZTt11YgiEdUHJt6CU12sQfDgIla29LUMXKqh6jUlb%2FkQ1WQkESOuKnkHIU3ZeZN0cTIA5BjkCXLQ1Txh0jfHiNxGMMPpkkrbOBoXmx7f6hvzg3EGPeXQPKdqFauwjS2kqI80gLMC9JQYoVw4oqiBjc76p40hbZsinITDJ1NJq4c%3D" "Mozilla/5.0 (Macintosh; Intel Mac OS X 10_13_2) AppleWebKit/537.36 (KHTML, like Gecko) Chrome/63.0.3239.84 Safari/537.36"
24.19.171.81 - - [06/Jan/2018:14:36:24 -0500] "POST /fileman/fileman.cgi HTTP/1.0" 200 21579 "https://0412e8e.netsolhost.com/fileman/fileman.cgi?a=ZTt11YgiEdUHJt6CU12sQfDgIla29LUMXKqh6jUlb%2FkQ1WQkESOuKnkHIU3ZeZN0cTIA5BjkCXLQ1Txh0jfHiNxGMMPpkkrbOBoXmx7f6hvzg3EGPeXQPKdqFauwjS2kqI80gLMC9JQYoVw4oqiBjc76p40hbZsinITDJ1NJq4c%3D" "Mozilla/5.0 (Macintosh; Intel Mac OS X 10_13_2) AppleWebKit/537.36 (KHTML, like Gecko) Chrome/63.0.3239.84 Safari/537.36"
24.19.171.81 - - [06/Jan/2018:14:35:08 -0500] "GET /news.php HTTP/1.0" 200 15457 "http://scimorestest.com/" "Mozilla/5.0 (Macintosh; Intel Mac OS X 10_13_2) AppleWebKit/537.36 (KHTML, like Gecko) Chrome/63.0.3239.84 Safari/537.36"
24.19.171.81 - - [06/Jan/2018:14:35:08 -0500] "GET /css/helper.css HTTP/1.0" 404 575 "http://scimorestest.com/news.php" "Mozilla/5.0 (Macintosh; Intel Mac OS X 10_13_2) AppleWebKit/537.36 (KHTML, like Gecko) Chrome/63.0.3239.84 Safari/537.36"
24.19.171.81 - - [06/Jan/2018:14:35:08 -0500] "GET /images/bullat.png HTTP/1.0" 404 575 "http://scimorestest.com/css/template_sci.css" "Mozilla/5.0 (Macintosh; Intel Mac OS X 10_13_2) AppleWebKit/537.36 (KHTML, like Gecko) Chrome/63.0.3239.84 Safari/537.36"
24.19.171.81 - - [06/Jan/2018:14:36:31 -0500] "GET /news.php HTTP/1.0" 200 15457 "http://scimorestest.com/" "Mozilla/5.0 (Macintosh; Intel Mac OS X 10_13_2) AppleWebKit/537.36 (KHTML, like Gecko) Chrome/63.0.3239.84 Safari/537.36"
24.19.171.81 - - [06/Jan/2018:14:36:31 -0500] "GET /css/helper.css HTTP/1.0" 404 575 "http://scimorestest.com/news.php" "Mozilla/5.0 (Macintosh; Intel Mac OS X 10_13_2) AppleWebKit/537.36 (KHTML, like Gecko) Chrome/63.0.3239.84 Safari/537.36"
24.19.171.81 - - [06/Jan/2018:14:36:31 -0500] "GET /images/bullat.png HTTP/1.0" 404 575 "http://scimorestest.com/css/template_sci.css" "Mozilla/5.0 (Macintosh; Intel Mac OS X 10_13_2) AppleWebKit/537.36 (KHTML, like Gecko) Chrome/63.0.3239.84 Safari/537.36"
24.19.171.81 - - [06/Jan/2018:14:36:32 -0500] "GET /news.php HTTP/1.0" 200 15457 "http://scimorestest.com/" "Mozilla/5.0 (Macintosh; Intel Mac OS X 10_13_2) AppleWebKit/537.36 (KHTML, like Gecko) Chrome/63.0.3239.84 Safari/537.36"
24.19.171.81 - - [06/Jan/2018:14:36:33 -0500] "GET /css/helper.css HTTP/1.0" 404 575 "http://scimorestest.com/news.php" "Mozilla/5.0 (Macintosh; Intel Mac OS X 10_13_2) AppleWebKit/537.36 (KHTML, like Gecko) Chrome/63.0.3239.84 Safari/537.36"
24.19.171.81 - - [06/Jan/2018:14:36:33 -0500] "GET /images/bullat.png HTTP/1.0" 404 575 "http://scimorestest.com/css/template_sci.css" "Mozilla/5.0 (Macintosh; Intel Mac OS X 10_13_2) AppleWebKit/537.36 (KHTML, like Gecko) Chrome/63.0.3239.84 Safari/537.36"
24.19.171.81 - - [06/Jan/2018:14:36:58 -0500] "POST /fileman/fileman.cgi HTTP/1.0" 200 19709 "https://0412e8e.netsolhost.com/fileman/fileman.cgi?a=ZTt11YgiEdUHJt6CU12sQfDgIla29LUMXKqh6jUlb%2FkQ1WQkESOuKnkHIU3ZeZN0cTIA5BjkCXLQ1Txh0jfHiNxGMMPpkkrbOBoXmx7f6hvzg3EGPeXQPKdqFauwjS2kqI80gLMC9JQYoVw4oqiBjc76p40hbZsinITDJ1NJq4c%3D" "Mozilla/5.0 (Macintosh; Intel Mac OS X 10_13_2) AppleWebKit/537.36 (KHTML, like Gecko) Chrome/63.0.3239.84 Safari/537.36"
166.137.244.127 - - [06/Jan/2018:14:37:00 -0500] "GET /education.php HTTP/1.0" 200 9831 "http://www.scimorestest.com/news.php" "Mozilla/5.0 (Macintosh; Intel Mac OS X 10_10_5) AppleWebKit/603.2.5 (KHTML, like Gecko) Version/10.1.1 Safari/603.2.5"
166.137.244.127 - - [06/Jan/2018:14:37:04 -0500] "GET /academy.php HTTP/1.0" 200 10298 "http://www.scimorestest.com/education.php" "Mozilla/5.0 (Macintosh; Intel Mac OS X 10_10_5) AppleWebKit/603.2.5 (KHTML, like Gecko) Version/10.1.1 Safari/603.2.5"
24.19.171.81 - - [06/Jan/2018:14:37:09 -0500] "GET /css/helper.css HTTP/1.0" 404 575 "http://scimorestest.com/news.php" "Mozilla/5.0 (Macintosh; Intel Mac OS X 10_13_2) AppleWebKit/537.36 (KHTML, like Gecko) Chrome/63.0.3239.84 Safari/537.36"
24.19.171.81 - - [06/Jan/2018:14:37:33 -0500] "POST /fileman/fileman.cgi HTTP/1.0" 200 72 "https://0412e8e.netsolhost.com/fileman/fileman.cgi?a=ZTt11YgiEdUHJt6CU12sQfDgIla29LUMXKqh6jUlb%2FkQ1WQkESOuKnkHIU3ZeZN0cTIA5BjkCXLQ1Txh0jfHiNxGMMPpkkrbOBoXmx7f6hvzg3EGPeXQPKdqFauwjS2kqI80gLMC9JQYoVw4oqiBjc76p40hbZsinITDJ1NJq4c%3D" "Mozilla/5.0 (Macintosh; Intel Mac OS X 10_13_2) AppleWebKit/537.36 (KHTML, like Gecko) Chrome/63.0.3239.84 Safari/537.36"
24.19.171.81 - - [06/Jan/2018:14:36:13 -0500] "POST /fileman/fileman.cgi HTTP/1.0" 200 21579 "https://0412e8e.netsolhost.com/fileman/fileman.cgi?a=ZTt11YgiEdUHJt6CU12sQfDgIla29LUMXKqh6jUlb%2FkQ1WQkESOuKnkHIU3ZeZN0cTIA5BjkCXLQ1Txh0jfHiNxGMMPpkkrbOBoXmx7f6hvzg3EGPeXQPKdqFauwjS2kqI80gLMC9JQYoVw4oqiBjc76p40hbZsinITDJ1NJq4c%3D" "Mozilla/5.0 (Macintosh; Intel Mac OS X 10_13_2) AppleWebKit/537.36 (KHTML, like Gecko) Chrome/63.0.3239.84 Safari/537.36"
24.19.171.81 - - [06/Jan/2018:14:36:16 -0500] "GET /news.php HTTP/1.0" 200 15457 "http://scimorestest.com/" "Mozilla/5.0 (Macintosh; Intel Mac OS X 10_13_2) AppleWebKit/537.36 (KHTML, like Gecko) Chrome/63.0.3239.84 Safari/537.36"
24.19.171.81 - - [06/Jan/2018:14:37:38 -0500] "GET /css/helper.css HTTP/1.0" 404 575 "http://scimorestest.com/news.php" "Mozilla/5.0 (Macintosh; Intel Mac OS X 10_13_2) AppleWebKit/537.36 (KHTML, like Gecko) Chrome/63.0.3239.84 Safari/537.36"
24.19.171.81 - - [06/Jan/2018:14:36:16 -0500] "GET /images/bullat.png HTTP/1.0" 404 575 "http://scimorestest.com/css/template_sci.css" "Mozilla/5.0 (Macintosh; Intel Mac OS X 10_13_2) AppleWebKit/537.36 (KHTML, like Gecko) Chrome/63.0.3239.84 Safari/537.36"
166.137.244.127 - - [06/Jan/2018:14:36:31 -0500] "GET /industry.php HTTP/1.0" 200 6879 "http://www.scimorestest.com/academy.php" "Mozilla/5.0 (Macintosh; Intel Mac OS X 10_10_5) AppleWebKit/603.2.5 (KHTML, like Gecko) Version/10.1.1 Safari/603.2.5"
166.137.244.127 - - [06/Jan/2018:14:37:54 -0500] "GET /goldlip.php HTTP/1.0" 200 7570 "http://www.scimorestest.com/industry.php" "Mozilla/5.0 (Macintosh; Intel Mac OS X 10_10_5) AppleWebKit/603.2.5 (KHTML, like Gecko) Version/10.1.1 Safari/603.2.5"
166.137.244.127 - - [06/Jan/2018:14:36:41 -0500] "GET /education.php HTTP/1.0" 200 9831 "http://www.scimorestest.com/goldlip.php" "Mozilla/5.0 (Macintosh; Intel Mac OS X 10_10_5) AppleWebKit/603.2.5 (KHTML, like Gecko) Version/10.1.1 Safari/603.2.5"
166.137.244.127 - - [06/Jan/2018:14:38:04 -0500] "GET /academy.php HTTP/1.0" 200 10298 "http://www.scimorestest.com/education.php" "Mozilla/5.0 (Macintosh; Intel Mac OS X 10_10_5) AppleWebKit/603.2.5 (KHTML, like Gecko) Version/10.1.1 Safari/603.2.5"
166.137.244.127 - - [06/Jan/2018:14:38:20 -0500] "GET /news.php HTTP/1.0" 200 15457 "http://www.scimorestest.com/academy.php" "Mozilla/5.0 (Macintosh; Intel Mac OS X 10_10_5) AppleWebKit/603.2.5 (KHTML, like Gecko) Version/10.1.1 Safari/603.2.5"
24.19.171.81 - - [06/Jan/2018:14:39:12 -0500] "GET /news.php HTTP/1.0" 200 15457 "http://scimorestest.com/" "Mozilla/5.0 (Macintosh; Intel Mac OS X 10_13_2) AppleWebKit/537.36 (KHTML, like Gecko) Chrome/63.0.3239.84 Safari/537.36"
24.19.171.81 - - [06/Jan/2018:14:37:51 -0500] "GET /css/helper.css HTTP/1.0" 404 575 "http://scimorestest.com/news.php" "Mozilla/5.0 (Macintosh; Intel Mac OS X 10_13_2) AppleWebKit/537.36 (KHTML, like Gecko) Chrome/63.0.3239.84 Safari/537.36"
24.19.171.81 - - [06/Jan/2018:14:39:13 -0500] "GET /images/bullat.png HTTP/1.0" 404 575 "http://scimorestest.com/css/template_sci.css" "Mozilla/5.0 (Macintosh; Intel Mac OS X 10_13_2) AppleWebKit/537.36 (KHTML, like Gecko) Chrome/63.0.3239.84 Safari/537.36"
24.19.171.81 - - [06/Jan/2018:14:38:50 -0500] "GET /css/helper.css HTTP/1.0" 404 575 "http://scimorestest.com/news.php" "Mozilla/5.0 (Macintosh; Intel Mac OS X 10_13_2) AppleWebKit/537.36 (KHTML, like Gecko) Chrome/63.0.3239.84 Safari/537.36"
24.19.171.81 - - [06/Jan/2018:14:43:10 -0500] "POST /fileman/fileman.cgi HTTP/1.0" 200 19709 "https://0412e8e.netsolhost.com/fileman/fileman.cgi?a=ZTt11YgiEdUHJt6CU12sQfDgIla29LUMXKqh6jUlb%2FkQ1WQkESOuKnkHIU3ZeZN0cTIA5BjkCXLQ1Txh0jfHiNxGMMPpkkrbOBoXmx7f6hvzg3EGPeXQPKdqFauwjS2kqI80gLMC9JQYoVw4oqiBjc76p40hbZsinITDJ1NJq4c%3D" "Mozilla/5.0 (Macintosh; Intel Mac OS X 10_13_2) AppleWebKit/537.36 (KHTML, like Gecko) Chrome/63.0.3239.84 Safari/537.36"
24.19.171.81 - - [06/Jan/2018:14:45:28 -0500] "POST /fileman/fileman.cgi HTTP/1.0" 200 72 "https://0412e8e.netsolhost.com/fileman/fileman.cgi?a=ZTt11YgiEdUHJt6CU12sQfDgIla29LUMXKqh6jUlb%2FkQ1WQkESOuKnkHIU3ZeZN0cTIA5BjkCXLQ1Txh0jfHiNxGMMPpkkrbOBoXmx7f6hvzg3EGPeXQPKdqFauwjS2kqI80gLMC9JQYoVw4oqiBjc76p40hbZsinITDJ1NJq4c%3D" "Mozilla/5.0 (Macintosh; Intel Mac OS X 10_13_2) AppleWebKit/537.36 (KHTML, like Gecko) Chrome/63.0.3239.84 Safari/537.36"
24.19.171.81 - - [06/Jan/2018:14:44:08 -0500] "POST /fileman/fileman.cgi HTTP/1.0" 200 21579 "https://0412e8e.netsolhost.com/fileman/fileman.cgi?a=ZTt11YgiEdUHJt6CU12sQfDgIla29LUMXKqh6jUlb%2FkQ1WQkESOuKnkHIU3ZeZN0cTIA5BjkCXLQ1Txh0jfHiNxGMMPpkkrbOBoXmx7f6hvzg3EGPeXQPKdqFauwjS2kqI80gLMC9JQYoVw4oqiBjc76p40hbZsinITDJ1NJq4c%3D" "Mozilla/5.0 (Macintosh; Intel Mac OS X 10_13_2) AppleWebKit/537.36 (KHTML, like Gecko) Chrome/63.0.3239.84 Safari/537.36"
24.19.171.81 - - [06/Jan/2018:14:45:35 -0500] "GET /news.php HTTP/1.0" 200 15491 "http://scimorestest.com/" "Mozilla/5.0 (Macintosh; Intel Mac OS X 10_13_2) AppleWebKit/537.36 (KHTML, like Gecko) Chrome/63.0.3239.84 Safari/537.36"
24.19.171.81 - - [06/Jan/2018:14:44:15 -0500] "GET /css/helper.css HTTP/1.0" 404 575 "http://scimorestest.com/news.php" "Mozilla/5.0 (Macintosh; Intel Mac OS X 10_13_2) AppleWebKit/537.36 (KHTML, like Gecko) Chrome/63.0.3239.84 Safari/537.36"
24.19.171.81 - - [06/Jan/2018:14:45:36 -0500] "GET /images/bullat.png HTTP/1.0" 404 575 "http://scimorestest.com/css/template_sci.css" "Mozilla/5.0 (Macintosh; Intel Mac OS X 10_13_2) AppleWebKit/537.36 (KHTML, like Gecko) Chrome/63.0.3239.84 Safari/537.36"
24.19.171.81 - - [06/Jan/2018:14:45:37 -0500] "GET /news.php HTTP/1.0" 200 15491 "http://scimorestest.com/" "Mozilla/5.0 (Macintosh; Intel Mac OS X 10_13_2) AppleWebKit/537.36 (KHTML, like Gecko) Chrome/63.0.3239.84 Safari/537.36"
24.19.171.81 - - [06/Jan/2018:14:44:16 -0500] "GET /css/helper.css HTTP/1.0" 404 575 "http://scimorestest.com/news.php" "Mozilla/5.0 (Macintosh; Intel Mac OS X 10_13_2) AppleWebKit/537.36 (KHTML, like Gecko) Chrome/63.0.3239.84 Safari/537.36"
24.19.171.81 - - [06/Jan/2018:14:45:38 -0500] "GET /images/bullat.png HTTP/1.0" 404 575 "http://scimorestest.com/css/template_sci.css" "Mozilla/5.0 (Macintosh; Intel Mac OS X 10_13_2) AppleWebKit/537.36 (KHTML, like Gecko) Chrome/63.0.3239.84 Safari/537.36"
24.19.171.81 - - [06/Jan/2018:14:45:40 -0500] "GET /news.php HTTP/1.0" 200 15491 "http://scimorestest.com/" "Mozilla/5.0 (Macintosh; Intel Mac OS X 10_13_2) AppleWebKit/537.36 (KHTML, like Gecko) Chrome/63.0.3239.84 Safari/537.36"
24.19.171.81 - - [06/Jan/2018:14:45:40 -0500] "GET /css/helper.css HTTP/1.0" 404 575 "http://scimorestest.com/news.php" "Mozilla/5.0 (Macintosh; Intel Mac OS X 10_13_2) AppleWebKit/537.36 (KHTML, like Gecko) Chrome/63.0.3239.84 Safari/537.36"
24.19.171.81 - - [06/Jan/2018:14:45:40 -0500] "GET /images/bullat.png HTTP/1.0" 404 575 "http://scimorestest.com/css/template_sci.css" "Mozilla/5.0 (Macintosh; Intel Mac OS X 10_13_2) AppleWebKit/537.36 (KHTML, like Gecko) Chrome/63.0.3239.84 Safari/537.36"
24.19.171.81 - - [06/Jan/2018:14:44:55 -0500] "POST /fileman/fileman.cgi HTTP/1.0" 200 19744 "https://0412e8e.netsolhost.com/fileman/fileman.cgi?a=ZTt11YgiEdUHJt6CU12sQfDgIla29LUMXKqh6jUlb%2FkQ1WQkESOuKnkHIU3ZeZN0cTIA5BjkCXLQ1Txh0jfHiNxGMMPpkkrbOBoXmx7f6hvzg3EGPeXQPKdqFauwjS2kqI80gLMC9JQYoVw4oqiBjc76p40hbZsinITDJ1NJq4c%3D" "Mozilla/5.0 (Macintosh; Intel Mac OS X 10_13_2) AppleWebKit/537.36 (KHTML, like Gecko) Chrome/63.0.3239.84 Safari/537.36"
166.137.244.127 - - [06/Jan/2018:14:47:55 -0500] "GET /news.php HTTP/1.0" 200 15491 "-" "Mozilla/5.0 (Macintosh; Intel Mac OS X 10_10_5) AppleWebKit/603.2.5 (KHTML, like Gecko) Version/10.1.1 Safari/603.2.5"
24.19.171.81 - - [06/Jan/2018:14:48:10 -0500] "POST /fileman/fileman.cgi HTTP/1.0" 200 72 "https://0412e8e.netsolhost.com/fileman/fileman.cgi?a=ZTt11YgiEdUHJt6CU12sQfDgIla29LUMXKqh6jUlb%2FkQ1WQkESOuKnkHIU3ZeZN0cTIA5BjkCXLQ1Txh0jfHiNxGMMPpkkrbOBoXmx7f6hvzg3EGPeXQPKdqFauwjS2kqI80gLMC9JQYoVw4oqiBjc76p40hbZsinITDJ1NJq4c%3D" "Mozilla/5.0 (Macintosh; Intel Mac OS X 10_13_2) AppleWebKit/537.36 (KHTML, like Gecko) Chrome/63.0.3239.84 Safari/537.36"
24.19.171.81 - - [06/Jan/2018:14:48:11 -0500] "POST /fileman/fileman.cgi HTTP/1.0" 200 21579 "https://0412e8e.netsolhost.com/fileman/fileman.cgi?a=ZTt11YgiEdUHJt6CU12sQfDgIla29LUMXKqh6jUlb%2FkQ1WQkESOuKnkHIU3ZeZN0cTIA5BjkCXLQ1Txh0jfHiNxGMMPpkkrbOBoXmx7f6hvzg3EGPeXQPKdqFauwjS2kqI80gLMC9JQYoVw4oqiBjc76p40hbZsinITDJ1NJq4c%3D" "Mozilla/5.0 (Macintosh; Intel Mac OS X 10_13_2) AppleWebKit/537.36 (KHTML, like Gecko) Chrome/63.0.3239.84 Safari/537.36"
24.19.171.81 - - [06/Jan/2018:14:47:04 -0500] "GET /news.php HTTP/1.0" 200 15491 "http://scimorestest.com/" "Mozilla/5.0 (Macintosh; Intel Mac OS X 10_13_2) AppleWebKit/537.36 (KHTML, like Gecko) Chrome/63.0.3239.84 Safari/537.36"
24.19.171.81 - - [06/Jan/2018:14:47:04 -0500] "GET /css/helper.css HTTP/1.0" 404 575 "http://scimorestest.com/news.php" "Mozilla/5.0 (Macintosh; Intel Mac OS X 10_13_2) AppleWebKit/537.36 (KHTML, like Gecko) Chrome/63.0.3239.84 Safari/537.36"
24.19.171.81 - - [06/Jan/2018:14:48:25 -0500] "GET /images/bullat.png HTTP/1.0" 404 575 "http://scimorestest.com/css/template_sci.css" "Mozilla/5.0 (Macintosh; Intel Mac OS X 10_13_2) AppleWebKit/537.36 (KHTML, like Gecko) Chrome/63.0.3239.84 Safari/537.36"
166.137.244.127 - - [06/Jan/2018:14:53:41 -0500] "GET /news.php HTTP/1.0" 200 15491 "-" "Mozilla/5.0 (Macintosh; Intel Mac OS X 10_10_5) AppleWebKit/603.2.5 (KHTML, like Gecko) Version/10.1.1 Safari/603.2.5"
166.137.244.127 - - [06/Jan/2018:14:54:09 -0500] "GET /contact.php HTTP/1.0" 200 6524 "http://www.scimorestest.com/news.php" "Mozilla/5.0 (Macintosh; Intel Mac OS X 10_10_5) AppleWebKit/603.2.5 (KHTML, like Gecko) Version/10.1.1 Safari/603.2.5"
166.137.244.127 - - [06/Jan/2018:14:54:10 -0500] "GET /news.php HTTP/1.0" 200 15491 "http://www.scimorestest.com/contact.php" "Mozilla/5.0 (Macintosh; Intel Mac OS X 10_10_5) AppleWebKit/603.2.5 (KHTML, like Gecko) Version/10.1.1 Safari/603.2.5"
166.137.244.127 - - [06/Jan/2018:14:54:12 -0500] "GET /education.php HTTP/1.0" 200 9831 "http://www.scimorestest.com/news.php" "Mozilla/5.0 (Macintosh; Intel Mac OS X 10_10_5) AppleWebKit/603.2.5 (KHTML, like Gecko) Version/10.1.1 Safari/603.2.5"
166.137.244.127 - - [06/Jan/2018:14:54:16 -0500] "GET /academy.php HTTP/1.0" 200 10298 "http://www.scimorestest.com/education.php" "Mozilla/5.0 (Macintosh; Intel Mac OS X 10_10_5) AppleWebKit/603.2.5 (KHTML, like Gecko) Version/10.1.1 Safari/603.2.5"
24.19.171.81 - - [06/Jan/2018:15:03:09 -0500] "POST /fileman/fileman.cgi HTTP/1.0" 200 19744 "https://0412e8e.netsolhost.com/fileman/fileman.cgi?a=ZTt11YgiEdUHJt6CU12sQfDgIla29LUMXKqh6jUlb%2FkQ1WQkESOuKnkHIU3ZeZN0cTIA5BjkCXLQ1Txh0jfHiNxGMMPpkkrbOBoXmx7f6hvzg3EGPeXQPKdqFauwjS2kqI80gLMC9JQYoVw4oqiBjc76p40hbZsinITDJ1NJq4c%3D" "Mozilla/5.0 (Macintosh; Intel Mac OS X 10_13_2) AppleWebKit/537.36 (KHTML, like Gecko) Chrome/63.0.3239.84 Safari/537.36"
24.19.171.81 - - [06/Jan/2018:15:03:15 -0500] "POST /fileman/fileman.cgi HTTP/1.0" 200 72 "https://0412e8e.netsolhost.com/fileman/fileman.cgi?a=ZTt11YgiEdUHJt6CU12sQfDgIla29LUMXKqh6jUlb%2FkQ1WQkESOuKnkHIU3ZeZN0cTIA5BjkCXLQ1Txh0jfHiNxGMMPpkkrbOBoXmx7f6hvzg3EGPeXQPKdqFauwjS2kqI80gLMC9JQYoVw4oqiBjc76p40hbZsinITDJ1NJq4c%3D" "Mozilla/5.0 (Macintosh; Intel Mac OS X 10_13_2) AppleWebKit/537.36 (KHTML, like Gecko) Chrome/63.0.3239.84 Safari/537.36"
24.19.171.81 - - [06/Jan/2018:15:01:55 -0500] "POST /fileman/fileman.cgi HTTP/1.0" 200 21579 "https://0412e8e.netsolhost.com/fileman/fileman.cgi?a=ZTt11YgiEdUHJt6CU12sQfDgIla29LUMXKqh6jUlb%2FkQ1WQkESOuKnkHIU3ZeZN0cTIA5BjkCXLQ1Txh0jfHiNxGMMPpkkrbOBoXmx7f6hvzg3EGPeXQPKdqFauwjS2kqI80gLMC9JQYoVw4oqiBjc76p40hbZsinITDJ1NJq4c%3D" "Mozilla/5.0 (Macintosh; Intel Mac OS X 10_13_2) AppleWebKit/537.36 (KHTML, like Gecko) Chrome/63.0.3239.84 Safari/537.36"
24.19.171.81 - - [06/Jan/2018:15:01:59 -0500] "GET /news.php HTTP/1.0" 200 15585 "http://scimorestest.com/" "Mozilla/5.0 (Macintosh; Intel Mac OS X 10_13_2) AppleWebKit/537.36 (KHTML, like Gecko) Chrome/63.0.3239.84 Safari/537.36"
24.19.171.81 - - [06/Jan/2018:15:03:20 -0500] "GET /css/helper.css HTTP/1.0" 404 575 "http://scimorestest.com/news.php" "Mozilla/5.0 (Macintosh; Intel Mac OS X 10_13_2) AppleWebKit/537.36 (KHTML, like Gecko) Chrome/63.0.3239.84 Safari/537.36"
24.19.171.81 - - [06/Jan/2018:15:03:20 -0500] "GET /images/bullat.png HTTP/1.0" 404 575 "http://scimorestest.com/css/template_sci.css" "Mozilla/5.0 (Macintosh; Intel Mac OS X 10_13_2) AppleWebKit/537.36 (KHTML, like Gecko) Chrome/63.0.3239.84 Safari/537.36"
24.19.171.81 - - [06/Jan/2018:15:03:21 -0500] "GET /news.php HTTP/1.0" 200 15585 "http://scimorestest.com/" "Mozilla/5.0 (Macintosh; Intel Mac OS X 10_13_2) AppleWebKit/537.36 (KHTML, like Gecko) Chrome/63.0.3239.84 Safari/537.36"
24.19.171.81 - - [06/Jan/2018:15:03:21 -0500] "GET /css/helper.css HTTP/1.0" 404 575 "http://scimorestest.com/news.php" "Mozilla/5.0 (Macintosh; Intel Mac OS X 10_13_2) AppleWebKit/537.36 (KHTML, like Gecko) Chrome/63.0.3239.84 Safari/537.36"
24.19.171.81 - - [06/Jan/2018:15:02:01 -0500] "GET /images/bullat.png HTTP/1.0" 404 575 "http://scimorestest.com/css/template_sci.css" "Mozilla/5.0 (Macintosh; Intel Mac OS X 10_13_2) AppleWebKit/537.36 (KHTML, like Gecko) Chrome/63.0.3239.84 Safari/537.36"
24.19.171.81 - - [06/Jan/2018:15:02:02 -0500] "GET /news.php HTTP/1.0" 200 15585 "http://scimorestest.com/" "Mozilla/5.0 (Macintosh; Intel Mac OS X 10_13_2) AppleWebKit/537.36 (KHTML, like Gecko) Chrome/63.0.3239.84 Safari/537.36"
24.19.171.81 - - [06/Jan/2018:15:02:02 -0500] "GET /css/helper.css HTTP/1.0" 404 575 "http://scimorestest.com/news.php" "Mozilla/5.0 (Macintosh; Intel Mac OS X 10_13_2) AppleWebKit/537.36 (KHTML, like Gecko) Chrome/63.0.3239.84 Safari/537.36"
24.19.171.81 - - [06/Jan/2018:15:03:23 -0500] "GET /images/bullat.png HTTP/1.0" 404 575 "http://scimorestest.com/css/template_sci.css" "Mozilla/5.0 (Macintosh; Intel Mac OS X 10_13_2) AppleWebKit/537.36 (KHTML, like Gecko) Chrome/63.0.3239.84 Safari/537.36"
24.19.171.81 - - [06/Jan/2018:15:03:42 -0500] "GET /css/helper.css HTTP/1.0" 404 575 "http://scimorestest.com/news.php" "Mozilla/5.0 (Macintosh; Intel Mac OS X 10_13_2) AppleWebKit/537.36 (KHTML, like Gecko) Chrome/63.0.3239.84 Safari/537.36"
24.19.171.81 - - [06/Jan/2018:15:03:23 -0500] "POST /fileman/fileman.cgi HTTP/1.0" 200 19880 "https://0412e8e.netsolhost.com/fileman/fileman.cgi?a=ZTt11YgiEdUHJt6CU12sQfDgIla29LUMXKqh6jUlb%2FkQ1WQkESOuKnkHIU3ZeZN0cTIA5BjkCXLQ1Txh0jfHiNxGMMPpkkrbOBoXmx7f6hvzg3EGPeXQPKdqFauwjS2kqI80gLMC9JQYoVw4oqiBjc76p40hbZsinITDJ1NJq4c%3D" "Mozilla/5.0 (Macintosh; Intel Mac OS X 10_13_2) AppleWebKit/537.36 (KHTML, like Gecko) Chrome/63.0.3239.84 Safari/537.36"
24.19.171.81 - - [06/Jan/2018:15:03:34 -0500] "POST /fileman/fileman.cgi HTTP/1.0" 200 72 "https://0412e8e.netsolhost.com/fileman/fileman.cgi?a=ZTt11YgiEdUHJt6CU12sQfDgIla29LUMXKqh6jUlb%2FkQ1WQkESOuKnkHIU3ZeZN0cTIA5BjkCXLQ1Txh0jfHiNxGMMPpkkrbOBoXmx7f6hvzg3EGPeXQPKdqFauwjS2kqI80gLMC9JQYoVw4oqiBjc76p40hbZsinITDJ1NJq4c%3D" "Mozilla/5.0 (Macintosh; Intel Mac OS X 10_13_2) AppleWebKit/537.36 (KHTML, like Gecko) Chrome/63.0.3239.84 Safari/537.36"
24.19.171.81 - - [06/Jan/2018:15:04:57 -0500] "POST /fileman/fileman.cgi HTTP/1.0" 200 21579 "https://0412e8e.netsolhost.com/fileman/fileman.cgi?a=ZTt11YgiEdUHJt6CU12sQfDgIla29LUMXKqh6jUlb%2FkQ1WQkESOuKnkHIU3ZeZN0cTIA5BjkCXLQ1Txh0jfHiNxGMMPpkkrbOBoXmx7f6hvzg3EGPeXQPKdqFauwjS2kqI80gLMC9JQYoVw4oqiBjc76p40hbZsinITDJ1NJq4c%3D" "Mozilla/5.0 (Macintosh; Intel Mac OS X 10_13_2) AppleWebKit/537.36 (KHTML, like Gecko) Chrome/63.0.3239.84 Safari/537.36"
24.19.171.81 - - [06/Jan/2018:15:05:02 -0500] "GET /index1.php HTTP/1.0" 200 15645 "http://scimorestest.com/news.php" "Mozilla/5.0 (Macintosh; Intel Mac OS X 10_13_2) AppleWebKit/537.36 (KHTML, like Gecko) Chrome/63.0.3239.84 Safari/537.36"
24.19.171.81 - - [06/Jan/2018:15:05:02 -0500] "GET /css/helper.css HTTP/1.0" 404 575 "http://scimorestest.com/index1.php" "Mozilla/5.0 (Macintosh; Intel Mac OS X 10_13_2) AppleWebKit/537.36 (KHTML, like Gecko) Chrome/63.0.3239.84 Safari/537.36"
24.19.171.81 - - [06/Jan/2018:15:05:03 -0500] "GET /images/bullat.png HTTP/1.0" 404 575 "http://scimorestest.com/css/template_sci.css" "Mozilla/5.0 (Macintosh; Intel Mac OS X 10_13_2) AppleWebKit/537.36 (KHTML, like Gecko) Chrome/63.0.3239.84 Safari/537.36"
24.19.171.81 - - [06/Jan/2018:15:03:42 -0500] "GET /news.php HTTP/1.0" 200 15585 "http://scimorestest.com/index1.php" "Mozilla/5.0 (Macintosh; Intel Mac OS X 10_13_2) AppleWebKit/537.36 (KHTML, like Gecko) Chrome/63.0.3239.84 Safari/537.36"
24.19.171.81 - - [06/Jan/2018:15:05:04 -0500] "GET /css/helper.css HTTP/1.0" 404 575 "http://scimorestest.com/news.php" "Mozilla/5.0 (Macintosh; Intel Mac OS X 10_13_2) AppleWebKit/537.36 (KHTML, like Gecko) Chrome/63.0.3239.84 Safari/537.36"
24.19.171.81 - - [06/Jan/2018:15:05:04 -0500] "GET /images/bullat.png HTTP/1.0" 404 575 "http://scimorestest.com/css/template_sci.css" "Mozilla/5.0 (Macintosh; Intel Mac OS X 10_13_2) AppleWebKit/537.36 (KHTML, like Gecko) Chrome/63.0.3239.84 Safari/537.36"
166.137.244.127 - - [06/Jan/2018:15:05:56 -0500] "GET /news.php HTTP/1.0" 200 15585 "http://www.scimorestest.com/academy.php" "Mozilla/5.0 (Macintosh; Intel Mac OS X 10_10_5) AppleWebKit/603.2.5 (KHTML, like Gecko) Version/10.1.1 Safari/603.2.5"
166.137.244.127 - - [06/Jan/2018:15:05:18 -0500] "GET /news.php HTTP/1.0" 200 15585 "http://www.scimorestest.com/news.php" "Mozilla/5.0 (Macintosh; Intel Mac OS X 10_10_5) AppleWebKit/603.2.5 (KHTML, like Gecko) Version/10.1.1 Safari/603.2.5"
166.137.244.127 - - [06/Jan/2018:15:06:45 -0500] "GET /contact.php HTTP/1.0" 200 6524 "http://www.scimorestest.com/news.php" "Mozilla/5.0 (Macintosh; Intel Mac OS X 10_10_5) AppleWebKit/603.2.5 (KHTML, like Gecko) Version/10.1.1 Safari/603.2.5"
24.19.171.81 - - [06/Jan/2018:15:06:47 -0500] "GET /index1.php HTTP/1.0" 200 15645 "http://scimorestest.com/news.php" "Mozilla/5.0 (Macintosh; Intel Mac OS X 10_13_2) AppleWebKit/537.36 (KHTML, like Gecko) Chrome/63.0.3239.84 Safari/537.36"
24.19.171.81 - - [06/Jan/2018:15:06:47 -0500] "GET /css/helper.css HTTP/1.0" 404 575 "http://scimorestest.com/index1.php" "Mozilla/5.0 (Macintosh; Intel Mac OS X 10_13_2) AppleWebKit/537.36 (KHTML, like Gecko) Chrome/63.0.3239.84 Safari/537.36"
24.19.171.81 - - [06/Jan/2018:15:06:47 -0500] "GET /images/bullat.png HTTP/1.0" 404 575 "http://scimorestest.com/css/template_sci.css" "Mozilla/5.0 (Macintosh; Intel Mac OS X 10_13_2) AppleWebKit/537.36 (KHTML, like Gecko) Chrome/63.0.3239.84 Safari/537.36"
24.19.171.81 - - [06/Jan/2018:15:05:31 -0500] "GET /contact.php HTTP/1.0" 200 6524 "http://scimorestest.com/index1.php" "Mozilla/5.0 (Macintosh; Intel Mac OS X 10_13_2) AppleWebKit/537.36 (KHTML, like Gecko) Chrome/63.0.3239.84 Safari/537.36"
24.19.171.81 - - [06/Jan/2018:15:05:32 -0500] "GET /css/helper.css HTTP/1.0" 404 575 "http://scimorestest.com/contact.php" "Mozilla/5.0 (Macintosh; Intel Mac OS X 10_13_2) AppleWebKit/537.36 (KHTML, like Gecko) Chrome/63.0.3239.84 Safari/537.36"
24.19.171.81 - - [06/Jan/2018:15:06:53 -0500] "GET /images/contact.jpg HTTP/1.0" 200 123260 "http://scimorestest.com/css/template_sci.css" "Mozilla/5.0 (Macintosh; Intel Mac OS X 10_13_2) AppleWebKit/537.36 (KHTML, like Gecko) Chrome/63.0.3239.84 Safari/537.36"
24.19.171.81 - - [06/Jan/2018:15:06:54 -0500] "GET /images/bullat.png HTTP/1.0" 404 575 "http://scimorestest.com/css/template_sci.css" "Mozilla/5.0 (Macintosh; Intel Mac OS X 10_13_2) AppleWebKit/537.36 (KHTML, like Gecko) Chrome/63.0.3239.84 Safari/537.36"
166.137.244.127 - - [06/Jan/2018:15:06:55 -0500] "GET /index1.php HTTP/1.0" 200 15645 "http://www.scimorestest.com/contact.php" "Mozilla/5.0 (Macintosh; Intel Mac OS X 10_10_5) AppleWebKit/603.2.5 (KHTML, like Gecko) Version/10.1.1 Safari/603.2.5"
24.19.171.81 - - [06/Jan/2018:15:06:56 -0500] "GET /index1.php HTTP/1.0" 200 15645 "http://scimorestest.com/contact.php" "Mozilla/5.0 (Macintosh; Intel Mac OS X 10_13_2) AppleWebKit/537.36 (KHTML, like Gecko) Chrome/63.0.3239.84 Safari/537.36"
24.19.171.81 - - [06/Jan/2018:15:06:57 -0500] "GET /css/helper.css HTTP/1.0" 404 575 "http://scimorestest.com/index1.php" "Mozilla/5.0 (Macintosh; Intel Mac OS X 10_13_2) AppleWebKit/537.36 (KHTML, like Gecko) Chrome/63.0.3239.84 Safari/537.36"
24.19.171.81 - - [06/Jan/2018:15:06:58 -0500] "GET /images/bullat.png HTTP/1.0" 404 575 "http://scimorestest.com/css/template_sci.css" "Mozilla/5.0 (Macintosh; Intel Mac OS X 10_13_2) AppleWebKit/537.36 (KHTML, like Gecko) Chrome/63.0.3239.84 Safari/537.36"
166.137.244.127 - - [06/Jan/2018:15:07:01 -0500] "GET /images/shutterstock_1.jpg HTTP/1.0" 304 - "http://www.scimorestest.com/index1.php" "Mozilla/5.0 (Macintosh; Intel Mac OS X 10_10_5) AppleWebKit/603.2.5 (KHTML, like Gecko) Version/10.1.1 Safari/603.2.5"
166.137.244.127 - - [06/Jan/2018:15:07:06 -0500] "GET /images/shutterstock.jpg HTTP/1.0" 304 - "http://www.scimorestest.com/index1.php" "Mozilla/5.0 (Macintosh; Intel Mac OS X 10_10_5) AppleWebKit/603.2.5 (KHTML, like Gecko) Version/10.1.1 Safari/603.2.5"
24.19.171.81 - - [06/Jan/2018:15:07:31 -0500] "GET /css/helper.css HTTP/1.0" 404 575 "http://scimorestest.com/recreat.php" "Mozilla/5.0 (Macintosh; Intel Mac OS X 10_13_2) AppleWebKit/537.36 (KHTML, like Gecko) Chrome/63.0.3239.84 Safari/537.36"
24.19.171.81 - - [06/Jan/2018:15:07:31 -0500] "GET /recreat.php HTTP/1.0" 200 6531 "http://scimorestest.com/index1.php" "Mozilla/5.0 (Macintosh; Intel Mac OS X 10_13_2) AppleWebKit/537.36 (KHTML, like Gecko) Chrome/63.0.3239.84 Safari/537.36"
24.19.171.81 - - [06/Jan/2018:15:07:31 -0500] "GET /images/recreat.jpg HTTP/1.0" 200 54696 "http://scimorestest.com/css/template_sci.css" "Mozilla/5.0 (Macintosh; Intel Mac OS X 10_13_2) AppleWebKit/537.36 (KHTML, like Gecko) Chrome/63.0.3239.84 Safari/537.36"
24.19.171.81 - - [06/Jan/2018:15:06:10 -0500] "GET /images/bullat.png HTTP/1.0" 404 575 "http://scimorestest.com/css/template_sci.css" "Mozilla/5.0 (Macintosh; Intel Mac OS X 10_13_2) AppleWebKit/537.36 (KHTML, like Gecko) Chrome/63.0.3239.84 Safari/537.36"
166.137.244.127 - - [06/Jan/2018:15:07:33 -0500] "GET /overview.php HTTP/1.0" 200 7252 "http://www.scimorestest.com/index1.php" "Mozilla/5.0 (Macintosh; Intel Mac OS X 10_10_5) AppleWebKit/603.2.5 (KHTML, like Gecko) Version/10.1.1 Safari/603.2.5"
24.19.171.81 - - [06/Jan/2018:15:07:33 -0500] "GET /architect.php HTTP/1.0" 200 6515 "http://scimorestest.com/recreat.php" "Mozilla/5.0 (Macintosh; Intel Mac OS X 10_13_2) AppleWebKit/537.36 (KHTML, like Gecko) Chrome/63.0.3239.84 Safari/537.36"
24.19.171.81 - - [06/Jan/2018:15:07:33 -0500] "GET /css/helper.css HTTP/1.0" 404 575 "http://scimorestest.com/architect.php" "Mozilla/5.0 (Macintosh; Intel Mac OS X 10_13_2) AppleWebKit/537.36 (KHTML, like Gecko) Chrome/63.0.3239.84 Safari/537.36"
24.19.171.81 - - [06/Jan/2018:15:07:34 -0500] "GET /images/architec.jpg HTTP/1.0" 200 54119 "http://scimorestest.com/css/template_sci.css" "Mozilla/5.0 (Macintosh; Intel Mac OS X 10_13_2) AppleWebKit/537.36 (KHTML, like Gecko) Chrome/63.0.3239.84 Safari/537.36"
24.19.171.81 - - [06/Jan/2018:15:06:12 -0500] "GET /images/bullat.png HTTP/1.0" 404 575 "http://scimorestest.com/css/template_sci.css" "Mozilla/5.0 (Macintosh; Intel Mac OS X 10_13_2) AppleWebKit/537.36 (KHTML, like Gecko) Chrome/63.0.3239.84 Safari/537.36"
24.19.171.81 - - [06/Jan/2018:15:07:36 -0500] "GET /overview.php HTTP/1.0" 200 7252 "http://scimorestest.com/architect.php" "Mozilla/5.0 (Macintosh; Intel Mac OS X 10_13_2) AppleWebKit/537.36 (KHTML, like Gecko) Chrome/63.0.3239.84 Safari/537.36"
24.19.171.81 - - [06/Jan/2018:15:07:36 -0500] "GET /css/helper.css HTTP/1.0" 404 575 "http://scimorestest.com/overview.php" "Mozilla/5.0 (Macintosh; Intel Mac OS X 10_13_2) AppleWebKit/537.36 (KHTML, like Gecko) Chrome/63.0.3239.84 Safari/537.36"
24.19.171.81 - - [06/Jan/2018:15:07:36 -0500] "GET /images/bullat.png HTTP/1.0" 404 575 "http://scimorestest.com/css/template_sci.css" "Mozilla/5.0 (Macintosh; Intel Mac OS X 10_13_2) AppleWebKit/537.36 (KHTML, like Gecko) Chrome/63.0.3239.84 Safari/537.36"
24.19.171.81 - - [06/Jan/2018:15:06:15 -0500] "GET /images/company.jpg HTTP/1.0" 200 273572 "http://scimorestest.com/css/template_sci.css" "Mozilla/5.0 (Macintosh; Intel Mac OS X 10_13_2) AppleWebKit/537.36 (KHTML, like Gecko) Chrome/63.0.3239.84 Safari/537.36"
24.19.171.81 - - [06/Jan/2018:15:07:39 -0500] "GET /overview.php HTTP/1.0" 200 7252 "http://scimorestest.com/overview.php" "Mozilla/5.0 (Macintosh; Intel Mac OS X 10_13_2) AppleWebKit/537.36 (KHTML, like Gecko) Chrome/63.0.3239.84 Safari/537.36"
24.19.171.81 - - [06/Jan/2018:15:06:17 -0500] "GET /css/helper.css HTTP/1.0" 404 575 "http://scimorestest.com/overview.php" "Mozilla/5.0 (Macintosh; Intel Mac OS X 10_13_2) AppleWebKit/537.36 (KHTML, like Gecko) Chrome/63.0.3239.84 Safari/537.36"
24.19.171.81 - - [06/Jan/2018:15:07:39 -0500] "GET /images/bullat.png HTTP/1.0" 404 575 "http://scimorestest.com/css/template_sci.css" "Mozilla/5.0 (Macintosh; Intel Mac OS X 10_13_2) AppleWebKit/537.36 (KHTML, like Gecko) Chrome/63.0.3239.84 Safari/537.36"
24.19.171.81 - - [06/Jan/2018:15:07:42 -0500] "GET /architect.php HTTP/1.0" 200 6515 "http://scimorestest.com/overview.php" "Mozilla/5.0 (Macintosh; Intel Mac OS X 10_13_2) AppleWebKit/537.36 (KHTML, like Gecko) Chrome/63.0.3239.84 Safari/537.36"
24.19.171.81 - - [06/Jan/2018:15:07:42 -0500] "GET /css/helper.css HTTP/1.0" 404 575 "http://scimorestest.com/architect.php" "Mozilla/5.0 (Macintosh; Intel Mac OS X 10_13_2) AppleWebKit/537.36 (KHTML, like Gecko) Chrome/63.0.3239.84 Safari/537.36"
24.19.171.81 - - [06/Jan/2018:15:07:43 -0500] "GET /images/bullat.png HTTP/1.0" 404 575 "http://scimorestest.com/css/template_sci.css" "Mozilla/5.0 (Macintosh; Intel Mac OS X 10_13_2) AppleWebKit/537.36 (KHTML, like Gecko) Chrome/63.0.3239.84 Safari/537.36"
24.19.171.81 - - [06/Jan/2018:15:07:45 -0500] "GET /recreat.php HTTP/1.0" 200 6531 "http://scimorestest.com/architect.php" "Mozilla/5.0 (Macintosh; Intel Mac OS X 10_13_2) AppleWebKit/537.36 (KHTML, like Gecko) Chrome/63.0.3239.84 Safari/537.36"
24.19.171.81 - - [06/Jan/2018:15:07:45 -0500] "GET /css/helper.css HTTP/1.0" 404 575 "http://scimorestest.com/recreat.php" "Mozilla/5.0 (Macintosh; Intel Mac OS X 10_13_2) AppleWebKit/537.36 (KHTML, like Gecko) Chrome/63.0.3239.84 Safari/537.36"
24.19.171.81 - - [06/Jan/2018:15:07:45 -0500] "GET /images/bullat.png HTTP/1.0" 404 575 "http://scimorestest.com/css/template_sci.css" "Mozilla/5.0 (Macintosh; Intel Mac OS X 10_13_2) AppleWebKit/537.36 (KHTML, like Gecko) Chrome/63.0.3239.84 Safari/537.36"
24.19.171.81 - - [06/Jan/2018:15:07:47 -0500] "GET /industry.php HTTP/1.0" 200 6879 "http://scimorestest.com/recreat.php" "Mozilla/5.0 (Macintosh; Intel Mac OS X 10_13_2) AppleWebKit/537.36 (KHTML, like Gecko) Chrome/63.0.3239.84 Safari/537.36"
24.19.171.81 - - [06/Jan/2018:15:07:47 -0500] "GET /images/goldlip_thumb.jpg HTTP/1.0" 200 16895 "http://scimorestest.com/industry.php" "Mozilla/5.0 (Macintosh; Intel Mac OS X 10_13_2) AppleWebKit/537.36 (KHTML, like Gecko) Chrome/63.0.3239.84 Safari/537.36"
24.19.171.81 - - [06/Jan/2018:15:07:47 -0500] "GET /css/helper.css HTTP/1.0" 404 575 "http://scimorestest.com/industry.php" "Mozilla/5.0 (Macintosh; Intel Mac OS X 10_13_2) AppleWebKit/537.36 (KHTML, like Gecko) Chrome/63.0.3239.84 Safari/537.36"
24.19.171.81 - - [06/Jan/2018:15:07:47 -0500] "GET /images/fashion_img.jpg HTTP/1.0" 200 126724 "http://scimorestest.com/css/template_sci.css" "Mozilla/5.0 (Macintosh; Intel Mac OS X 10_13_2) AppleWebKit/537.36 (KHTML, like Gecko) Chrome/63.0.3239.84 Safari/537.36"
24.19.171.81 - - [06/Jan/2018:15:07:47 -0500] "GET /images/bullat.png HTTP/1.0" 404 575 "http://scimorestest.com/css/template_sci.css" "Mozilla/5.0 (Macintosh; Intel Mac OS X 10_13_2) AppleWebKit/537.36 (KHTML, like Gecko) Chrome/63.0.3239.84 Safari/537.36"
24.19.171.81 - - [06/Jan/2018:15:07:47 -0500] "GET /images/gl_button.jpg HTTP/1.0" 200 1732 "http://scimorestest.com/css/template_sci.css" "Mozilla/5.0 (Macintosh; Intel Mac OS X 10_13_2) AppleWebKit/537.36 (KHTML, like Gecko) Chrome/63.0.3239.84 Safari/537.36"
24.19.171.81 - - [06/Jan/2018:15:07:49 -0500] "GET /education.php HTTP/1.0" 200 9831 "http://scimorestest.com/industry.php" "Mozilla/5.0 (Macintosh; Intel Mac OS X 10_13_2) AppleWebKit/537.36 (KHTML, like Gecko) Chrome/63.0.3239.84 Safari/537.36"
24.19.171.81 - - [06/Jan/2018:15:06:27 -0500] "GET /css/carousel.css HTTP/1.0" 200 2085 "http://scimorestest.com/education.php" "Mozilla/5.0 (Macintosh; Intel Mac OS X 10_13_2) AppleWebKit/537.36 (KHTML, like Gecko) Chrome/63.0.3239.84 Safari/537.36"
24.19.171.81 - - [06/Jan/2018:15:06:27 -0500] "GET /js/carousel.min.js HTTP/1.0" 200 65267 "http://scimorestest.com/education.php" "Mozilla/5.0 (Macintosh; Intel Mac OS X 10_13_2) AppleWebKit/537.36 (KHTML, like Gecko) Chrome/63.0.3239.84 Safari/537.36"
24.19.171.81 - - [06/Jan/2018:15:07:49 -0500] "GET /css/helper.css HTTP/1.0" 404 575 "http://scimorestest.com/education.php" "Mozilla/5.0 (Macintosh; Intel Mac OS X 10_13_2) AppleWebKit/537.36 (KHTML, like Gecko) Chrome/63.0.3239.84 Safari/537.36"
24.19.171.81 - - [06/Jan/2018:15:06:27 -0500] "GET /images/intl_thumb.jpg HTTP/1.0" 200 14681 "http://scimorestest.com/education.php" "Mozilla/5.0 (Macintosh; Intel Mac OS X 10_13_2) AppleWebKit/537.36 (KHTML, like Gecko) Chrome/63.0.3239.84 Safari/537.36"
24.19.171.81 - - [06/Jan/2018:15:07:49 -0500] "GET /images/bullat.png HTTP/1.0" 404 575 "http://scimorestest.com/css/template_sci.css" "Mozilla/5.0 (Macintosh; Intel Mac OS X 10_13_2) AppleWebKit/537.36 (KHTML, like Gecko) Chrome/63.0.3239.84 Safari/537.36"
24.19.171.81 - - [06/Jan/2018:15:07:49 -0500] "GET /images/school.jpg HTTP/1.0" 200 241524 "http://scimorestest.com/css/template_sci.css" "Mozilla/5.0 (Macintosh; Intel Mac OS X 10_13_2) AppleWebKit/537.36 (KHTML, like Gecko) Chrome/63.0.3239.84 Safari/537.36"
166.137.244.127 - - [06/Jan/2018:15:07:52 -0500] "GET /architect.php HTTP/1.0" 200 6515 "http://www.scimorestest.com/overview.php" "Mozilla/5.0 (Macintosh; Intel Mac OS X 10_10_5) AppleWebKit/603.2.5 (KHTML, like Gecko) Version/10.1.1 Safari/603.2.5"
24.19.171.81 - - [06/Jan/2018:15:07:53 -0500] "GET /architect.php HTTP/1.0" 200 6515 "http://scimorestest.com/education.php" "Mozilla/5.0 (Macintosh; Intel Mac OS X 10_13_2) AppleWebKit/537.36 (KHTML, like Gecko) Chrome/63.0.3239.84 Safari/537.36"
24.19.171.81 - - [06/Jan/2018:15:06:28 -0500] "GET /images/current-profiles/14.png HTTP/1.0" 200 3872702 "http://scimorestest.com/education.php" "Mozilla/5.0 (Macintosh; Intel Mac OS X 10_13_2) AppleWebKit/537.36 (KHTML, like Gecko) Chrome/63.0.3239.84 Safari/537.36"
24.19.171.81 - - [06/Jan/2018:15:07:53 -0500] "GET /css/helper.css HTTP/1.0" 404 575 "http://scimorestest.com/architect.php" "Mozilla/5.0 (Macintosh; Intel Mac OS X 10_13_2) AppleWebKit/537.36 (KHTML, like Gecko) Chrome/63.0.3239.84 Safari/537.36"
24.19.171.81 - - [06/Jan/2018:15:07:53 -0500] "GET /images/bullat.png HTTP/1.0" 404 575 "http://scimorestest.com/css/template_sci.css" "Mozilla/5.0 (Macintosh; Intel Mac OS X 10_13_2) AppleWebKit/537.36 (KHTML, like Gecko) Chrome/63.0.3239.84 Safari/537.36"
166.137.244.127 - - [06/Jan/2018:15:06:41 -0500] "GET /recreat.php HTTP/1.0" 200 6531 "http://www.scimorestest.com/architect.php" "Mozilla/5.0 (Macintosh; Intel Mac OS X 10_10_5) AppleWebKit/603.2.5 (KHTML, like Gecko) Version/10.1.1 Safari/603.2.5"
166.137.244.127 - - [06/Jan/2018:15:08:02 -0500] "GET /images/recreat.jpg HTTP/1.0" 304 - "http://www.scimorestest.com/recreat.php" "Mozilla/5.0 (Macintosh; Intel Mac OS X 10_10_5) AppleWebKit/603.2.5 (KHTML, like Gecko) Version/10.1.1 Safari/603.2.5"
24.19.171.81 - - [06/Jan/2018:15:06:41 -0500] "GET /recreat.php HTTP/1.0" 200 6531 "http://scimorestest.com/architect.php" "Mozilla/5.0 (Macintosh; Intel Mac OS X 10_13_2) AppleWebKit/537.36 (KHTML, like Gecko) Chrome/63.0.3239.84 Safari/537.36"
24.19.171.81 - - [06/Jan/2018:15:08:03 -0500] "GET /css/helper.css HTTP/1.0" 404 575 "http://scimorestest.com/recreat.php" "Mozilla/5.0 (Macintosh; Intel Mac OS X 10_13_2) AppleWebKit/537.36 (KHTML, like Gecko) Chrome/63.0.3239.84 Safari/537.36"
24.19.171.81 - - [06/Jan/2018:15:08:03 -0500] "GET /images/bullat.png HTTP/1.0" 404 575 "http://scimorestest.com/css/template_sci.css" "Mozilla/5.0 (Macintosh; Intel Mac OS X 10_13_2) AppleWebKit/537.36 (KHTML, like Gecko) Chrome/63.0.3239.84 Safari/537.36"
24.19.171.81 - - [06/Jan/2018:15:08:07 -0500] "GET /industry.php HTTP/1.0" 200 6879 "http://scimorestest.com/recreat.php" "Mozilla/5.0 (Macintosh; Intel Mac OS X 10_13_2) AppleWebKit/537.36 (KHTML, like Gecko) Chrome/63.0.3239.84 Safari/537.36"
24.19.171.81 - - [06/Jan/2018:15:08:08 -0500] "GET /css/helper.css HTTP/1.0" 404 575 "http://scimorestest.com/industry.php" "Mozilla/5.0 (Macintosh; Intel Mac OS X 10_13_2) AppleWebKit/537.36 (KHTML, like Gecko) Chrome/63.0.3239.84 Safari/537.36"
24.19.171.81 - - [06/Jan/2018:15:08:08 -0500] "GET /images/bullat.png HTTP/1.0" 404 575 "http://scimorestest.com/css/template_sci.css" "Mozilla/5.0 (Macintosh; Intel Mac OS X 10_13_2) AppleWebKit/537.36 (KHTML, like Gecko) Chrome/63.0.3239.84 Safari/537.36"
24.19.171.81 - - [06/Jan/2018:15:08:10 -0500] "GET /education.php HTTP/1.0" 200 9831 "http://scimorestest.com/industry.php" "Mozilla/5.0 (Macintosh; Intel Mac OS X 10_13_2) AppleWebKit/537.36 (KHTML, like Gecko) Chrome/63.0.3239.84 Safari/537.36"
24.19.171.81 - - [06/Jan/2018:15:08:10 -0500] "GET /images/current-profiles/14.png HTTP/1.0" 206 1 "http://scimorestest.com/education.php" "Mozilla/5.0 (Macintosh; Intel Mac OS X 10_13_2) AppleWebKit/537.36 (KHTML, like Gecko) Chrome/63.0.3239.84 Safari/537.36"
24.19.171.81 - - [06/Jan/2018:15:08:10 -0500] "GET /css/helper.css HTTP/1.0" 404 575 "http://scimorestest.com/education.php" "Mozilla/5.0 (Macintosh; Intel Mac OS X 10_13_2) AppleWebKit/537.36 (KHTML, like Gecko) Chrome/63.0.3239.84 Safari/537.36"
24.19.171.81 - - [06/Jan/2018:15:08:10 -0500] "GET /images/bullat.png HTTP/1.0" 404 575 "http://scimorestest.com/css/template_sci.css" "Mozilla/5.0 (Macintosh; Intel Mac OS X 10_13_2) AppleWebKit/537.36 (KHTML, like Gecko) Chrome/63.0.3239.84 Safari/537.36"
24.19.171.81 - - [06/Jan/2018:15:08:11 -0500] "GET /news.php HTTP/1.0" 200 15585 "http://scimorestest.com/education.php" "Mozilla/5.0 (Macintosh; Intel Mac OS X 10_13_2) AppleWebKit/537.36 (KHTML, like Gecko) Chrome/63.0.3239.84 Safari/537.36"
24.19.171.81 - - [06/Jan/2018:15:08:10 -0500] "GET /images/current-profiles/14.png HTTP/1.0" 206 2763977 "http://scimorestest.com/education.php" "Mozilla/5.0 (Macintosh; Intel Mac OS X 10_13_2) AppleWebKit/537.36 (KHTML, like Gecko) Chrome/63.0.3239.84 Safari/537.36"
